<?xml version="1.0" encoding="ISO-8859-1" ?>
<link_info>
   <banner>TI ARM Linker Unix v18.1.4.LTS</banner>
   <copyright>Copyright (c) 1996-2018 Texas Instruments Incorporated</copyright>
   <link_time>0x5d742cab</link_time>
   <link_errors>0x0</link_errors>
   <output_file>jumpy.out</output_file>
   <entry_point>
      <name>_c_int00_noargs</name>
      <address>0x639d</address>
   </entry_point>
   <input_file_list>
      <input_file id="fl-2">
         <path>./</path>
         <kind>object</kind>
         <file>comms.obj</file>
         <name>comms.obj</name>
      </input_file>
      <input_file id="fl-3">
         <path>./</path>
         <kind>object</kind>
         <file>control.obj</file>
         <name>control.obj</name>
      </input_file>
      <input_file id="fl-4">
         <path>./</path>
         <kind>object</kind>
         <file>encoder.obj</file>
         <name>encoder.obj</name>
      </input_file>
      <input_file id="fl-5">
         <path>./</path>
         <kind>object</kind>
         <file>helper_functions.obj</file>
         <name>helper_functions.obj</name>
      </input_file>
      <input_file id="fl-6">
         <path>./</path>
         <kind>object</kind>
         <file>initialization.obj</file>
         <name>initialization.obj</name>
      </input_file>
      <input_file id="fl-7">
         <path>./</path>
         <kind>object</kind>
         <file>main.obj</file>
         <name>main.obj</name>
      </input_file>
      <input_file id="fl-8">
         <path>./</path>
         <kind>object</kind>
         <file>sense.obj</file>
         <name>sense.obj</name>
      </input_file>
      <input_file id="fl-9">
         <path>./</path>
         <kind>object</kind>
         <file>startup_msp432p401r_ccs.obj</file>
         <name>startup_msp432p401r_ccs.obj</name>
      </input_file>
      <input_file id="fl-a">
         <path>./</path>
         <kind>object</kind>
         <file>system_msp432p401r.obj</file>
         <name>system_msp432p401r.obj</name>
      </input_file>
      <input_file id="fl-b">
         <path>./driverlib/MSP432P4xx/</path>
         <kind>object</kind>
         <file>adc14.obj</file>
         <name>adc14.obj</name>
      </input_file>
      <input_file id="fl-c">
         <path>./driverlib/MSP432P4xx/</path>
         <kind>object</kind>
         <file>aes256.obj</file>
         <name>aes256.obj</name>
      </input_file>
      <input_file id="fl-d">
         <path>./driverlib/MSP432P4xx/</path>
         <kind>object</kind>
         <file>comp_e.obj</file>
         <name>comp_e.obj</name>
      </input_file>
      <input_file id="fl-e">
         <path>./driverlib/MSP432P4xx/</path>
         <kind>object</kind>
         <file>cpu.obj</file>
         <name>cpu.obj</name>
      </input_file>
      <input_file id="fl-f">
         <path>./driverlib/MSP432P4xx/</path>
         <kind>object</kind>
         <file>crc32.obj</file>
         <name>crc32.obj</name>
      </input_file>
      <input_file id="fl-10">
         <path>./driverlib/MSP432P4xx/</path>
         <kind>object</kind>
         <file>cs.obj</file>
         <name>cs.obj</name>
      </input_file>
      <input_file id="fl-11">
         <path>./driverlib/MSP432P4xx/</path>
         <kind>object</kind>
         <file>dma.obj</file>
         <name>dma.obj</name>
      </input_file>
      <input_file id="fl-12">
         <path>./driverlib/MSP432P4xx/</path>
         <kind>object</kind>
         <file>flash.obj</file>
         <name>flash.obj</name>
      </input_file>
      <input_file id="fl-13">
         <path>./driverlib/MSP432P4xx/</path>
         <kind>object</kind>
         <file>fpu.obj</file>
         <name>fpu.obj</name>
      </input_file>
      <input_file id="fl-14">
         <path>./driverlib/MSP432P4xx/</path>
         <kind>object</kind>
         <file>gpio.obj</file>
         <name>gpio.obj</name>
      </input_file>
      <input_file id="fl-15">
         <path>./driverlib/MSP432P4xx/</path>
         <kind>object</kind>
         <file>i2c.obj</file>
         <name>i2c.obj</name>
      </input_file>
      <input_file id="fl-16">
         <path>./driverlib/MSP432P4xx/</path>
         <kind>object</kind>
         <file>interrupt.obj</file>
         <name>interrupt.obj</name>
      </input_file>
      <input_file id="fl-17">
         <path>./driverlib/MSP432P4xx/</path>
         <kind>object</kind>
         <file>mpu.obj</file>
         <name>mpu.obj</name>
      </input_file>
      <input_file id="fl-18">
         <path>./driverlib/MSP432P4xx/</path>
         <kind>object</kind>
         <file>pcm.obj</file>
         <name>pcm.obj</name>
      </input_file>
      <input_file id="fl-19">
         <path>./driverlib/MSP432P4xx/</path>
         <kind>object</kind>
         <file>pmap.obj</file>
         <name>pmap.obj</name>
      </input_file>
      <input_file id="fl-1a">
         <path>./driverlib/MSP432P4xx/</path>
         <kind>object</kind>
         <file>pss.obj</file>
         <name>pss.obj</name>
      </input_file>
      <input_file id="fl-1b">
         <path>./driverlib/MSP432P4xx/</path>
         <kind>object</kind>
         <file>ref_a.obj</file>
         <name>ref_a.obj</name>
      </input_file>
      <input_file id="fl-1c">
         <path>./driverlib/MSP432P4xx/</path>
         <kind>object</kind>
         <file>reset.obj</file>
         <name>reset.obj</name>
      </input_file>
      <input_file id="fl-1d">
         <path>./driverlib/MSP432P4xx/</path>
         <kind>object</kind>
         <file>rtc_c.obj</file>
         <name>rtc_c.obj</name>
      </input_file>
      <input_file id="fl-1e">
         <path>./driverlib/MSP432P4xx/</path>
         <kind>object</kind>
         <file>spi.obj</file>
         <name>spi.obj</name>
      </input_file>
      <input_file id="fl-1f">
         <path>./driverlib/MSP432P4xx/</path>
         <kind>object</kind>
         <file>sysctl.obj</file>
         <name>sysctl.obj</name>
      </input_file>
      <input_file id="fl-20">
         <path>./driverlib/MSP432P4xx/</path>
         <kind>object</kind>
         <file>systick.obj</file>
         <name>systick.obj</name>
      </input_file>
      <input_file id="fl-21">
         <path>./driverlib/MSP432P4xx/</path>
         <kind>object</kind>
         <file>timer32.obj</file>
         <name>timer32.obj</name>
      </input_file>
      <input_file id="fl-22">
         <path>./driverlib/MSP432P4xx/</path>
         <kind>object</kind>
         <file>timer_a.obj</file>
         <name>timer_a.obj</name>
      </input_file>
      <input_file id="fl-23">
         <path>./driverlib/MSP432P4xx/</path>
         <kind>object</kind>
         <file>uart.obj</file>
         <name>uart.obj</name>
      </input_file>
      <input_file id="fl-24">
         <path>./driverlib/MSP432P4xx/</path>
         <kind>object</kind>
         <file>wdt_a.obj</file>
         <name>wdt_a.obj</name>
      </input_file>
      <input_file id="fl-2c">
         <kind>object</kind>
         <file>&lt;internal&gt;</file>
         <name>&lt;internal&gt;</name>
      </input_file>
      <input_file id="fl-e2">
         <path>/home/lucas/ti/ccsv8/tools/compiler/ti-cgt-arm_18.1.4.LTS/lib/</path>
         <kind>archive</kind>
         <file>rtsv7M4_T_le_v4SPD16_eabi.lib</file>
         <name>new.cpp.obj</name>
      </input_file>
      <input_file id="fl-e3">
         <path>/home/lucas/ti/ccsv8/tools/compiler/ti-cgt-arm_18.1.4.LTS/lib/</path>
         <kind>archive</kind>
         <file>rtsv7M4_T_le_v4SPD16_eabi.lib</file>
         <name>dtor_list.c.obj</name>
      </input_file>
      <input_file id="fl-e4">
         <path>/home/lucas/ti/ccsv8/tools/compiler/ti-cgt-arm_18.1.4.LTS/lib/</path>
         <kind>archive</kind>
         <file>rtsv7M4_T_le_v4SPD16_eabi.lib</file>
         <name>guard.c.obj</name>
      </input_file>
      <input_file id="fl-e5">
         <path>/home/lucas/ti/ccsv8/tools/compiler/ti-cgt-arm_18.1.4.LTS/lib/</path>
         <kind>archive</kind>
         <file>rtsv7M4_T_le_v4SPD16_eabi.lib</file>
         <name>fd_div_t2.asm.obj</name>
      </input_file>
      <input_file id="fl-e6">
         <path>/home/lucas/ti/ccsv8/tools/compiler/ti-cgt-arm_18.1.4.LTS/lib/</path>
         <kind>archive</kind>
         <file>rtsv7M4_T_le_v4SPD16_eabi.lib</file>
         <name>fd_mul_t2.asm.obj</name>
      </input_file>
      <input_file id="fl-e7">
         <path>/home/lucas/ti/ccsv8/tools/compiler/ti-cgt-arm_18.1.4.LTS/lib/</path>
         <kind>archive</kind>
         <file>rtsv7M4_T_le_v4SPD16_eabi.lib</file>
         <name>fd_tos_t2.asm.obj</name>
      </input_file>
      <input_file id="fl-e8">
         <path>/home/lucas/ti/ccsv8/tools/compiler/ti-cgt-arm_18.1.4.LTS/lib/</path>
         <kind>archive</kind>
         <file>rtsv7M4_T_le_v4SPD16_eabi.lib</file>
         <name>fs_tod_t2.asm.obj</name>
      </input_file>
      <input_file id="fl-e9">
         <path>/home/lucas/ti/ccsv8/tools/compiler/ti-cgt-arm_18.1.4.LTS/lib/</path>
         <kind>archive</kind>
         <file>rtsv7M4_T_le_v4SPD16_eabi.lib</file>
         <name>memset_t2.asm.obj</name>
      </input_file>
      <input_file id="fl-ea">
         <path>/home/lucas/ti/ccsv8/tools/compiler/ti-cgt-arm_18.1.4.LTS/lib/</path>
         <kind>archive</kind>
         <file>rtsv7M4_T_le_v4SPD16_eabi.lib</file>
         <name>copy_zero_init.c.obj</name>
      </input_file>
      <input_file id="fl-eb">
         <path>/home/lucas/ti/ccsv8/tools/compiler/ti-cgt-arm_18.1.4.LTS/lib/</path>
         <kind>archive</kind>
         <file>rtsv7M4_T_le_v4SPD16_eabi.lib</file>
         <name>copy_decompress_none.c.obj</name>
      </input_file>
      <input_file id="fl-ec">
         <path>/home/lucas/ti/ccsv8/tools/compiler/ti-cgt-arm_18.1.4.LTS/lib/</path>
         <kind>archive</kind>
         <file>rtsv7M4_T_le_v4SPD16_eabi.lib</file>
         <name>copy_decompress_lzss.c.obj</name>
      </input_file>
      <input_file id="fl-ed">
         <path>/home/lucas/ti/ccsv8/tools/compiler/ti-cgt-arm_18.1.4.LTS/lib/</path>
         <kind>archive</kind>
         <file>rtsv7M4_T_le_v4SPD16_eabi.lib</file>
         <name>boot_cortex_m.c.obj</name>
      </input_file>
      <input_file id="fl-ee">
         <path>/home/lucas/ti/ccsv8/tools/compiler/ti-cgt-arm_18.1.4.LTS/lib/</path>
         <kind>archive</kind>
         <file>rtsv7M4_T_le_v4SPD16_eabi.lib</file>
         <name>exit.c.obj</name>
      </input_file>
      <input_file id="fl-ef">
         <path>/home/lucas/ti/ccsv8/tools/compiler/ti-cgt-arm_18.1.4.LTS/lib/</path>
         <kind>archive</kind>
         <file>rtsv7M4_T_le_v4SPD16_eabi.lib</file>
         <name>memory.c.obj</name>
      </input_file>
      <input_file id="fl-f0">
         <path>/home/lucas/ti/ccsv8/tools/compiler/ti-cgt-arm_18.1.4.LTS/lib/</path>
         <kind>archive</kind>
         <file>rtsv7M4_T_le_v4SPD16_eabi.lib</file>
         <name>_lock.c.obj</name>
      </input_file>
      <input_file id="fl-f1">
         <path>/home/lucas/ti/ccsv8/tools/compiler/ti-cgt-arm_18.1.4.LTS/lib/</path>
         <kind>archive</kind>
         <file>rtsv7M4_T_le_v4SPD16_eabi.lib</file>
         <name>args_main.c.obj</name>
      </input_file>
      <input_file id="fl-f2">
         <path>/home/lucas/ti/ccsv8/tools/compiler/ti-cgt-arm_18.1.4.LTS/lib/</path>
         <kind>archive</kind>
         <file>rtsv7M4_T_le_v4SPD16_eabi.lib</file>
         <name>atof.c.obj</name>
      </input_file>
      <input_file id="fl-f3">
         <path>/home/lucas/ti/ccsv8/tools/compiler/ti-cgt-arm_18.1.4.LTS/lib/</path>
         <kind>archive</kind>
         <file>rtsv7M4_T_le_v4SPD16_eabi.lib</file>
         <name>strtod.c.obj</name>
      </input_file>
      <input_file id="fl-f4">
         <path>/home/lucas/ti/ccsv8/tools/compiler/ti-cgt-arm_18.1.4.LTS/lib/</path>
         <kind>archive</kind>
         <file>rtsv7M4_T_le_v4SPD16_eabi.lib</file>
         <name>s_scalbn.c.obj</name>
      </input_file>
      <input_file id="fl-f5">
         <path>/home/lucas/ti/ccsv8/tools/compiler/ti-cgt-arm_18.1.4.LTS/lib/</path>
         <kind>archive</kind>
         <file>rtsv7M4_T_le_v4SPD16_eabi.lib</file>
         <name>fd_add_t2.asm.obj</name>
      </input_file>
      <input_file id="fl-f6">
         <path>/home/lucas/ti/ccsv8/tools/compiler/ti-cgt-arm_18.1.4.LTS/lib/</path>
         <kind>archive</kind>
         <file>rtsv7M4_T_le_v4SPD16_eabi.lib</file>
         <name>fd_cmp_t2.asm.obj</name>
      </input_file>
      <input_file id="fl-f7">
         <path>/home/lucas/ti/ccsv8/tools/compiler/ti-cgt-arm_18.1.4.LTS/lib/</path>
         <kind>archive</kind>
         <file>rtsv7M4_T_le_v4SPD16_eabi.lib</file>
         <name>memcpy_t2.asm.obj</name>
      </input_file>
      <input_file id="fl-f8">
         <path>/home/lucas/ti/ccsv8/tools/compiler/ti-cgt-arm_18.1.4.LTS/lib/</path>
         <kind>archive</kind>
         <file>rtsv7M4_T_le_v4SPD16_eabi.lib</file>
         <name>autoinit.c.obj</name>
      </input_file>
      <input_file id="fl-f9">
         <path>/home/lucas/ti/ccsv8/tools/compiler/ti-cgt-arm_18.1.4.LTS/lib/</path>
         <kind>archive</kind>
         <file>rtsv7M4_T_le_v4SPD16_eabi.lib</file>
         <name>pre_init.c.obj</name>
      </input_file>
      <input_file id="fl-fa">
         <path>/home/lucas/ti/ccsv8/tools/compiler/ti-cgt-arm_18.1.4.LTS/lib/</path>
         <kind>archive</kind>
         <file>rtsv7M4_T_le_v4SPD16_eabi.lib</file>
         <name>cpy_tbl.c.obj</name>
      </input_file>
      <input_file id="fl-fb">
         <path>/home/lucas/ti/ccsv8/tools/compiler/ti-cgt-arm_18.1.4.LTS/lib/</path>
         <kind>archive</kind>
         <file>rtsv7M4_T_le_v4SPD16_eabi.lib</file>
         <name>errno.c.obj</name>
      </input_file>
      <input_file id="fl-fc">
         <path>/home/lucas/ti/ccsv8/tools/compiler/ti-cgt-arm_18.1.4.LTS/lib/</path>
         <kind>archive</kind>
         <file>rtsv7M4_T_le_v4SPD16_eabi.lib</file>
         <name>ctype.c.obj</name>
      </input_file>
      <input_file id="fl-fd">
         <path>/home/lucas/ti/ccsv8/tools/compiler/ti-cgt-arm_18.1.4.LTS/lib/</path>
         <kind>archive</kind>
         <file>rtsv7M4_T_le_v4SPD16_eabi.lib</file>
         <name>s_copysign.c.obj</name>
      </input_file>
   </input_file_list>
   <object_component_list>
      <object_component id="oc-23">
         <name>.intvecs:retain</name>
         <load_address>0x0</load_address>
         <run_address>0x0</run_address>
         <size>0xe4</size>
         <input_file_ref idref="fl-9"/>
      </object_component>
      <object_component id="oc-427">
         <name>.text</name>
         <load_address>0xe4</load_address>
         <run_address>0xe4</run_address>
         <size>0x159c</size>
         <input_file_ref idref="fl-12"/>
      </object_component>
      <object_component id="oc-42d">
         <name>.text</name>
         <load_address>0x1680</load_address>
         <run_address>0x1680</run_address>
         <size>0xd7c</size>
         <input_file_ref idref="fl-10"/>
      </object_component>
      <object_component id="oc-d4">
         <name>.text</name>
         <load_address>0x23fc</load_address>
         <run_address>0x23fc</run_address>
         <size>0x8d4</size>
         <input_file_ref idref="fl-b"/>
      </object_component>
      <object_component id="oc-e0">
         <name>.text</name>
         <load_address>0x2cd0</load_address>
         <run_address>0x2cd0</run_address>
         <size>0x798</size>
         <input_file_ref idref="fl-22"/>
      </object_component>
      <object_component id="oc-13a">
         <name>.text</name>
         <load_address>0x3468</load_address>
         <run_address>0x3468</run_address>
         <size>0x480</size>
         <input_file_ref idref="fl-14"/>
      </object_component>
      <object_component id="oc-145">
         <name>.text</name>
         <load_address>0x38e8</load_address>
         <run_address>0x38e8</run_address>
         <size>0x41c</size>
         <input_file_ref idref="fl-23"/>
      </object_component>
      <object_component id="oc-6d">
         <name>.text</name>
         <load_address>0x3d04</load_address>
         <run_address>0x3d04</run_address>
         <size>0x400</size>
         <input_file_ref idref="fl-8"/>
      </object_component>
      <object_component id="oc-da">
         <name>.text</name>
         <load_address>0x4104</load_address>
         <run_address>0x4104</run_address>
         <size>0x3f0</size>
         <input_file_ref idref="fl-16"/>
      </object_component>
      <object_component id="oc-199">
         <name>.text</name>
         <load_address>0x44f4</load_address>
         <run_address>0x44f4</run_address>
         <size>0x368</size>
         <input_file_ref idref="fl-6"/>
      </object_component>
      <object_component id="oc-bb">
         <name>.text</name>
         <load_address>0x485c</load_address>
         <run_address>0x485c</run_address>
         <size>0x334</size>
         <input_file_ref idref="fl-a"/>
      </object_component>
      <object_component id="oc-79">
         <name>.text</name>
         <load_address>0x4b90</load_address>
         <run_address>0x4b90</run_address>
         <size>0x32c</size>
         <input_file_ref idref="fl-2"/>
      </object_component>
      <object_component id="oc-41e">
         <name>.text</name>
         <load_address>0x4ebc</load_address>
         <run_address>0x4ebc</run_address>
         <size>0x244</size>
         <input_file_ref idref="fl-1f"/>
      </object_component>
      <object_component id="oc-659">
         <name>.text:_ZNSt3__227__tree_balance_after_insertIPNS_16__tree_node_baseIPvEEEEvT_S5_</name>
         <load_address>0x5100</load_address>
         <run_address>0x5100</run_address>
         <size>0x13e</size>
         <input_file_ref idref="fl-8"/>
      </object_component>
      <object_component id="oc-f8">
         <name>.text</name>
         <load_address>0x523e</load_address>
         <run_address>0x523e</run_address>
         <size>0x136</size>
         <input_file_ref idref="fl-e5"/>
      </object_component>
      <object_component id="oc-73">
         <name>.text</name>
         <load_address>0x5374</load_address>
         <run_address>0x5374</run_address>
         <size>0x12c</size>
         <input_file_ref idref="fl-3"/>
      </object_component>
      <object_component id="oc-a9">
         <name>.text</name>
         <load_address>0x54a0</load_address>
         <run_address>0x54a0</run_address>
         <size>0x108</size>
         <input_file_ref idref="fl-7"/>
      </object_component>
      <object_component id="oc-f3">
         <name>.text</name>
         <load_address>0x55a8</load_address>
         <run_address>0x55a8</run_address>
         <size>0xfc</size>
         <input_file_ref idref="fl-e6"/>
      </object_component>
      <object_component id="oc-6c1">
         <name>.text:free</name>
         <load_address>0x56a4</load_address>
         <run_address>0x56a4</run_address>
         <size>0xd8</size>
         <input_file_ref idref="fl-ef"/>
      </object_component>
      <object_component id="oc-18d">
         <name>.text</name>
         <load_address>0x577c</load_address>
         <run_address>0x577c</run_address>
         <size>0xd8</size>
         <input_file_ref idref="fl-24"/>
      </object_component>
      <object_component id="oc-193">
         <name>.text</name>
         <load_address>0x5854</load_address>
         <run_address>0x5854</run_address>
         <size>0xc0</size>
         <input_file_ref idref="fl-13"/>
      </object_component>
      <object_component id="oc-4c6">
         <name>.text:_ZNSt3__26__treeINS_12__value_typeIi13sensor_structEENS_19__map_value_compareIiS3_NS_4lessIiEELb1EEENS_9allocatorIS3_EEE12__find_equalIiEERPNS_16__tree_node_baseIPvEERPNS_15__tree_end_nodeISF_EERKT_</name>
         <load_address>0x5914</load_address>
         <run_address>0x5914</run_address>
         <size>0xa8</size>
         <input_file_ref idref="fl-8"/>
      </object_component>
      <object_component id="oc-37">
         <name>.text</name>
         <load_address>0x59bc</load_address>
         <run_address>0x59bc</run_address>
         <size>0x9c</size>
         <input_file_ref idref="fl-f7"/>
      </object_component>
      <object_component id="oc-244">
         <name>.text:_ZNSt3__26__treeINS_12__value_typeIi13sensor_structEENS_19__map_value_compareIiS3_NS_4lessIiEELb1EEENS_9allocatorIS3_EEE25__emplace_unique_key_argsIiJRKNS_21piecewise_construct_tENS_5tupleIJOiEEENSF_IJEEEEEENS_4pairINS_15__tree_iteratorIS3_PNS_11__tree_nodeIS3_PvEEiEEbEERKT_DpOT0_</name>
         <load_address>0x5a58</load_address>
         <run_address>0x5a58</run_address>
         <size>0x92</size>
         <input_file_ref idref="fl-8"/>
      </object_component>
      <object_component id="oc-283">
         <name>.text:_ZNSt3__26__treeINS_12__value_typeIi13sensor_structEENS_19__map_value_compareIiS3_NS_4lessIiEELb1EEENS_9allocatorIS3_EEE25__emplace_unique_key_argsIiJRKNS_21piecewise_construct_tENS_5tupleIJRKiEEENSF_IJEEEEEENS_4pairINS_15__tree_iteratorIS3_PNS_11__tree_nodeIS3_PvEEiEEbEERKT_DpOT0_</name>
         <load_address>0x5aea</load_address>
         <run_address>0x5aea</run_address>
         <size>0x92</size>
         <input_file_ref idref="fl-8"/>
      </object_component>
      <object_component id="oc-4e2">
         <name>.text:_ZNSt3__26__treeINS_12__value_typeIi13sensor_structEENS_19__map_value_compareIiS3_NS_4lessIiEELb1EEENS_9allocatorIS3_EEE16__construct_nodeIJRKNS_21piecewise_construct_tENS_5tupleIJOiEEENSF_IJEEEEEENS_10unique_ptrINS_11__tree_nodeIS3_PvEENS_22__tree_node_destructorINS8_ISM_EEEEEEDpOT_</name>
         <load_address>0x5b7c</load_address>
         <run_address>0x5b7c</run_address>
         <size>0x82</size>
         <input_file_ref idref="fl-8"/>
      </object_component>
      <object_component id="oc-541">
         <name>.text:_ZNSt3__26__treeINS_12__value_typeIi13sensor_structEENS_19__map_value_compareIiS3_NS_4lessIiEELb1EEENS_9allocatorIS3_EEE16__construct_nodeIJRKNS_21piecewise_construct_tENS_5tupleIJRKiEEENSF_IJEEEEEENS_10unique_ptrINS_11__tree_nodeIS3_PvEENS_22__tree_node_destructorINS8_ISN_EEEEEEDpOT_</name>
         <load_address>0x5bfe</load_address>
         <run_address>0x5bfe</run_address>
         <size>0x82</size>
         <input_file_ref idref="fl-8"/>
      </object_component>
      <object_component id="oc-9d">
         <name>.text</name>
         <load_address>0x5c80</load_address>
         <run_address>0x5c80</run_address>
         <size>0x7a</size>
         <input_file_ref idref="fl-e9"/>
      </object_component>
      <object_component id="oc-46a">
         <name>.text:_nop</name>
         <load_address>0x5cfa</load_address>
         <run_address>0x5cfa</run_address>
         <size>0x2</size>
         <input_file_ref idref="fl-f0"/>
      </object_component>
      <object_component id="oc-45d">
         <name>.text:malloc</name>
         <load_address>0x5cfc</load_address>
         <run_address>0x5cfc</run_address>
         <size>0x78</size>
         <input_file_ref idref="fl-ef"/>
      </object_component>
      <object_component id="oc-fd">
         <name>.text</name>
         <load_address>0x5d74</load_address>
         <run_address>0x5d74</run_address>
         <size>0x6e</size>
         <input_file_ref idref="fl-e7"/>
      </object_component>
      <object_component id="oc-14">
         <name>.text:decompress:lzss:__TI_decompress_lzss</name>
         <load_address>0x5de2</load_address>
         <run_address>0x5de2</run_address>
         <size>0x68</size>
         <input_file_ref idref="fl-ec"/>
      </object_component>
      <object_component id="oc-4f0">
         <name>.text:_ZNSt3__26__treeINS_12__value_typeIi13sensor_structEENS_19__map_value_compareIiS3_NS_4lessIiEELb1EEENS_9allocatorIS3_EEE16__insert_node_atEPNS_15__tree_end_nodeIPNS_16__tree_node_baseIPvEEEERSF_SF_</name>
         <load_address>0x5e4a</load_address>
         <run_address>0x5e4a</run_address>
         <size>0x60</size>
         <input_file_ref idref="fl-8"/>
      </object_component>
      <object_component id="oc-764">
         <name>.text:_ZNSt3__218__tree_left_rotateIPNS_16__tree_node_baseIPvEEEEvT_</name>
         <load_address>0x5eaa</load_address>
         <run_address>0x5eaa</run_address>
         <size>0x56</size>
         <input_file_ref idref="fl-8"/>
      </object_component>
      <object_component id="oc-76b">
         <name>.text:_ZNSt3__219__tree_right_rotateIPNS_16__tree_node_baseIPvEEEEvT_</name>
         <load_address>0x5f00</load_address>
         <run_address>0x5f00</run_address>
         <size>0x56</size>
         <input_file_ref idref="fl-8"/>
      </object_component>
      <object_component id="oc-102">
         <name>.text:_ZNSt3__23mapIi13sensor_structNS_4lessIiEENS_9allocatorINS_4pairIKiS1_EEEEEixEOi</name>
         <load_address>0x5f58</load_address>
         <run_address>0x5f58</run_address>
         <size>0x4c</size>
         <input_file_ref idref="fl-8"/>
      </object_component>
      <object_component id="oc-116">
         <name>.text:_ZNSt3__23mapIi13sensor_structNS_4lessIiEENS_9allocatorINS_4pairIKiS1_EEEEEixERS6_</name>
         <load_address>0x5fa4</load_address>
         <run_address>0x5fa4</run_address>
         <size>0x48</size>
         <input_file_ref idref="fl-8"/>
      </object_component>
      <object_component id="oc-1a6">
         <name>.text:exit</name>
         <load_address>0x5fec</load_address>
         <run_address>0x5fec</run_address>
         <size>0x48</size>
         <input_file_ref idref="fl-ee"/>
      </object_component>
      <object_component id="oc-7fd">
         <name>.text:_ZNSt3__29allocatorINS_11__tree_nodeINS_12__value_typeIi13sensor_structEEPvEEE9constructINS_4pairIKiS3_EEJRKNS_21piecewise_construct_tENS_5tupleIJOiEEENSF_IJEEEEEEvPT_DpOT0_</name>
         <load_address>0x6034</load_address>
         <run_address>0x6034</run_address>
         <size>0x46</size>
         <input_file_ref idref="fl-8"/>
      </object_component>
      <object_component id="oc-83c">
         <name>.text:_ZNSt3__29allocatorINS_11__tree_nodeINS_12__value_typeIi13sensor_structEEPvEEE9constructINS_4pairIKiS3_EEJRKNS_21piecewise_construct_tENS_5tupleIJRSA_EEENSF_IJEEEEEEvPT_DpOT0_</name>
         <load_address>0x607a</load_address>
         <run_address>0x607a</run_address>
         <size>0x46</size>
         <input_file_ref idref="fl-8"/>
      </object_component>
      <object_component id="oc-1ed">
         <name>.text:_Z25__add_destruction_to_listPP20a_needed_destructionPFYvPvES2_S2_</name>
         <load_address>0x60c0</load_address>
         <run_address>0x60c0</run_address>
         <size>0x44</size>
         <input_file_ref idref="fl-e3"/>
      </object_component>
      <object_component id="oc-1ac">
         <name>.text:__TI_auto_init_nobinit_nopinit:__TI_auto_init_nobinit_nopinit</name>
         <load_address>0x6104</load_address>
         <run_address>0x6104</run_address>
         <size>0x44</size>
         <input_file_ref idref="fl-f8"/>
      </object_component>
      <object_component id="oc-5a6">
         <name>.text:_Z23__finalize_destructionsPP20a_needed_destructionPv</name>
         <load_address>0x6148</load_address>
         <run_address>0x6148</run_address>
         <size>0x42</size>
         <input_file_ref idref="fl-e3"/>
      </object_component>
      <object_component id="oc-68a">
         <name>.text:_ZNSt3__26__treeINS_12__value_typeIi13sensor_structEENS_19__map_value_compareIiS3_NS_4lessIiEELb1EEENS_9allocatorIS3_EEE7destroyEPNS_11__tree_nodeIS3_PvEE</name>
         <load_address>0x618a</load_address>
         <run_address>0x618a</run_address>
         <size>0x42</size>
         <input_file_ref idref="fl-8"/>
      </object_component>
      <object_component id="oc-205">
         <name>.text</name>
         <load_address>0x61cc</load_address>
         <run_address>0x61cc</run_address>
         <size>0x3e</size>
         <input_file_ref idref="fl-e"/>
      </object_component>
      <object_component id="oc-59c">
         <name>.text:minsert</name>
         <load_address>0x620c</load_address>
         <run_address>0x620c</run_address>
         <size>0x3c</size>
         <input_file_ref idref="fl-ef"/>
      </object_component>
      <object_component id="oc-63d">
         <name>.text:_ZNSt3__216allocator_traitsINS_9allocatorINS_11__tree_nodeINS_12__value_typeIi13sensor_structEEPvEEEEE9constructINS_4pairIKiS4_EEJRKNS_21piecewise_construct_tENS_5tupleIJOiEEENSH_IJEEEEEEvRS8_PT_DpOT0_</name>
         <load_address>0x6248</load_address>
         <run_address>0x6248</run_address>
         <size>0x3a</size>
         <input_file_ref idref="fl-8"/>
      </object_component>
      <object_component id="oc-698">
         <name>.text:_ZNSt3__216allocator_traitsINS_9allocatorINS_11__tree_nodeINS_12__value_typeIi13sensor_structEEPvEEEEE9constructINS_4pairIKiS4_EEJRKNS_21piecewise_construct_tENS_5tupleIJRSC_EEENSH_IJEEEEEEvRS8_PT_DpOT0_</name>
         <load_address>0x6282</load_address>
         <run_address>0x6282</run_address>
         <size>0x3a</size>
         <input_file_ref idref="fl-8"/>
      </object_component>
      <object_component id="oc-733">
         <name>.text:_ZNSt3__216allocator_traitsINS_9allocatorINS_11__tree_nodeINS_12__value_typeIi13sensor_structEEPvEEEEE11__constructINS_4pairIKiS4_EEJRKNS_21piecewise_construct_tENS_5tupleIJOiEEENSH_IJEEEEEEvNS_17integral_constantIbLb1EEERS8_PT_DpOT0_</name>
         <load_address>0x62bc</load_address>
         <run_address>0x62bc</run_address>
         <size>0x38</size>
         <input_file_ref idref="fl-8"/>
      </object_component>
      <object_component id="oc-79c">
         <name>.text:_ZNSt3__216allocator_traitsINS_9allocatorINS_11__tree_nodeINS_12__value_typeIi13sensor_structEEPvEEEEE11__constructINS_4pairIKiS4_EEJRKNS_21piecewise_construct_tENS_5tupleIJRSC_EEENSH_IJEEEEEEvNS_17integral_constantIbLb1EEERS8_PT_DpOT0_</name>
         <load_address>0x62f4</load_address>
         <run_address>0x62f4</run_address>
         <size>0x38</size>
         <input_file_ref idref="fl-8"/>
      </object_component>
      <object_component id="oc-86c">
         <name>.text:_ZNSt3__24pairIKi13sensor_structEC1IJOiEJEEENS_21piecewise_construct_tENS_5tupleIJDpT_EEENS7_IJDpT0_EEE</name>
         <load_address>0x632c</load_address>
         <run_address>0x632c</run_address>
         <size>0x38</size>
         <input_file_ref idref="fl-8"/>
      </object_component>
      <object_component id="oc-881">
         <name>.text:_ZNSt3__24pairIKi13sensor_structEC1IJRS1_EJEEENS_21piecewise_construct_tENS_5tupleIJDpT_EEENS7_IJDpT0_EEE</name>
         <load_address>0x6364</load_address>
         <run_address>0x6364</run_address>
         <size>0x38</size>
         <input_file_ref idref="fl-8"/>
      </object_component>
      <object_component id="oc-55">
         <name>.text:_c_int00_noargs:_c_int00_noargs</name>
         <load_address>0x639c</load_address>
         <run_address>0x639c</run_address>
         <size>0x38</size>
         <input_file_ref idref="fl-ed"/>
      </object_component>
      <object_component id="oc-590">
         <name>.text:minit</name>
         <load_address>0x63d4</load_address>
         <run_address>0x63d4</run_address>
         <size>0x38</size>
         <input_file_ref idref="fl-ef"/>
      </object_component>
      <object_component id="oc-ee">
         <name>.text</name>
         <load_address>0x640c</load_address>
         <run_address>0x640c</run_address>
         <size>0x38</size>
         <input_file_ref idref="fl-e8"/>
      </object_component>
      <object_component id="oc-396">
         <name>.text:_ZNSt3__26__copyIPVfPfEET0_T_S5_S4_</name>
         <load_address>0x6444</load_address>
         <run_address>0x6444</run_address>
         <size>0x34</size>
         <input_file_ref idref="fl-2"/>
      </object_component>
      <object_component id="oc-38f">
         <name>.text:_ZNSt3__26__copyIPfPVfEET0_T_S5_S4_</name>
         <load_address>0x6478</load_address>
         <run_address>0x6478</run_address>
         <size>0x34</size>
         <input_file_ref idref="fl-2"/>
      </object_component>
      <object_component id="oc-22b">
         <name>.text:_ZNSt3__26__treeINS_12__value_typeIi13sensor_structEENS_19__map_value_compareIiS3_NS_4lessIiEELb1EEENS_9allocatorIS3_EEEC1ERKS7_</name>
         <load_address>0x64ac</load_address>
         <run_address>0x64ac</run_address>
         <size>0x34</size>
         <input_file_ref idref="fl-8"/>
      </object_component>
      <object_component id="oc-c8">
         <name>.text:__aeabi_atexit</name>
         <load_address>0x64e0</load_address>
         <run_address>0x64e0</run_address>
         <size>0x34</size>
         <input_file_ref idref="fl-e3"/>
      </object_component>
      <object_component id="oc-896">
         <name>.text:_ZNSt3__24pairIKi13sensor_structEC1IJOiEJEJLj0EEJEEENS_21piecewise_construct_tERNS_5tupleIJDpT_EEERNS7_IJDpT0_EEENS_15__tuple_indicesIJXT1_EEEENSG_IJXT2_EEEE</name>
         <load_address>0x6514</load_address>
         <run_address>0x6514</run_address>
         <size>0x32</size>
         <input_file_ref idref="fl-8"/>
      </object_component>
      <object_component id="oc-8a3">
         <name>.text:_ZNSt3__24pairIKi13sensor_structEC1IJRS1_EJEJLj0EEJEEENS_21piecewise_construct_tERNS_5tupleIJDpT_EEERNS7_IJDpT0_EEENS_15__tuple_indicesIJXT1_EEEENSG_IJXT2_EEEE</name>
         <load_address>0x6546</load_address>
         <run_address>0x6546</run_address>
         <size>0x32</size>
         <input_file_ref idref="fl-8"/>
      </object_component>
      <object_component id="oc-4bf">
         <name>.text:_ZNSt3__25tupleIJOiEEC1IJiELb0ELb0EEEDpOT_</name>
         <load_address>0x6578</load_address>
         <run_address>0x6578</run_address>
         <size>0x32</size>
         <input_file_ref idref="fl-8"/>
      </object_component>
      <object_component id="oc-780">
         <name>.text:_ZNSt3__222__tree_node_destructorINS_9allocatorINS_11__tree_nodeINS_12__value_typeIi13sensor_structEEPvEEEEEclEPS7_</name>
         <load_address>0x65aa</load_address>
         <run_address>0x65aa</run_address>
         <size>0x30</size>
         <input_file_ref idref="fl-8"/>
      </object_component>
      <object_component id="oc-533">
         <name>.text:_ZNSt3__25tupleIJRKiEEC1ILb1ELb0EEES2_</name>
         <load_address>0x65da</load_address>
         <run_address>0x65da</run_address>
         <size>0x2e</size>
         <input_file_ref idref="fl-8"/>
      </object_component>
      <object_component id="oc-66e">
         <name>.text:_ZNSt3__210unique_ptrINS_11__tree_nodeINS_12__value_typeIi13sensor_structEEPvEENS_22__tree_node_destructorINS_9allocatorIS6_EEEEE5resetEPS6_</name>
         <load_address>0x6608</load_address>
         <run_address>0x6608</run_address>
         <size>0x2c</size>
         <input_file_ref idref="fl-8"/>
      </object_component>
      <object_component id="oc-717">
         <name>.text:_ZNSt3__29allocatorINS_11__tree_nodeINS_12__value_typeIi13sensor_structEEPvEEE8allocateEjPKv</name>
         <load_address>0x6634</load_address>
         <run_address>0x6634</run_address>
         <size>0x2c</size>
         <input_file_ref idref="fl-8"/>
      </object_component>
      <object_component id="oc-725">
         <name>.text:_ZNSt3__217__compressed_pairIPNS_11__tree_nodeINS_12__value_typeIi13sensor_structEEPvEENS_22__tree_node_destructorINS_9allocatorIS6_EEEEEC1IRS7_SB_EEOT_OT0_</name>
         <load_address>0x6660</load_address>
         <run_address>0x6660</run_address>
         <size>0x2a</size>
         <input_file_ref idref="fl-8"/>
      </object_component>
      <object_component id="oc-748">
         <name>.text:_ZNSt3__217__compressed_pairIPNS_11__tree_nodeINS_12__value_typeIi13sensor_structEEPvEENS_22__tree_node_destructorINS_9allocatorIS6_EEEEEC1IS7_SB_EEOT_OT0_</name>
         <load_address>0x668a</load_address>
         <run_address>0x668a</run_address>
         <size>0x2a</size>
         <input_file_ref idref="fl-8"/>
      </object_component>
      <object_component id="oc-152">
         <name>.text:_ZNSt3__24copyIPVfPfEET0_T_S5_S4_</name>
         <load_address>0x66b4</load_address>
         <run_address>0x66b4</run_address>
         <size>0x2a</size>
         <input_file_ref idref="fl-2"/>
      </object_component>
      <object_component id="oc-14b">
         <name>.text:_ZNSt3__24copyIPfPVfEET0_T_S5_S4_</name>
         <load_address>0x66de</load_address>
         <run_address>0x66de</run_address>
         <size>0x2a</size>
         <input_file_ref idref="fl-2"/>
      </object_component>
      <object_component id="oc-4a3">
         <name>.text:_ZNSt3__217__compressed_pairIjNS_19__map_value_compareIiNS_12__value_typeIi13sensor_structEENS_4lessIiEELb1EEEEC1IiRKS7_EEOT_OT0_</name>
         <load_address>0x6708</load_address>
         <run_address>0x6708</run_address>
         <size>0x28</size>
         <input_file_ref idref="fl-8"/>
      </object_component>
      <object_component id="oc-596">
         <name>.text:mremove</name>
         <load_address>0x6730</load_address>
         <run_address>0x6730</run_address>
         <size>0x28</size>
         <input_file_ref idref="fl-ef"/>
      </object_component>
      <object_component id="oc-64b">
         <name>.text:_ZNSt3__210unique_ptrINS_11__tree_nodeINS_12__value_typeIi13sensor_structEEPvEENS_22__tree_node_destructorINS_9allocatorIS6_EEEEEC1EOSB_</name>
         <load_address>0x6758</load_address>
         <run_address>0x6758</run_address>
         <size>0x26</size>
         <input_file_ref idref="fl-8"/>
      </object_component>
      <object_component id="oc-50c">
         <name>.text:_ZNSt3__24pairINS_15__tree_iteratorINS_12__value_typeIi13sensor_structEEPNS_11__tree_nodeIS4_PvEEiEEbEC1IS9_RbLb0EEEOT_OT0_</name>
         <load_address>0x677e</load_address>
         <run_address>0x677e</run_address>
         <size>0x24</size>
         <input_file_ref idref="fl-8"/>
      </object_component>
      <object_component id="oc-5e2">
         <name>.text:_ZNSt3__212__tuple_implINS_15__tuple_indicesIJLj0EEEEJOiEEC1IJLj0EEJS3_EJEJEJiEEENS1_IJXT_EEEENS_13__tuple_typesIJDpT0_EEENS1_IJXT1_EEEENS7_IJDpT2_EEEDpOT3_</name>
         <load_address>0x67a2</load_address>
         <run_address>0x67a2</run_address>
         <size>0x22</size>
         <input_file_ref idref="fl-8"/>
      </object_component>
      <object_component id="oc-691">
         <name>.text:_ZNSt3__212__tuple_implINS_15__tuple_indicesIJLj0EEEEJRKiEEC1IJLj0EEJS4_EJEJEJS4_EEENS1_IJXT_EEEENS_13__tuple_typesIJDpT0_EEENS1_IJXT1_EEEENS8_IJDpT2_EEEDpOT3_</name>
         <load_address>0x67c4</load_address>
         <run_address>0x67c4</run_address>
         <size>0x22</size>
         <input_file_ref idref="fl-8"/>
      </object_component>
      <object_component id="oc-851">
         <name>.text:_Znwj</name>
         <load_address>0x67e6</load_address>
         <run_address>0x67e6</run_address>
         <size>0x22</size>
         <input_file_ref idref="fl-e2"/>
      </object_component>
      <object_component id="oc-621">
         <name>.text:_ZNSt3__222__tree_node_destructorINS_9allocatorINS_11__tree_nodeINS_12__value_typeIi13sensor_structEEPvEEEEEC1ERS8_b</name>
         <load_address>0x6808</load_address>
         <run_address>0x6808</run_address>
         <size>0x20</size>
         <input_file_ref idref="fl-8"/>
      </object_component>
      <object_component id="oc-709">
         <name>.text:_ZNKSt3__24lessIiEclERKiS3_</name>
         <load_address>0x6828</load_address>
         <run_address>0x6828</run_address>
         <size>0x1e</size>
         <input_file_ref idref="fl-8"/>
      </object_component>
      <object_component id="oc-4f7">
         <name>.text:_ZNSt3__210unique_ptrINS_11__tree_nodeINS_12__value_typeIi13sensor_structEEPvEENS_22__tree_node_destructorINS_9allocatorIS6_EEEEE7releaseEv</name>
         <load_address>0x6846</load_address>
         <run_address>0x6846</run_address>
         <size>0x1c</size>
         <input_file_ref idref="fl-8"/>
      </object_component>
      <object_component id="oc-628">
         <name>.text:_ZNSt3__210unique_ptrINS_11__tree_nodeINS_12__value_typeIi13sensor_structEEPvEENS_22__tree_node_destructorINS_9allocatorIS6_EEEEEC1ILb1EvEEPS6_NS_16__dependent_typeINS_27__unique_ptr_deleter_sfinaeISA_EEXT_EE20__good_rval_ref_typeE</name>
         <load_address>0x6862</load_address>
         <run_address>0x6862</run_address>
         <size>0x1c</size>
         <input_file_ref idref="fl-8"/>
      </object_component>
      <object_component id="oc-75d">
         <name>.text:_ZNSt3__220__tree_is_left_childIPNS_16__tree_node_baseIPvEEEEbT_</name>
         <load_address>0x687e</load_address>
         <run_address>0x687e</run_address>
         <size>0x1a</size>
         <input_file_ref idref="fl-8"/>
      </object_component>
      <object_component id="oc-e7">
         <name>.text:_ZNSt3__23mapIi13sensor_structNS_4lessIiEENS_9allocatorINS_4pairIKiS1_EEEEEC1Ev</name>
         <load_address>0x6898</load_address>
         <run_address>0x6898</run_address>
         <size>0x1a</size>
         <input_file_ref idref="fl-8"/>
      </object_component>
      <object_component id="oc-85e">
         <name>.text:_ZNSt3__222__compressed_pair_elemINS_22__tree_node_destructorINS_9allocatorINS_11__tree_nodeINS_12__value_typeIi13sensor_structEEPvEEEEEELi1ELb0EEC1ISA_vEEOT_</name>
         <load_address>0x68b2</load_address>
         <run_address>0x68b2</run_address>
         <size>0x18</size>
         <input_file_ref idref="fl-8"/>
      </object_component>
      <object_component id="oc-27c">
         <name>.text:_ZNSt3__216forward_as_tupleIJRKiEEENS_5tupleIJDpOT_EEES6_</name>
         <load_address>0x68ca</load_address>
         <run_address>0x68ca</run_address>
         <size>0x16</size>
         <input_file_ref idref="fl-8"/>
      </object_component>
      <object_component id="oc-23d">
         <name>.text:_ZNSt3__216forward_as_tupleIJiEEENS_5tupleIJDpOT_EEES4_</name>
         <load_address>0x68e0</load_address>
         <run_address>0x68e0</run_address>
         <size>0x16</size>
         <input_file_ref idref="fl-8"/>
      </object_component>
      <object_component id="oc-857">
         <name>.text:_ZNSt3__222__compressed_pair_elemIPNS_11__tree_nodeINS_12__value_typeIi13sensor_structEEPvEELi0ELb0EEC1IRS7_vEEOT_</name>
         <load_address>0x68f6</load_address>
         <run_address>0x68f6</run_address>
         <size>0x16</size>
         <input_file_ref idref="fl-8"/>
      </object_component>
      <object_component id="oc-873">
         <name>.text:_ZNSt3__222__compressed_pair_elemIPNS_11__tree_nodeINS_12__value_typeIi13sensor_structEEPvEELi0ELb0EEC1IS7_vEEOT_</name>
         <load_address>0x690c</load_address>
         <run_address>0x690c</run_address>
         <size>0x16</size>
         <input_file_ref idref="fl-8"/>
      </object_component>
      <object_component id="oc-6d8">
         <name>.text:_ZNSt3__222__compressed_pair_elemIjLi0ELb0EEC1IivEEOT_</name>
         <load_address>0x6922</load_address>
         <run_address>0x6922</run_address>
         <size>0x16</size>
         <input_file_ref idref="fl-8"/>
      </object_component>
      <object_component id="oc-525">
         <name>.text:_ZNSt3__26__treeINS_12__value_typeIi13sensor_structEENS_19__map_value_compareIiS3_NS_4lessIiEELb1EEENS_9allocatorIS3_EEED1Ev</name>
         <load_address>0x6938</load_address>
         <run_address>0x6938</run_address>
         <size>0x16</size>
         <input_file_ref idref="fl-8"/>
      </object_component>
      <object_component id="oc-60c">
         <name>.text:_ZNKSt3__219__map_value_compareIiNS_12__value_typeIi13sensor_structEENS_4lessIiEELb1EEclERKS3_RKi</name>
         <load_address>0x694e</load_address>
         <run_address>0x694e</run_address>
         <size>0x14</size>
         <input_file_ref idref="fl-8"/>
      </object_component>
      <object_component id="oc-5fe">
         <name>.text:_ZNKSt3__219__map_value_compareIiNS_12__value_typeIi13sensor_structEENS_4lessIiEELb1EEclERKiRKS3_</name>
         <load_address>0x6962</load_address>
         <run_address>0x6962</run_address>
         <size>0x14</size>
         <input_file_ref idref="fl-8"/>
      </object_component>
      <object_component id="oc-7b2">
         <name>.text:_ZNSt3__212__tuple_leafILj0EOiLb0EEC1IivEEOT_</name>
         <load_address>0x6976</load_address>
         <run_address>0x6976</run_address>
         <size>0x14</size>
         <input_file_ref idref="fl-8"/>
      </object_component>
      <object_component id="oc-835">
         <name>.text:_ZNSt3__212__tuple_leafILj0ERKiLb0EEC1IS2_vEEOT_</name>
         <load_address>0x698a</load_address>
         <run_address>0x698a</run_address>
         <size>0x14</size>
         <input_file_ref idref="fl-8"/>
      </object_component>
      <object_component id="oc-505">
         <name>.text:_ZNSt3__215__tree_iteratorINS_12__value_typeIi13sensor_structEEPNS_11__tree_nodeIS3_PvEEiEC1ES7_</name>
         <load_address>0x699e</load_address>
         <run_address>0x699e</run_address>
         <size>0x14</size>
         <input_file_ref idref="fl-8"/>
      </object_component>
      <object_component id="oc-78e">
         <name>.text:_ZNSt3__216allocator_traitsINS_9allocatorINS_11__tree_nodeINS_12__value_typeIi13sensor_structEEPvEEEEE10deallocateERS8_PS7_j</name>
         <load_address>0x69b2</load_address>
         <run_address>0x69b2</run_address>
         <size>0x14</size>
         <input_file_ref idref="fl-8"/>
      </object_component>
      <object_component id="oc-787">
         <name>.text:_ZNSt3__216allocator_traitsINS_9allocatorINS_11__tree_nodeINS_12__value_typeIi13sensor_structEEPvEEEEE7destroyINS_4pairIKiS4_EEEEvRS8_PT_</name>
         <load_address>0x69c6</load_address>
         <run_address>0x69c6</run_address>
         <size>0x14</size>
         <input_file_ref idref="fl-8"/>
      </object_component>
      <object_component id="oc-49c">
         <name>.text:_ZNSt3__217__compressed_pairINS_15__tree_end_nodeIPNS_16__tree_node_baseIPvEEEENS_9allocatorINS_11__tree_nodeINS_12__value_typeIi13sensor_structEES3_EEEEEC1ILb1EvEEv</name>
         <load_address>0x69da</load_address>
         <run_address>0x69da</run_address>
         <size>0x14</size>
         <input_file_ref idref="fl-8"/>
      </object_component>
      <object_component id="oc-24b">
         <name>.text:_ZNKSt3__215__tree_iteratorINS_12__value_typeIi13sensor_structEEPNS_11__tree_nodeIS3_PvEEiEptEv</name>
         <load_address>0x69ee</load_address>
         <run_address>0x69ee</run_address>
         <size>0x12</size>
         <input_file_ref idref="fl-8"/>
      </object_component>
      <object_component id="oc-6fb">
         <name>.text:_ZNKSt3__26__treeINS_12__value_typeIi13sensor_structEENS_19__map_value_compareIiS3_NS_4lessIiEELb1EEENS_9allocatorIS3_EEE10__end_nodeEv</name>
         <load_address>0x6a00</load_address>
         <run_address>0x6a00</run_address>
         <size>0x12</size>
         <input_file_ref idref="fl-8"/>
      </object_component>
      <object_component id="oc-7a4">
         <name>.text:_ZNSt3__215__tree_end_nodeIPNS_16__tree_node_baseIPvEEEC1Ev</name>
         <load_address>0x6a12</load_address>
         <run_address>0x6a12</run_address>
         <size>0x12</size>
         <input_file_ref idref="fl-8"/>
      </object_component>
      <object_component id="oc-819">
         <name>.text:_ZNSt3__216__tree_node_baseIPvE12__set_parentEPS2_</name>
         <load_address>0x6a24</load_address>
         <run_address>0x6a24</run_address>
         <size>0x12</size>
         <input_file_ref idref="fl-8"/>
      </object_component>
      <object_component id="oc-61a">
         <name>.text:_ZNSt3__216allocator_traitsINS_9allocatorINS_11__tree_nodeINS_12__value_typeIi13sensor_structEEPvEEEEE8allocateERS8_j</name>
         <load_address>0x6a36</load_address>
         <run_address>0x6a36</run_address>
         <size>0x12</size>
         <input_file_ref idref="fl-8"/>
      </object_component>
      <object_component id="oc-4aa">
         <name>.text:_ZNSt3__26__treeINS_12__value_typeIi13sensor_structEENS_19__map_value_compareIiS3_NS_4lessIiEELb1EEENS_9allocatorIS3_EEE10__end_nodeEv</name>
         <load_address>0x6a48</load_address>
         <run_address>0x6a48</run_address>
         <size>0x12</size>
         <input_file_ref idref="fl-8"/>
      </object_component>
      <object_component id="oc-10c">
         <name>.text:_ZN9ConverterD1Ev</name>
         <load_address>0x6a5a</load_address>
         <run_address>0x6a5a</run_address>
         <size>0x10</size>
         <input_file_ref idref="fl-8"/>
      </object_component>
      <object_component id="oc-5f0">
         <name>.text:_ZNKSt3__26__treeINS_12__value_typeIi13sensor_structEENS_19__map_value_compareIiS3_NS_4lessIiEELb1EEENS_9allocatorIS3_EEE10__root_ptrEv</name>
         <load_address>0x6a6a</load_address>
         <run_address>0x6a6a</run_address>
         <size>0x10</size>
         <input_file_ref idref="fl-8"/>
      </object_component>
      <object_component id="oc-7ce">
         <name>.text:_ZNKSt3__29allocatorINS_11__tree_nodeINS_12__value_typeIi13sensor_structEEPvEEE8max_sizeEv</name>
         <load_address>0x6a7c</load_address>
         <run_address>0x6a7c</run_address>
         <size>0x10</size>
         <input_file_ref idref="fl-8"/>
      </object_component>
      <object_component id="oc-4fe">
         <name>.text:_ZNSt3__210unique_ptrINS_11__tree_nodeINS_12__value_typeIi13sensor_structEEPvEENS_22__tree_node_destructorINS_9allocatorIS6_EEEEED1Ev</name>
         <load_address>0x6a8c</load_address>
         <run_address>0x6a8c</run_address>
         <size>0x10</size>
         <input_file_ref idref="fl-8"/>
      </object_component>
      <object_component id="oc-6f4">
         <name>.text:_ZNSt3__212__tuple_leafILj0EOiLb0EEC2IivEEOT_</name>
         <load_address>0x6a9c</load_address>
         <run_address>0x6a9c</run_address>
         <size>0x10</size>
         <input_file_ref idref="fl-8"/>
      </object_component>
      <object_component id="oc-795">
         <name>.text:_ZNSt3__212__tuple_leafILj0ERKiLb0EEC2IS2_vEEOT_</name>
         <load_address>0x6aac</load_address>
         <run_address>0x6aac</run_address>
         <size>0x10</size>
         <input_file_ref idref="fl-8"/>
      </object_component>
      <object_component id="oc-827">
         <name>.text:_ZNSt3__216allocator_traitsINS_9allocatorINS_11__tree_nodeINS_12__value_typeIi13sensor_structEEPvEEEEE9__destroyINS_4pairIKiS4_EEEEvNS_17integral_constantIbLb0EEERS8_PT_</name>
         <load_address>0x6abc</load_address>
         <run_address>0x6abc</run_address>
         <size>0x10</size>
         <input_file_ref idref="fl-8"/>
      </object_component>
      <object_component id="oc-224">
         <name>.text:_ZNSt3__219__map_value_compareIiNS_12__value_typeIi13sensor_structEENS_4lessIiEELb1EEC1ES5_</name>
         <load_address>0x6acc</load_address>
         <run_address>0x6acc</run_address>
         <size>0x10</size>
         <input_file_ref idref="fl-8"/>
      </object_component>
      <object_component id="oc-6df">
         <name>.text:_ZNSt3__222__compressed_pair_elemINS_19__map_value_compareIiNS_12__value_typeIi13sensor_structEENS_4lessIiEELb1EEELi1ELb1EEC1IRKS7_vEEOT_</name>
         <load_address>0x6adc</load_address>
         <run_address>0x6adc</run_address>
         <size>0x10</size>
         <input_file_ref idref="fl-8"/>
      </object_component>
      <object_component id="oc-5cd">
         <name>.text:_ZNSt3__222__compressed_pair_elemINS_19__map_value_compareIiNS_12__value_typeIi13sensor_structEENS_4lessIiEELb1EEELi1ELb1EEC2IRKS7_vEEOT_</name>
         <load_address>0x6aec</load_address>
         <run_address>0x6aec</run_address>
         <size>0x10</size>
         <input_file_ref idref="fl-8"/>
      </object_component>
      <object_component id="oc-7f6">
         <name>.text:_ZNSt3__222__compressed_pair_elemINS_22__tree_node_destructorINS_9allocatorINS_11__tree_nodeINS_12__value_typeIi13sensor_structEEPvEEEEEELi1ELb0EEC2ISA_vEEOT_</name>
         <load_address>0x6afc</load_address>
         <run_address>0x6afc</run_address>
         <size>0x10</size>
         <input_file_ref idref="fl-8"/>
      </object_component>
      <object_component id="oc-7ef">
         <name>.text:_ZNSt3__222__compressed_pair_elemIPNS_11__tree_nodeINS_12__value_typeIi13sensor_structEEPvEELi0ELb0EEC2IRS7_vEEOT_</name>
         <load_address>0x6b0c</load_address>
         <run_address>0x6b0c</run_address>
         <size>0x10</size>
         <input_file_ref idref="fl-8"/>
      </object_component>
      <object_component id="oc-812">
         <name>.text:_ZNSt3__222__compressed_pair_elemIPNS_11__tree_nodeINS_12__value_typeIi13sensor_structEEPvEELi0ELb0EEC2IS7_vEEOT_</name>
         <load_address>0x6b1c</load_address>
         <run_address>0x6b1c</run_address>
         <size>0x10</size>
         <input_file_ref idref="fl-8"/>
      </object_component>
      <object_component id="oc-5bf">
         <name>.text:_ZNSt3__222__compressed_pair_elemIjLi0ELb0EEC2IivEEOT_</name>
         <load_address>0x6b2c</load_address>
         <run_address>0x6b2c</run_address>
         <size>0x10</size>
         <input_file_ref idref="fl-8"/>
      </object_component>
      <object_component id="oc-82e">
         <name>.text:_ZNSt3__29allocatorINS_11__tree_nodeINS_12__value_typeIi13sensor_structEEPvEEE10deallocateEPS6_j</name>
         <load_address>0x6b3c</load_address>
         <run_address>0x6b3c</run_address>
         <size>0x10</size>
         <input_file_ref idref="fl-8"/>
      </object_component>
      <object_component id="oc-4e9">
         <name>.text:_ZNKSt3__210unique_ptrINS_11__tree_nodeINS_12__value_typeIi13sensor_structEEPvEENS_22__tree_node_destructorINS_9allocatorIS6_EEEEE3getEv</name>
         <load_address>0x6b4c</load_address>
         <run_address>0x6b4c</run_address>
         <size>0xe</size>
         <input_file_ref idref="fl-8"/>
      </object_component>
      <object_component id="oc-62f">
         <name>.text:_ZNKSt3__210unique_ptrINS_11__tree_nodeINS_12__value_typeIi13sensor_structEEPvEENS_22__tree_node_destructorINS_9allocatorIS6_EEEEEptEv</name>
         <load_address>0x6b5a</load_address>
         <run_address>0x6b5a</run_address>
         <size>0xe</size>
         <input_file_ref idref="fl-8"/>
      </object_component>
      <object_component id="oc-513">
         <name>.text:_ZNKSt3__215__tree_iteratorINS_12__value_typeIi13sensor_structEEPNS_11__tree_nodeIS3_PvEEiE8__get_npEv</name>
         <load_address>0x6b68</load_address>
         <run_address>0x6b68</run_address>
         <size>0xe</size>
         <input_file_ref idref="fl-8"/>
      </object_component>
      <object_component id="oc-756">
         <name>.text:_ZNKSt3__216__tree_node_baseIPvE15__parent_unsafeEv</name>
         <load_address>0x6b76</load_address>
         <run_address>0x6b76</run_address>
         <size>0xe</size>
         <input_file_ref idref="fl-8"/>
      </object_component>
      <object_component id="oc-5e9">
         <name>.text:_ZNKSt3__26__treeINS_12__value_typeIi13sensor_structEENS_19__map_value_compareIiS3_NS_4lessIiEELb1EEENS_9allocatorIS3_EEE6__rootEv</name>
         <load_address>0x6b84</load_address>
         <run_address>0x6b84</run_address>
         <size>0xe</size>
         <input_file_ref idref="fl-8"/>
      </object_component>
      <object_component id="oc-8c8">
         <name>.text:_ZNSt3__212__tuple_leafILj0EOiLb0EE3getEv</name>
         <load_address>0x6b92</load_address>
         <run_address>0x6b92</run_address>
         <size>0xe</size>
         <input_file_ref idref="fl-8"/>
      </object_component>
      <object_component id="oc-8cf">
         <name>.text:_ZNSt3__212__tuple_leafILj0ERKiLb0EE3getEv</name>
         <load_address>0x6ba0</load_address>
         <run_address>0x6ba0</run_address>
         <size>0xe</size>
         <input_file_ref idref="fl-8"/>
      </object_component>
      <object_component id="oc-73a">
         <name>.text:_ZNSt3__217__compressed_pairIPNS_11__tree_nodeINS_12__value_typeIi13sensor_structEEPvEENS_22__tree_node_destructorINS_9allocatorIS6_EEEEE6secondEv</name>
         <load_address>0x6bae</load_address>
         <run_address>0x6bae</run_address>
         <size>0xe</size>
         <input_file_ref idref="fl-8"/>
      </object_component>
      <object_component id="oc-6ca">
         <name>.text:_ZNSt3__222__compressed_pair_elemINS_15__tree_end_nodeIPNS_16__tree_node_baseIPvEEEELi0ELb0EEC1Ev</name>
         <load_address>0x6bbc</load_address>
         <run_address>0x6bbc</run_address>
         <size>0xe</size>
         <input_file_ref idref="fl-8"/>
      </object_component>
      <object_component id="oc-6d1">
         <name>.text:_ZNSt3__222__compressed_pair_elemINS_9allocatorINS_11__tree_nodeINS_12__value_typeIi13sensor_structEEPvEEEELi1ELb1EEC1Ev</name>
         <load_address>0x6bca</load_address>
         <run_address>0x6bca</run_address>
         <size>0xe</size>
         <input_file_ref idref="fl-8"/>
      </object_component>
      <object_component id="oc-264">
         <name>.text:_ZNSt3__23mapIi13sensor_structNS_4lessIiEENS_9allocatorINS_4pairIKiS1_EEEEED1Ev</name>
         <load_address>0x6bd8</load_address>
         <run_address>0x6bd8</run_address>
         <size>0xe</size>
         <input_file_ref idref="fl-8"/>
      </object_component>
      <object_component id="oc-5f7">
         <name>.text:_ZNSt3__26__treeINS_12__value_typeIi13sensor_structEENS_19__map_value_compareIiS3_NS_4lessIiEELb1EEENS_9allocatorIS3_EEE10value_compEv</name>
         <load_address>0x6be6</load_address>
         <run_address>0x6be6</run_address>
         <size>0xe</size>
         <input_file_ref idref="fl-8"/>
      </object_component>
      <object_component id="oc-613">
         <name>.text:_ZNSt3__26__treeINS_12__value_typeIi13sensor_structEENS_19__map_value_compareIiS3_NS_4lessIiEELb1EEENS_9allocatorIS3_EEE12__node_allocEv</name>
         <load_address>0x6bf4</load_address>
         <run_address>0x6bf4</run_address>
         <size>0xe</size>
         <input_file_ref idref="fl-8"/>
      </object_component>
      <object_component id="oc-660">
         <name>.text:_ZNSt3__26__treeINS_12__value_typeIi13sensor_structEENS_19__map_value_compareIiS3_NS_4lessIiEELb1EEENS_9allocatorIS3_EEE4sizeEv</name>
         <load_address>0x6c02</load_address>
         <run_address>0x6c02</run_address>
         <size>0xe</size>
         <input_file_ref idref="fl-8"/>
      </object_component>
      <object_component id="oc-865">
         <name>.text:_ZnwjPv</name>
         <load_address>0x6c10</load_address>
         <run_address>0x6c10</run_address>
         <size>0xe</size>
         <input_file_ref idref="fl-8"/>
      </object_component>
      <object_component id="oc-1a">
         <name>.text:decompress:none:__TI_decompress_none</name>
         <load_address>0x6c1e</load_address>
         <run_address>0x6c1e</run_address>
         <size>0xe</size>
         <input_file_ref idref="fl-eb"/>
      </object_component>
      <object_component id="oc-67">
         <name>.text</name>
         <load_address>0x6c2c</load_address>
         <run_address>0x6c2c</run_address>
         <size>0xe</size>
         <input_file_ref idref="fl-9"/>
      </object_component>
      <object_component id="oc-7b9">
         <name>.text:_ZNKSt3__217__compressed_pairINS_15__tree_end_nodeIPNS_16__tree_node_baseIPvEEEENS_9allocatorINS_11__tree_nodeINS_12__value_typeIi13sensor_structEES3_EEEEE5firstEv</name>
         <load_address>0x6c3a</load_address>
         <run_address>0x6c3a</run_address>
         <size>0xc</size>
         <input_file_ref idref="fl-8"/>
      </object_component>
      <object_component id="oc-652">
         <name>.text:_ZNKSt3__217__compressed_pairIPNS_11__tree_nodeINS_12__value_typeIi13sensor_structEEPvEENS_22__tree_node_destructorINS_9allocatorIS6_EEEEE5firstEv</name>
         <load_address>0x6c46</load_address>
         <run_address>0x6c46</run_address>
         <size>0xc</size>
         <input_file_ref idref="fl-8"/>
      </object_component>
      <object_component id="oc-84a">
         <name>.text:_ZNKSt3__222__compressed_pair_elemINS_15__tree_end_nodeIPNS_16__tree_node_baseIPvEEEELi0ELb0EE5__getEv</name>
         <load_address>0x6c52</load_address>
         <run_address>0x6c52</run_address>
         <size>0xc</size>
         <input_file_ref idref="fl-8"/>
      </object_component>
      <object_component id="oc-74f">
         <name>.text:_ZNKSt3__222__compressed_pair_elemIPNS_11__tree_nodeINS_12__value_typeIi13sensor_structEEPvEELi0ELb0EE5__getEv</name>
         <load_address>0x6c5e</load_address>
         <run_address>0x6c5e</run_address>
         <size>0xc</size>
         <input_file_ref idref="fl-8"/>
      </object_component>
      <object_component id="oc-7dc">
         <name>.text:_ZNSt3__210__allocateEj</name>
         <load_address>0x6c6a</load_address>
         <run_address>0x6c6a</run_address>
         <size>0xc</size>
         <input_file_ref idref="fl-8"/>
      </object_component>
      <object_component id="oc-644">
         <name>.text:_ZNSt3__210unique_ptrINS_11__tree_nodeINS_12__value_typeIi13sensor_structEEPvEENS_22__tree_node_destructorINS_9allocatorIS6_EEEEE11get_deleterEv</name>
         <load_address>0x6c76</load_address>
         <run_address>0x6c76</run_address>
         <size>0xc</size>
         <input_file_ref idref="fl-8"/>
      </object_component>
      <object_component id="oc-388">
         <name>.text:_ZNSt3__213__unwrap_iterIPVfEET_S3_</name>
         <load_address>0x6c82</load_address>
         <run_address>0x6c82</run_address>
         <size>0xc</size>
         <input_file_ref idref="fl-2"/>
      </object_component>
      <object_component id="oc-381">
         <name>.text:_ZNSt3__213__unwrap_iterIPfEET_S2_</name>
         <load_address>0x6c8e</load_address>
         <run_address>0x6c8e</run_address>
         <size>0xc</size>
         <input_file_ref idref="fl-2"/>
      </object_component>
      <object_component id="oc-51a">
         <name>.text:_ZNSt3__214pointer_traitsIPNS_12__value_typeIi13sensor_structEEE10pointer_toERS3_</name>
         <load_address>0x6c9a</load_address>
         <run_address>0x6c9a</run_address>
         <size>0xc</size>
         <input_file_ref idref="fl-8"/>
      </object_component>
      <object_component id="oc-5db">
         <name>.text:_ZNSt3__214pointer_traitsIPNS_15__tree_end_nodeIPNS_16__tree_node_baseIPvEEEEE10pointer_toERS6_</name>
         <load_address>0x6ca6</load_address>
         <run_address>0x6ca6</run_address>
         <size>0xc</size>
         <input_file_ref idref="fl-8"/>
      </object_component>
      <object_component id="oc-5d4">
         <name>.text:_ZNSt3__217__compressed_pairINS_15__tree_end_nodeIPNS_16__tree_node_baseIPvEEEENS_9allocatorINS_11__tree_nodeINS_12__value_typeIi13sensor_structEES3_EEEEE5firstEv</name>
         <load_address>0x6cb2</load_address>
         <run_address>0x6cb2</run_address>
         <size>0xc</size>
         <input_file_ref idref="fl-8"/>
      </object_component>
      <object_component id="oc-710">
         <name>.text:_ZNSt3__217__compressed_pairINS_15__tree_end_nodeIPNS_16__tree_node_baseIPvEEEENS_9allocatorINS_11__tree_nodeINS_12__value_typeIi13sensor_structEES3_EEEEE6secondEv</name>
         <load_address>0x6cbe</load_address>
         <run_address>0x6cbe</run_address>
         <size>0xc</size>
         <input_file_ref idref="fl-8"/>
      </object_component>
      <object_component id="oc-667">
         <name>.text:_ZNSt3__217__compressed_pairIPNS_11__tree_nodeINS_12__value_typeIi13sensor_structEEPvEENS_22__tree_node_destructorINS_9allocatorIS6_EEEEE5firstEv</name>
         <load_address>0x6cca</load_address>
         <run_address>0x6cca</run_address>
         <size>0xc</size>
         <input_file_ref idref="fl-8"/>
      </object_component>
      <object_component id="oc-772">
         <name>.text:_ZNSt3__217__compressed_pairIjNS_19__map_value_compareIiNS_12__value_typeIi13sensor_structEENS_4lessIiEELb1EEEE5firstEv</name>
         <load_address>0x6cd6</load_address>
         <run_address>0x6cd6</run_address>
         <size>0xc</size>
         <input_file_ref idref="fl-8"/>
      </object_component>
      <object_component id="oc-702">
         <name>.text:_ZNSt3__217__compressed_pairIjNS_19__map_value_compareIiNS_12__value_typeIi13sensor_structEENS_4lessIiEELb1EEEE6secondEv</name>
         <load_address>0x6ce2</load_address>
         <run_address>0x6ce2</run_address>
         <size>0xc</size>
         <input_file_ref idref="fl-8"/>
      </object_component>
      <object_component id="oc-87a">
         <name>.text:_ZNSt3__219__libcpp_deallocateEPv</name>
         <load_address>0x6cee</load_address>
         <run_address>0x6cee</run_address>
         <size>0xc</size>
         <input_file_ref idref="fl-8"/>
      </object_component>
      <object_component id="oc-6e6">
         <name>.text:_ZNSt3__222__compressed_pair_elemINS_15__tree_end_nodeIPNS_16__tree_node_baseIPvEEEELi0ELb0EE5__getEv</name>
         <load_address>0x6cfa</load_address>
         <run_address>0x6cfa</run_address>
         <size>0xc</size>
         <input_file_ref idref="fl-8"/>
      </object_component>
      <object_component id="oc-5b1">
         <name>.text:_ZNSt3__222__compressed_pair_elemINS_15__tree_end_nodeIPNS_16__tree_node_baseIPvEEEELi0ELb0EEC2Ev</name>
         <load_address>0x6d06</load_address>
         <run_address>0x6d06</run_address>
         <size>0xc</size>
         <input_file_ref idref="fl-8"/>
      </object_component>
      <object_component id="oc-7c0">
         <name>.text:_ZNSt3__222__compressed_pair_elemINS_19__map_value_compareIiNS_12__value_typeIi13sensor_structEENS_4lessIiEELb1EEELi1ELb1EE5__getEv</name>
         <load_address>0x6d12</load_address>
         <run_address>0x6d12</run_address>
         <size>0xc</size>
         <input_file_ref idref="fl-8"/>
      </object_component>
      <object_component id="oc-804">
         <name>.text:_ZNSt3__222__compressed_pair_elemINS_22__tree_node_destructorINS_9allocatorINS_11__tree_nodeINS_12__value_typeIi13sensor_structEEPvEEEEEELi1ELb0EE5__getEv</name>
         <load_address>0x6d1e</load_address>
         <run_address>0x6d1e</run_address>
         <size>0xc</size>
         <input_file_ref idref="fl-8"/>
      </object_component>
      <object_component id="oc-7c7">
         <name>.text:_ZNSt3__222__compressed_pair_elemINS_9allocatorINS_11__tree_nodeINS_12__value_typeIi13sensor_structEEPvEEEELi1ELb1EE5__getEv</name>
         <load_address>0x6d2a</load_address>
         <run_address>0x6d2a</run_address>
         <size>0xc</size>
         <input_file_ref idref="fl-8"/>
      </object_component>
      <object_component id="oc-5b8">
         <name>.text:_ZNSt3__222__compressed_pair_elemINS_9allocatorINS_11__tree_nodeINS_12__value_typeIi13sensor_structEEPvEEEELi1ELb1EEC2Ev</name>
         <load_address>0x6d36</load_address>
         <run_address>0x6d36</run_address>
         <size>0xc</size>
         <input_file_ref idref="fl-8"/>
      </object_component>
      <object_component id="oc-779">
         <name>.text:_ZNSt3__222__compressed_pair_elemIPNS_11__tree_nodeINS_12__value_typeIi13sensor_structEEPvEELi0ELb0EE5__getEv</name>
         <load_address>0x6d42</load_address>
         <run_address>0x6d42</run_address>
         <size>0xc</size>
         <input_file_ref idref="fl-8"/>
      </object_component>
      <object_component id="oc-820">
         <name>.text:_ZNSt3__222__compressed_pair_elemIjLi0ELb0EE5__getEv</name>
         <load_address>0x6d4e</load_address>
         <run_address>0x6d4e</run_address>
         <size>0xc</size>
         <input_file_ref idref="fl-8"/>
      </object_component>
      <object_component id="oc-636">
         <name>.text:_ZNSt3__222__tree_key_value_typesINS_12__value_typeIi13sensor_structEEE9__get_ptrERS3_</name>
         <load_address>0x6d5a</load_address>
         <run_address>0x6d5a</run_address>
         <size>0xc</size>
         <input_file_ref idref="fl-8"/>
      </object_component>
      <object_component id="oc-8b0">
         <name>.text:_ZNSt3__23getILj0EJOiEEERNS_13tuple_elementIXT_ENS_5tupleIJDpT0_EEEE4typeERS6_</name>
         <load_address>0x6d66</load_address>
         <run_address>0x6d66</run_address>
         <size>0xc</size>
         <input_file_ref idref="fl-8"/>
      </object_component>
      <object_component id="oc-8bf">
         <name>.text:_ZNSt3__23getILj0EJRKiEEERNS_13tuple_elementIXT_ENS_5tupleIJDpT0_EEEE4typeERS7_</name>
         <load_address>0x6d72</load_address>
         <run_address>0x6d72</run_address>
         <size>0xc</size>
         <input_file_ref idref="fl-8"/>
      </object_component>
      <object_component id="oc-71e">
         <name>.text:_ZNSt3__24moveIRNS_22__tree_node_destructorINS_9allocatorINS_11__tree_nodeINS_12__value_typeIi13sensor_structEEPvEEEEEEEEONS_16remove_referenceIT_E4typeEOSD_</name>
         <load_address>0x6d7e</load_address>
         <run_address>0x6d7e</run_address>
         <size>0xc</size>
         <input_file_ref idref="fl-8"/>
      </object_component>
      <object_component id="oc-236">
         <name>.text:_ZNSt3__24moveIRiEEONS_16remove_referenceIT_E4typeEOS3_</name>
         <load_address>0x6d8a</load_address>
         <run_address>0x6d8a</run_address>
         <size>0xc</size>
         <input_file_ref idref="fl-8"/>
      </object_component>
      <object_component id="oc-4b1">
         <name>.text:_ZNSt3__26__treeINS_12__value_typeIi13sensor_structEENS_19__map_value_compareIiS3_NS_4lessIiEELb1EEENS_9allocatorIS3_EEE12__begin_nodeEv</name>
         <load_address>0x6d96</load_address>
         <run_address>0x6d96</run_address>
         <size>0xc</size>
         <input_file_ref idref="fl-8"/>
      </object_component>
      <object_component id="oc-675">
         <name>.text:_ZNSt3__27forwardINS_15__tree_iteratorINS_12__value_typeIi13sensor_structEEPNS_11__tree_nodeIS4_PvEEiEEEEOT_RNS_16remove_referenceISA_E4typeE</name>
         <load_address>0x6da2</load_address>
         <run_address>0x6da2</run_address>
         <size>0xc</size>
         <input_file_ref idref="fl-8"/>
      </object_component>
      <object_component id="oc-741">
         <name>.text:_ZNSt3__27forwardINS_22__tree_node_destructorINS_9allocatorINS_11__tree_nodeINS_12__value_typeIi13sensor_structEEPvEEEEEEEEOT_RNS_16remove_referenceISB_E4typeE</name>
         <load_address>0x6dae</load_address>
         <run_address>0x6dae</run_address>
         <size>0xc</size>
         <input_file_ref idref="fl-8"/>
      </object_component>
      <object_component id="oc-4db">
         <name>.text:_ZNSt3__27forwardINS_5tupleIJEEEEEOT_RNS_16remove_referenceIS3_E4typeE</name>
         <load_address>0x6dba</load_address>
         <run_address>0x6dba</run_address>
         <size>0xc</size>
         <input_file_ref idref="fl-8"/>
      </object_component>
      <object_component id="oc-4d4">
         <name>.text:_ZNSt3__27forwardINS_5tupleIJOiEEEEEOT_RNS_16remove_referenceIS4_E4typeE</name>
         <load_address>0x6dc6</load_address>
         <run_address>0x6dc6</run_address>
         <size>0xc</size>
         <input_file_ref idref="fl-8"/>
      </object_component>
      <object_component id="oc-53a">
         <name>.text:_ZNSt3__27forwardINS_5tupleIJRKiEEEEEOT_RNS_16remove_referenceIS5_E4typeE</name>
         <load_address>0x6dd2</load_address>
         <run_address>0x6dd2</run_address>
         <size>0xc</size>
         <input_file_ref idref="fl-8"/>
      </object_component>
      <object_component id="oc-8b7">
         <name>.text:_ZNSt3__27forwardIOiEEOT_RNS_16remove_referenceIS2_E4typeE</name>
         <load_address>0x6dde</load_address>
         <run_address>0x6dde</run_address>
         <size>0xc</size>
         <input_file_ref idref="fl-8"/>
      </object_component>
      <object_component id="oc-80b">
         <name>.text:_ZNSt3__27forwardIPNS_11__tree_nodeINS_12__value_typeIi13sensor_structEEPvEEEEOT_RNS_16remove_referenceIS8_E4typeE</name>
         <load_address>0x6dea</load_address>
         <run_address>0x6dea</run_address>
         <size>0xc</size>
         <input_file_ref idref="fl-8"/>
      </object_component>
      <object_component id="oc-5c6">
         <name>.text:_ZNSt3__27forwardIRKNS_19__map_value_compareIiNS_12__value_typeIi13sensor_structEENS_4lessIiEELb1EEEEEOT_RNS_16remove_referenceISA_E4typeE</name>
         <load_address>0x6df6</load_address>
         <run_address>0x6df6</run_address>
         <size>0xc</size>
         <input_file_ref idref="fl-8"/>
      </object_component>
      <object_component id="oc-4cd">
         <name>.text:_ZNSt3__27forwardIRKNS_21piecewise_construct_tEEEOT_RNS_16remove_referenceIS4_E4typeE</name>
         <load_address>0x6e02</load_address>
         <run_address>0x6e02</run_address>
         <size>0xc</size>
         <input_file_ref idref="fl-8"/>
      </object_component>
      <object_component id="oc-52c">
         <name>.text:_ZNSt3__27forwardIRKiEEOT_RNS_16remove_referenceIS3_E4typeE</name>
         <load_address>0x6e0e</load_address>
         <run_address>0x6e0e</run_address>
         <size>0xc</size>
         <input_file_ref idref="fl-8"/>
      </object_component>
      <object_component id="oc-7e8">
         <name>.text:_ZNSt3__27forwardIRPNS_11__tree_nodeINS_12__value_typeIi13sensor_structEEPvEEEEOT_RNS_16remove_referenceIS9_E4typeE</name>
         <load_address>0x6e1a</load_address>
         <run_address>0x6e1a</run_address>
         <size>0xc</size>
         <input_file_ref idref="fl-8"/>
      </object_component>
      <object_component id="oc-67c">
         <name>.text:_ZNSt3__27forwardIRbEEOT_RNS_16remove_referenceIS2_E4typeE</name>
         <load_address>0x6e26</load_address>
         <run_address>0x6e26</run_address>
         <size>0xc</size>
         <input_file_ref idref="fl-8"/>
      </object_component>
      <object_component id="oc-4b8">
         <name>.text:_ZNSt3__27forwardIiEEOT_RNS_16remove_referenceIS1_E4typeE</name>
         <load_address>0x6e32</load_address>
         <run_address>0x6e32</run_address>
         <size>0xc</size>
         <input_file_ref idref="fl-8"/>
      </object_component>
      <object_component id="oc-683">
         <name>.text:_ZNSt3__29addressofINS_12__value_typeIi13sensor_structEEEEPT_RS4_</name>
         <load_address>0x6e3e</load_address>
         <run_address>0x6e3e</run_address>
         <size>0xc</size>
         <input_file_ref idref="fl-8"/>
      </object_component>
      <object_component id="oc-6ed">
         <name>.text:_ZNSt3__29addressofINS_15__tree_end_nodeIPNS_16__tree_node_baseIPvEEEEEEPT_RS7_</name>
         <load_address>0x6e4a</load_address>
         <run_address>0x6e4a</run_address>
         <size>0xc</size>
         <input_file_ref idref="fl-8"/>
      </object_component>
      <object_component id="oc-72c">
         <name>.text:_ZNSt3__29addressofINS_4pairIKi13sensor_structEEEEPT_RS5_</name>
         <load_address>0x6e56</load_address>
         <run_address>0x6e56</run_address>
         <size>0xc</size>
         <input_file_ref idref="fl-8"/>
      </object_component>
      <object_component id="oc-605">
         <name>.text:_ZNSt3__29addressofIPNS_16__tree_node_baseIPvEEEEPT_RS5_</name>
         <load_address>0x6e62</load_address>
         <run_address>0x6e62</run_address>
         <size>0xc</size>
         <input_file_ref idref="fl-8"/>
      </object_component>
      <object_component id="oc-843">
         <name>.text:_ZNSt3__29allocatorINS_11__tree_nodeINS_12__value_typeIi13sensor_structEEPvEEEC1Ev</name>
         <load_address>0x6e6e</load_address>
         <run_address>0x6e6e</run_address>
         <size>0xc</size>
         <input_file_ref idref="fl-8"/>
      </object_component>
      <object_component id="oc-7ab">
         <name>.text:_ZNSt3__29allocatorINS_11__tree_nodeINS_12__value_typeIi13sensor_structEEPvEEEC2Ev</name>
         <load_address>0x6e7a</load_address>
         <run_address>0x6e7a</run_address>
         <size>0xc</size>
         <input_file_ref idref="fl-8"/>
      </object_component>
      <object_component id="oc-888">
         <name>.text:_ZSt15get_new_handlerv</name>
         <load_address>0x6e88</load_address>
         <run_address>0x6e88</run_address>
         <size>0xc</size>
         <input_file_ref idref="fl-e2"/>
      </object_component>
      <object_component id="oc-c2">
         <name>.text:__cxa_guard_acquire</name>
         <load_address>0x6e94</load_address>
         <run_address>0x6e94</run_address>
         <size>0xc</size>
         <input_file_ref idref="fl-e4"/>
      </object_component>
      <object_component id="oc-463">
         <name>.text:__cxa_ia64_exit</name>
         <load_address>0x6ea0</load_address>
         <run_address>0x6ea0</run_address>
         <size>0xc</size>
         <input_file_ref idref="fl-e3"/>
      </object_component>
      <object_component id="oc-49">
         <name>.text:decompress:ZI:__TI_zero_init</name>
         <load_address>0x6eac</load_address>
         <run_address>0x6eac</run_address>
         <size>0xc</size>
         <input_file_ref idref="fl-ea"/>
      </object_component>
      <object_component id="oc-7d5">
         <name>.text:_ZNSt3__220__throw_length_errorEPKc</name>
         <load_address>0x6eb8</load_address>
         <run_address>0x6eb8</run_address>
         <size>0xa</size>
         <input_file_ref idref="fl-8"/>
      </object_component>
      <object_component id="oc-ce">
         <name>.text:__cxa_guard_release</name>
         <load_address>0x6ec2</load_address>
         <run_address>0x6ec2</run_address>
         <size>0xa</size>
         <input_file_ref idref="fl-e4"/>
      </object_component>
      <object_component id="oc-89d">
         <name>.text:_ZdlPv</name>
         <load_address>0x6ecc</load_address>
         <run_address>0x6ecc</run_address>
         <size>0x8</size>
         <input_file_ref idref="fl-e2"/>
      </object_component>
      <object_component id="oc-a3">
         <name>.text:_system_pre_init</name>
         <load_address>0x6ed4</load_address>
         <run_address>0x6ed4</run_address>
         <size>0x4</size>
         <input_file_ref idref="fl-f9"/>
      </object_component>
      <object_component id="oc-1a0">
         <name>.text:abort:abort</name>
         <load_address>0x6ed8</load_address>
         <run_address>0x6ed8</run_address>
         <size>0x4</size>
         <input_file_ref idref="fl-ee"/>
      </object_component>
      <object_component id="oc-1fb">
         <name>.const:_ctlRegs</name>
         <load_address>0x6edc</load_address>
         <run_address>0x6edc</run_address>
         <size>0x80</size>
         <input_file_ref idref="fl-b"/>
      </object_component>
      <object_component id="oc-211">
         <name>.const:g_pulRegs</name>
         <load_address>0x6f5c</load_address>
         <run_address>0x6f5c</run_address>
         <size>0x50</size>
         <input_file_ref idref="fl-16"/>
      </object_component>
      <object_component id="oc-7e3">
         <name>.const:.string:_ZZNSt3__29allocatorINS_11__tree_nodeINS_12__value_typeIi13sensor_structEEPvEEE8allocateEjPKvEs</name>
         <load_address>0x6fac</load_address>
         <run_address>0x6fac</run_address>
         <size>0x44</size>
         <input_file_ref idref="fl-8"/>
      </object_component>
      <object_component id="oc-439">
         <name>.const:uartConfig</name>
         <load_address>0x6ff0</load_address>
         <run_address>0x6ff0</run_address>
         <size>0x24</size>
         <input_file_ref idref="fl-6"/>
      </object_component>
      <object_component id="oc-20e">
         <name>.const:g_pulPriority</name>
         <load_address>0x7014</load_address>
         <run_address>0x7014</run_address>
         <size>0x20</size>
[...]
      <symbol id="sm-ed2">
         <name>Timer_A_configureUpDownMode</name>
         <value>0x2eb9</value>
         <object_component_ref idref="oc-e0"/>
      </symbol>
      <symbol id="sm-ed3">
         <name>Timer_A_getSynchronizedCaptureCompareInput</name>
         <value>0x3017</value>
         <object_component_ref idref="oc-e0"/>
      </symbol>
      <symbol id="sm-ed4">
         <name>Timer_A_configureUpMode</name>
         <value>0x2e5b</value>
         <object_component_ref idref="oc-e0"/>
      </symbol>
      <symbol id="sm-ed5">
         <name>Timer_A_getEnabledInterruptStatus</name>
         <value>0x3279</value>
         <object_component_ref idref="oc-e0"/>
      </symbol>
      <symbol id="sm-ed6">
         <name>Timer_A_disableInterrupt</name>
         <value>0x31d7</value>
         <object_component_ref idref="oc-e0"/>
      </symbol>
      <symbol id="sm-ed7">
         <name>Timer_A_configureContinuousMode</name>
         <value>0x2e2b</value>
         <object_component_ref idref="oc-e0"/>
      </symbol>
      <symbol id="sm-ed8">
         <name>Timer_A_getCaptureCompareEnabledInterruptStatus</name>
         <value>0x3291</value>
         <object_component_ref idref="oc-e0"/>
      </symbol>
      <symbol id="sm-ed9">
         <name>Timer_A_getInterruptStatus</name>
         <value>0x31eb</value>
         <object_component_ref idref="oc-e0"/>
      </symbol>
      <symbol id="sm-eda">
         <name>Timer_A_enableInterrupt</name>
         <value>0x31c3</value>
         <object_component_ref idref="oc-e0"/>
      </symbol>
      <symbol id="sm-edb">
         <name>Timer_A_unregisterInterrupt</name>
         <value>0x339f</value>
         <object_component_ref idref="oc-e0"/>
      </symbol>
      <symbol id="sm-f32">
         <name>UART_unregisterInterrupt</name>
         <value>0x3c99</value>
         <object_component_ref idref="oc-145"/>
      </symbol>
      <symbol id="sm-f33">
         <name>UART_enableInterrupt</name>
         <value>0x3b25</value>
         <object_component_ref idref="oc-145"/>
      </symbol>
      <symbol id="sm-f34">
         <name>UART_receiveData</name>
         <value>0x39fb</value>
         <object_component_ref idref="oc-145"/>
      </symbol>
      <symbol id="sm-f35">
         <name>UART_enableModule</name>
         <value>0x3a21</value>
         <object_component_ref idref="oc-145"/>
      </symbol>
      <symbol id="sm-f36">
         <name>UART_disableModule</name>
         <value>0x3a37</value>
         <object_component_ref idref="oc-145"/>
      </symbol>
      <symbol id="sm-f37">
         <name>UART_getEnabledInterruptStatus</name>
         <value>0x3ba1</value>
         <object_component_ref idref="oc-145"/>
      </symbol>
      <symbol id="sm-f38">
         <name>UART_transmitData</name>
         <value>0x39d1</value>
         <object_component_ref idref="oc-145"/>
      </symbol>
      <symbol id="sm-f39">
         <name>UART_transmitBreak</name>
         <value>0x3aa7</value>
         <object_component_ref idref="oc-145"/>
      </symbol>
      <symbol id="sm-f3a">
         <name>UART_registerInterrupt</name>
         <value>0x3c1d</value>
         <object_component_ref idref="oc-145"/>
      </symbol>
      <symbol id="sm-f3b">
         <name>UART_selectDeglitchTime</name>
         <value>0x3b09</value>
         <object_component_ref idref="oc-145"/>
      </symbol>
      <symbol id="sm-f3c">
         <name>UART_getInterruptStatus</name>
         <value>0x3b85</value>
         <object_component_ref idref="oc-145"/>
      </symbol>
      <symbol id="sm-f3d">
         <name>UART_getReceiveBufferAddressForDMA</name>
         <value>0x3aed</value>
         <object_component_ref idref="oc-145"/>
      </symbol>
      <symbol id="sm-f3e">
         <name>UART_getTransmitBufferAddressForDMA</name>
         <value>0x3afb</value>
         <object_component_ref idref="oc-145"/>
      </symbol>
      <symbol id="sm-f3f">
         <name>UART_initModule</name>
         <value>0x38e9</value>
         <object_component_ref idref="oc-145"/>
      </symbol>
      <symbol id="sm-f40">
         <name>UART_transmitAddress</name>
         <value>0x3a89</value>
         <object_component_ref idref="oc-145"/>
      </symbol>
      <symbol id="sm-f41">
         <name>UART_clearInterruptFlag</name>
         <value>0x3bfd</value>
         <object_component_ref idref="oc-145"/>
      </symbol>
      <symbol id="sm-f42">
         <name>UART_queryStatusFlags</name>
         <value>0x3a4d</value>
         <object_component_ref idref="oc-145"/>
      </symbol>
      <symbol id="sm-f43">
         <name>UART_disableInterrupt</name>
         <value>0x3b55</value>
         <object_component_ref idref="oc-145"/>
      </symbol>
      <symbol id="sm-f44">
         <name>UART_setDormant</name>
         <value>0x3a61</value>
         <object_component_ref idref="oc-145"/>
      </symbol>
      <symbol id="sm-f45">
         <name>UART_resetDormant</name>
         <value>0x3a75</value>
         <object_component_ref idref="oc-145"/>
      </symbol>
      <symbol id="sm-f5c">
         <name>WDT_A_setTimeoutReset</name>
         <value>0x5821</value>
         <object_component_ref idref="oc-18d"/>
      </symbol>
      <symbol id="sm-f5d">
         <name>WDT_A_registerInterrupt</name>
         <value>0x582d</value>
         <object_component_ref idref="oc-18d"/>
      </symbol>
      <symbol id="sm-f5e">
         <name>WDT_A_setPasswordViolationReset</name>
         <value>0x5815</value>
         <object_component_ref idref="oc-18d"/>
      </symbol>
      <symbol id="sm-f5f">
         <name>WDT_A_initIntervalTimer</name>
         <value>0x57f9</value>
         <object_component_ref idref="oc-18d"/>
      </symbol>
      <symbol id="sm-f60">
         <name>WDT_A_clearTimer</name>
         <value>0x57bd</value>
         <object_component_ref idref="oc-18d"/>
      </symbol>
      <symbol id="sm-f61">
         <name>WDT_A_holdTimer</name>
         <value>0x577d</value>
         <object_component_ref idref="oc-18d"/>
      </symbol>
      <symbol id="sm-f62">
         <name>WDT_A_initWatchdogTimer</name>
         <value>0x57dd</value>
         <object_component_ref idref="oc-18d"/>
      </symbol>
      <symbol id="sm-f63">
         <name>WDT_A_startTimer</name>
         <value>0x579d</value>
         <object_component_ref idref="oc-18d"/>
      </symbol>
      <symbol id="sm-f64">
         <name>WDT_A_unregisterInterrupt</name>
         <value>0x5841</value>
         <object_component_ref idref="oc-18d"/>
      </symbol>
      <symbol id="sm-f98">
         <name>_ZSt15get_new_handlerv</name>
         <value>0x6e89</value>
         <object_component_ref idref="oc-888"/>
      </symbol>
      <symbol id="sm-f99">
         <name>_Znwj</name>
         <value>0x67e7</value>
         <object_component_ref idref="oc-851"/>
      </symbol>
      <symbol id="sm-f9a">
         <name>_ZdlPv</name>
         <value>0x6ecd</value>
         <object_component_ref idref="oc-89d"/>
      </symbol>
      <symbol id="sm-fe1">
         <name>__dso_handle</name>
         <value>0x20000714</value>
      </symbol>
      <symbol id="sm-fe2">
         <name>_Z25__add_destruction_to_listPP20a_needed_destructionPFYvPvES2_S2_</name>
         <value>0x60c1</value>
         <object_component_ref idref="oc-1ed"/>
      </symbol>
      <symbol id="sm-fe3">
         <name>__aeabi_atexit</name>
         <value>0x64e1</value>
         <object_component_ref idref="oc-c8"/>
      </symbol>
      <symbol id="sm-fe4">
         <name>_Z23__finalize_destructionsPP20a_needed_destructionPv</name>
         <value>0x6149</value>
         <object_component_ref idref="oc-5a6"/>
      </symbol>
      <symbol id="sm-fe5">
         <name>__cxa_ia64_exit</name>
         <value>0x6ea1</value>
         <object_component_ref idref="oc-463"/>
      </symbol>
      <symbol id="sm-fff">
         <name>__cxa_guard_release</name>
         <value>0x6ec3</value>
         <object_component_ref idref="oc-ce"/>
      </symbol>
      <symbol id="sm-1000">
         <name>__cxa_guard_acquire</name>
         <value>0x6e95</value>
         <object_component_ref idref="oc-c2"/>
      </symbol>
      <symbol id="sm-1014">
         <name>__aeabi_ddiv</name>
         <value>0x523f</value>
         <object_component_ref idref="oc-f8"/>
      </symbol>
      <symbol id="sm-101f">
         <name>__aeabi_dmul</name>
         <value>0x55a9</value>
         <object_component_ref idref="oc-f3"/>
      </symbol>
      <symbol id="sm-102b">
         <name>__aeabi_d2f</name>
         <value>0x5d75</value>
         <object_component_ref idref="oc-fd"/>
      </symbol>
      <symbol id="sm-1036">
         <name>__aeabi_f2d</name>
         <value>0x640d</value>
         <object_component_ref idref="oc-ee"/>
      </symbol>
      <symbol id="sm-1045">
         <name>__aeabi_memset</name>
         <value>0x5c83</value>
         <object_component_ref idref="oc-9d"/>
      </symbol>
      <symbol id="sm-1046">
         <name>memset</name>
         <value>0x5c89</value>
         <object_component_ref idref="oc-9d"/>
      </symbol>
      <symbol id="sm-1047">
         <name>__aeabi_memset8</name>
         <value>0x5c83</value>
         <object_component_ref idref="oc-9d"/>
      </symbol>
      <symbol id="sm-1048">
         <name>__aeabi_memset4</name>
         <value>0x5c83</value>
         <object_component_ref idref="oc-9d"/>
      </symbol>
      <symbol id="sm-1049">
         <name>__aeabi_memclr8</name>
         <value>0x5c81</value>
         <object_component_ref idref="oc-9d"/>
      </symbol>
      <symbol id="sm-104a">
         <name>__aeabi_memclr4</name>
         <value>0x5c81</value>
         <object_component_ref idref="oc-9d"/>
      </symbol>
      <symbol id="sm-104b">
         <name>__aeabi_memclr</name>
         <value>0x5c81</value>
         <object_component_ref idref="oc-9d"/>
      </symbol>
      <symbol id="sm-1062">
         <name>__TI_zero_init</name>
         <value>0x6ead</value>
         <object_component_ref idref="oc-49"/>
      </symbol>
      <symbol id="sm-1079">
         <name>__TI_decompress_none</name>
         <value>0x6c1f</value>
         <object_component_ref idref="oc-1a"/>
      </symbol>
      <symbol id="sm-109c">
         <name>__TI_decompress_lzss</name>
         <value>0x5de3</value>
         <object_component_ref idref="oc-14"/>
      </symbol>
      <symbol id="sm-10af">
         <name>__stack</name>
         <value>0x2000fe00</value>
         <object_component_ref idref="oc-26"/>
      </symbol>
      <symbol id="sm-10b0">
         <name>_c_int00_noargs</name>
         <value>0x639d</value>
         <object_component_ref idref="oc-55"/>
      </symbol>
      <symbol id="sm-10d6">
         <name>C$$EXIT</name>
         <value>0x6ed9</value>
         <object_component_ref idref="oc-1a0"/>
      </symbol>
      <symbol id="sm-10d7">
         <name>abort</name>
         <value>0x6ed9</value>
         <object_component_ref idref="oc-1a0"/>
      </symbol>
      <symbol id="sm-10d8">
         <name>__TI_dtors_ptr</name>
         <value>0x20000ca0</value>
         <object_component_ref idref="oc-43e"/>
      </symbol>
      <symbol id="sm-10d9">
         <name>__TI_cleanup_ptr</name>
         <value>0x20000c9c</value>
         <object_component_ref idref="oc-43e"/>
      </symbol>
      <symbol id="sm-10da">
         <name>__TI_enable_exit_profile_output</name>
         <value>0x20000ca4</value>
         <object_component_ref idref="oc-43e"/>
      </symbol>
      <symbol id="sm-10db">
         <name>exit</name>
         <value>0x5fed</value>
         <object_component_ref idref="oc-1a6"/>
      </symbol>
      <symbol id="sm-1156">
         <name>_sys_memory</name>
         <value>0x20000720</value>
         <object_component_ref idref="oc-29"/>
      </symbol>
      <symbol id="sm-1157">
         <name>free</name>
         <value>0x56a5</value>
         <object_component_ref idref="oc-6c1"/>
      </symbol>
      <symbol id="sm-1158">
         <name>malloc</name>
         <value>0x5cfd</value>
         <object_component_ref idref="oc-45d"/>
      </symbol>
      <symbol id="sm-1159">
         <name>minit</name>
         <value>0x63d5</value>
         <object_component_ref idref="oc-590"/>
      </symbol>
      <symbol id="sm-116e">
         <name>_nop</name>
         <value>0x5cfb</value>
         <object_component_ref idref="oc-46a"/>
      </symbol>
      <symbol id="sm-116f">
         <name>_lock</name>
         <value>0x20000cc0</value>
         <object_component_ref idref="oc-1f3"/>
      </symbol>
      <symbol id="sm-1170">
         <name>_unlock</name>
         <value>0x20000cc4</value>
         <object_component_ref idref="oc-1f3"/>
      </symbol>
      <symbol id="sm-1191">
         <name>memcpy</name>
         <value>0x59bd</value>
         <object_component_ref idref="oc-37"/>
      </symbol>
      <symbol id="sm-1192">
         <name>__aeabi_memcpy</name>
         <value>0x59bd</value>
         <object_component_ref idref="oc-37"/>
      </symbol>
      <symbol id="sm-1193">
         <name>__aeabi_memcpy8</name>
         <value>0x59bd</value>
         <object_component_ref idref="oc-37"/>
      </symbol>
      <symbol id="sm-1194">
         <name>__aeabi_memcpy4</name>
         <value>0x59bd</value>
         <object_component_ref idref="oc-37"/>
      </symbol>
      <symbol id="sm-11bc">
         <name>__TI_auto_init_nobinit_nopinit</name>
         <value>0x6105</value>
         <object_component_ref idref="oc-1ac"/>
      </symbol>
      <symbol id="sm-11c6">
         <name>_system_pre_init</name>
         <value>0x6ed5</value>
         <object_component_ref idref="oc-a3"/>
      </symbol>
      <symbol id="sm-11cb">
         <name>__TI_static_base__</name>
         <value>0x0</value>
      </symbol>
      <symbol id="sm-11ce">
         <name>__mpu_init</name>
         <value>0x0</value>
      </symbol>
      <symbol id="sm-11cf">
         <name>_system_post_cinit</name>
         <value>0x0</value>
      </symbol>
      <symbol id="sm-11d0">
         <name>NMI_Handler</name>
         <value>0x6c39</value>
      </symbol>
      <symbol id="sm-11d1">
         <name>HardFault_Handler</name>
         <value>0x6c39</value>
      </symbol>
      <symbol id="sm-11d2">
         <name>MemManage_Handler</name>
         <value>0x6c39</value>
      </symbol>
      <symbol id="sm-11d3">
         <name>BusFault_Handler</name>
         <value>0x6c39</value>
      </symbol>
      <symbol id="sm-11d4">
         <name>UsageFault_Handler</name>
         <value>0x6c39</value>
      </symbol>
      <symbol id="sm-11d5">
         <name>SVC_Handler</name>
         <value>0x6c39</value>
      </symbol>
      <symbol id="sm-11d6">
         <name>DebugMon_Handler</name>
         <value>0x6c39</value>
      </symbol>
      <symbol id="sm-11d7">
         <name>PendSV_Handler</name>
         <value>0x6c39</value>
      </symbol>
      <symbol id="sm-11d8">
         <name>SysTick_Handler</name>
         <value>0x6c39</value>
      </symbol>
      <symbol id="sm-11d9">
         <name>PSS_IRQHandler</name>
         <value>0x6c39</value>
      </symbol>
      <symbol id="sm-11da">
         <name>CS_IRQHandler</name>
         <value>0x6c39</value>
      </symbol>
      <symbol id="sm-11db">
         <name>PCM_IRQHandler</name>
         <value>0x6c39</value>
      </symbol>
      <symbol id="sm-11dc">
         <name>WDT_A_IRQHandler</name>
         <value>0x6c39</value>
      </symbol>
      <symbol id="sm-11dd">
         <name>FPU_IRQHandler</name>
         <value>0x6c39</value>
      </symbol>
      <symbol id="sm-11de">
         <name>FLCTL_IRQHandler</name>
         <value>0x6c39</value>
      </symbol>
      <symbol id="sm-11df">
         <name>COMP_E0_IRQHandler</name>
         <value>0x6c39</value>
      </symbol>
      <symbol id="sm-11e0">
         <name>COMP_E1_IRQHandler</name>
         <value>0x6c39</value>
      </symbol>
      <symbol id="sm-11e1">
         <name>TA0_0_IRQHandler</name>
         <value>0x6c39</value>
      </symbol>
      <symbol id="sm-11e2">
         <name>TA0_N_IRQHandler</name>
         <value>0x6c39</value>
      </symbol>
      <symbol id="sm-11e3">
         <name>TA1_0_IRQHandler</name>
         <value>0x3ddd</value>
      </symbol>
      <symbol id="sm-11e4">
         <name>TA1_N_IRQHandler</name>
         <value>0x6c39</value>
      </symbol>
      <symbol id="sm-11e5">
         <name>TA2_0_IRQHandler</name>
         <value>0x546d</value>
      </symbol>
      <symbol id="sm-11e6">
         <name>TA2_N_IRQHandler</name>
         <value>0x6c39</value>
      </symbol>
      <symbol id="sm-11e7">
         <name>TA3_0_IRQHandler</name>
         <value>0x6c39</value>
      </symbol>
      <symbol id="sm-11e8">
         <name>TA3_N_IRQHandler</name>
         <value>0x6c39</value>
      </symbol>
      <symbol id="sm-11e9">
         <name>EUSCIA0_IRQHandler</name>
         <value>0x4d85</value>
      </symbol>
      <symbol id="sm-11ea">
         <name>EUSCIA1_IRQHandler</name>
         <value>0x6c39</value>
      </symbol>
      <symbol id="sm-11eb">
         <name>EUSCIA2_IRQHandler</name>
         <value>0x6c39</value>
      </symbol>
      <symbol id="sm-11ec">
         <name>EUSCIA3_IRQHandler</name>
         <value>0x6c39</value>
      </symbol>
      <symbol id="sm-11ed">
         <name>EUSCIB0_IRQHandler</name>
         <value>0x6c39</value>
      </symbol>
      <symbol id="sm-11ee">
         <name>EUSCIB1_IRQHandler</name>
         <value>0x6c39</value>
      </symbol>
      <symbol id="sm-11ef">
         <name>EUSCIB2_IRQHandler</name>
         <value>0x6c39</value>
      </symbol>
      <symbol id="sm-11f0">
         <name>EUSCIB3_IRQHandler</name>
         <value>0x6c39</value>
      </symbol>
      <symbol id="sm-11f1">
         <name>ADC14_IRQHandler</name>
         <value>0x6c39</value>
      </symbol>
      <symbol id="sm-11f2">
         <name>T32_INT1_IRQHandler</name>
         <value>0x6c39</value>
      </symbol>
      <symbol id="sm-11f3">
         <name>T32_INT2_IRQHandler</name>
         <value>0x6c39</value>
      </symbol>
      <symbol id="sm-11f4">
         <name>T32_INTC_IRQHandler</name>
         <value>0x6c39</value>
      </symbol>
      <symbol id="sm-11f5">
         <name>AES256_IRQHandler</name>
         <value>0x6c39</value>
      </symbol>
      <symbol id="sm-11f6">
         <name>RTC_C_IRQHandler</name>
         <value>0x6c39</value>
      </symbol>
      <symbol id="sm-11f7">
         <name>DMA_ERR_IRQHandler</name>
         <value>0x6c39</value>
      </symbol>
      <symbol id="sm-11f8">
         <name>DMA_INT3_IRQHandler</name>
         <value>0x6c39</value>
      </symbol>
      <symbol id="sm-11f9">
         <name>DMA_INT2_IRQHandler</name>
         <value>0x6c39</value>
      </symbol>
      <symbol id="sm-11fa">
         <name>DMA_INT1_IRQHandler</name>
         <value>0x6c39</value>
      </symbol>
      <symbol id="sm-11fb">
         <name>DMA_INT0_IRQHandler</name>
         <value>0x6c39</value>
      </symbol>
      <symbol id="sm-11fc">
         <name>PORT1_IRQHandler</name>
         <value>0x6c39</value>
      </symbol>
      <symbol id="sm-11fd">
         <name>PORT2_IRQHandler</name>
         <value>0x6c39</value>
      </symbol>
      <symbol id="sm-11fe">
         <name>PORT3_IRQHandler</name>
         <value>0x6c39</value>
      </symbol>
      <symbol id="sm-11ff">
         <name>PORT4_IRQHandler</name>
         <value>0x6c39</value>
      </symbol>
      <symbol id="sm-1200">
         <name>PORT5_IRQHandler</name>
         <value>0x6c39</value>
      </symbol>
      <symbol id="sm-1201">
         <name>PORT6_IRQHandler</name>
         <value>0x6c39</value>
      </symbol>
      <symbol id="sm-1202">
         <name>_ZSt17__throw_bad_allocv</name>
         <value>0x6ed9</value>
      </symbol>
   </symbol_table>
   <title>Link successful</title>
</link_info>
