******************************************************************************
                  TI ARM Linker Unix v18.1.4                   
******************************************************************************
>> Linked Sat Sep  7 14:57:38 2019

OUTPUT FILE NAME:   <jumpy.out>
ENTRY POINT SYMBOL: "_c_int00_noargs"  address: 00006b01


MEMORY CONFIGURATION

         name            origin    length      used     unused   attr    fill
----------------------  --------  ---------  --------  --------  ----  --------
  MAIN                  00000000   00040000  00007990  00038670  R  X
  INFO                  00200000   00004000  00000000  00004000  R  X
  SRAM_CODE             01000000   00010000  00000f6c  0000f094  RW X
  SRAM_DATA             20000000   00010000  00000f6c  0000f094  RW  


SEGMENT ALLOCATION MAP

run origin  load origin   length   init length attrs members
----------  ----------- ---------- ----------- ----- -------
00000000    00000000    00007990   00007990    r-x
  00000000    00000000    000000e4   000000e4    r-- .intvecs
  000000e4    000000e4    0000755c   0000755c    r-x .text
  00007640    00007640    00000238   00000238    r-- .const
  00007878    00007878    00000118   00000118    r-- .cinit
20000000    20000000    00000d70   00000000    rw-
  20000000    20000000    000000e4   00000000    rw- .vtable
  200000e4    200000e4    00000640   00000000    rw- .bss
  20000728    20000728    00000400   00000000    rw- .sysmem
  20000b28    20000b28    00000248   00000000    rw- .data
2000fe00    2000fe00    00000200   00000000    rw-
  2000fe00    2000fe00    00000200   00000000    rw- .stack


SECTION ALLOCATION MAP

 output                                  attributes/
section   page    origin      length       input sections
--------  ----  ----------  ----------   ----------------
.intvecs   0    00000000    000000e4     
                  00000000    000000e4     startup_msp432p401r_ccs.obj (.intvecs:retain)

.text      0    000000e4    0000755c     
                  000000e4    0000159c     flash.obj (.text)
                  00001680    00000d7c     cs.obj (.text)
                  000023fc    000008d4     adc14.obj (.text)
                  00002cd0    00000798     timer_a.obj (.text)
                  00003468    00000564     sense.obj (.text)
                  000039cc    00000480     gpio.obj (.text)
                  00003e4c    0000041c     uart.obj (.text)
                  00004268    000003f0     interrupt.obj (.text)
                  00004658    0000036c     initialization.obj (.text)
                  000049c4    00000334     system_msp432p401r.obj (.text)
                  00004cf8    0000032c     comms.obj (.text)
                  00005024    000002e8     encoder.obj (.text)
                  0000530c    000002a0     control.obj (.text)
                  000055ac    00000244     sysctl.obj (.text)
                  000057f0    000001b6     rtsv7M4_T_le_v4SPD16_eabi.lib : fd_add_t2.asm.obj (.text)
                  000059a6    0000013e     sense.obj (.text:_ZNSt3__227__tree_balance_after_insertIPNS_16__tree_node_baseIPvEEEEvT_S5_)
                  00005ae4    00000136     rtsv7M4_T_le_v4SPD16_eabi.lib : fd_div_t2.asm.obj (.text)
                  00005c1a    000000fc                                   : fd_mul_t2.asm.obj (.text)
                  00005d16    00000002                                   : _lock.c.obj (.text:_nop)
                  00005d18    000000d8                                   : memory.c.obj (.text:free)
                  00005df0    000000d8     wdt_a.obj (.text)
                  00005ec8    000000c0     fpu.obj (.text)
                  00005f88    000000a8     sense.obj (.text:_ZNSt3__26__treeINS_12__value_typeIi13sensor_structEENS_19__map_value_compareIiS3_NS_4lessIiEELb1EEENS_9allocatorIS3_EEE12__find_equalIiEERPNS_16__tree_node_baseIPvEERPNS_15__tree_end_nodeISF_EERKT_)
                  00006030    000000a8     main.obj (.text)
                  000060d8    0000009c     rtsv7M4_T_le_v4SPD16_eabi.lib : memcpy_t2.asm.obj (.text)
                  00006174    00000092     sense.obj (.text:_ZNSt3__26__treeINS_12__value_typeIi13sensor_structEENS_19__map_value_compareIiS3_NS_4lessIiEELb1EEENS_9allocatorIS3_EEE25__emplace_unique_key_argsIiJRKNS_21piecewise_construct_tENS_5tupleIJOiEEENSF_IJEEEEEENS_4pairINS_15__tree_iteratorIS3_PNS_11__tree_nodeIS3_PvEEiEEbEERKT_DpOT0_)
                  00006206    00000092     sense.obj (.text:_ZNSt3__26__treeINS_12__value_typeIi13sensor_structEENS_19__map_value_compareIiS3_NS_4lessIiEELb1EEENS_9allocatorIS3_EEE25__emplace_unique_key_argsIiJRKNS_21piecewise_construct_tENS_5tupleIJRKiEEENSF_IJEEEEEENS_4pairINS_15__tree_iteratorIS3_PNS_11__tree_nodeIS3_PvEEiEEbEERKT_DpOT0_)
                  00006298    00000082     sense.obj (.text:_ZNSt3__26__treeINS_12__value_typeIi13sensor_structEENS_19__map_value_compareIiS3_NS_4lessIiEELb1EEENS_9allocatorIS3_EEE16__construct_nodeIJRKNS_21piecewise_construct_tENS_5tupleIJOiEEENSF_IJEEEEEENS_10unique_ptrINS_11__tree_nodeIS3_PvEENS_22__tree_node_destructorINS8_ISM_EEEEEEDpOT_)
                  0000631a    00000082     sense.obj (.text:_ZNSt3__26__treeINS_12__value_typeIi13sensor_structEENS_19__map_value_compareIiS3_NS_4lessIiEELb1EEENS_9allocatorIS3_EEE16__construct_nodeIJRKNS_21piecewise_construct_tENS_5tupleIJRKiEEENSF_IJEEEEEENS_10unique_ptrINS_11__tree_nodeIS3_PvEENS_22__tree_node_destructorINS8_ISN_EEEEEEDpOT_)
                  0000639c    0000007a     rtsv7M4_T_le_v4SPD16_eabi.lib : memset_t2.asm.obj (.text)
                  00006416    00000002     --HOLE-- [fill = 0]
                  00006418    00000078                                   : memory.c.obj (.text:malloc)
                  00006490    0000006e                                   : fd_tos_t2.asm.obj (.text)
                  000064fe    00000068                                   : copy_decompress_lzss.c.obj (.text:decompress:lzss:__TI_decompress_lzss)
                  00006566    00000060     sense.obj (.text:_ZNSt3__26__treeINS_12__value_typeIi13sensor_structEENS_19__map_value_compareIiS3_NS_4lessIiEELb1EEENS_9allocatorIS3_EEE16__insert_node_atEPNS_15__tree_end_nodeIPNS_16__tree_node_baseIPvEEEERSF_SF_)
                  000065c6    00000056     sense.obj (.text:_ZNSt3__218__tree_left_rotateIPNS_16__tree_node_baseIPvEEEEvT_)
                  0000661c    00000056     sense.obj (.text:_ZNSt3__219__tree_right_rotateIPNS_16__tree_node_baseIPvEEEEvT_)
                  00006672    00000002     --HOLE-- [fill = 0]
                  00006674    0000004c     sense.obj (.text:_ZNSt3__23mapIi13sensor_structNS_4lessIiEENS_9allocatorINS_4pairIKiS1_EEEEEixEOi)
                  000066c0    00000048     sense.obj (.text:_ZNSt3__23mapIi13sensor_structNS_4lessIiEENS_9allocatorINS_4pairIKiS1_EEEEEixERS6_)
                  00006708    00000048     rtsv7M4_T_le_v4SPD16_eabi.lib : exit.c.obj (.text:exit)
                  00006750    00000048                                   : fd_toi_t2.asm.obj (.text)
                  00006798    00000046     sense.obj (.text:_ZNSt3__29allocatorINS_11__tree_nodeINS_12__value_typeIi13sensor_structEEPvEEE9constructINS_4pairIKiS3_EEJRKNS_21piecewise_construct_tENS_5tupleIJOiEEENSF_IJEEEEEEvPT_DpOT0_)
                  000067de    00000046     sense.obj (.text:_ZNSt3__29allocatorINS_11__tree_nodeINS_12__value_typeIi13sensor_structEEPvEEE9constructINS_4pairIKiS3_EEJRKNS_21piecewise_construct_tENS_5tupleIJRSA_EEENSF_IJEEEEEEvPT_DpOT0_)
                  00006824    00000044     rtsv7M4_T_le_v4SPD16_eabi.lib : dtor_list.c.obj (.text:_Z25__add_destruction_to_listPP20a_needed_destructionPFYvPvES2_S2_)
                  00006868    00000044                                   : autoinit.c.obj (.text:__TI_auto_init_nobinit_nopinit:__TI_auto_init_nobinit_nopinit)
                  000068ac    00000042                                   : dtor_list.c.obj (.text:_Z23__finalize_destructionsPP20a_needed_destructionPv)
                  000068ee    00000042     sense.obj (.text:_ZNSt3__26__treeINS_12__value_typeIi13sensor_structEENS_19__map_value_compareIiS3_NS_4lessIiEELb1EEENS_9allocatorIS3_EEE7destroyEPNS_11__tree_nodeIS3_PvEE)
                  00006930    0000003e     cpu.obj (.text)
                  0000696e    00000002     --HOLE-- [fill = 0]
                  00006970    0000003c     rtsv7M4_T_le_v4SPD16_eabi.lib : memory.c.obj (.text:minsert)
                  000069ac    0000003a     sense.obj (.text:_ZNSt3__216allocator_traitsINS_9allocatorINS_11__tree_nodeINS_12__value_typeIi13sensor_structEEPvEEEEE9constructINS_4pairIKiS4_EEJRKNS_21piecewise_construct_tENS_5tupleIJOiEEENSH_IJEEEEEEvRS8_PT_DpOT0_)
                  000069e6    0000003a     sense.obj (.text:_ZNSt3__216allocator_traitsINS_9allocatorINS_11__tree_nodeINS_12__value_typeIi13sensor_structEEPvEEEEE9constructINS_4pairIKiS4_EEJRKNS_21piecewise_construct_tENS_5tupleIJRSC_EEENSH_IJEEEEEEvRS8_PT_DpOT0_)
                  00006a20    00000038     sense.obj (.text:_ZNSt3__216allocator_traitsINS_9allocatorINS_11__tree_nodeINS_12__value_typeIi13sensor_structEEPvEEEEE11__constructINS_4pairIKiS4_EEJRKNS_21piecewise_construct_tENS_5tupleIJOiEEENSH_IJEEEEEEvNS_17integral_constantIbLb1EEERS8_PT_DpOT0_)
                  00006a58    00000038     sense.obj (.text:_ZNSt3__216allocator_traitsINS_9allocatorINS_11__tree_nodeINS_12__value_typeIi13sensor_structEEPvEEEEE11__constructINS_4pairIKiS4_EEJRKNS_21piecewise_construct_tENS_5tupleIJRSC_EEENSH_IJEEEEEEvNS_17integral_constantIbLb1EEERS8_PT_DpOT0_)
                  00006a90    00000038     sense.obj (.text:_ZNSt3__24pairIKi13sensor_structEC1IJOiEJEEENS_21piecewise_construct_tENS_5tupleIJDpT_EEENS7_IJDpT0_EEE)
                  00006ac8    00000038     sense.obj (.text:_ZNSt3__24pairIKi13sensor_structEC1IJRS1_EJEEENS_21piecewise_construct_tENS_5tupleIJDpT_EEENS7_IJDpT0_EEE)
                  00006b00    00000038     rtsv7M4_T_le_v4SPD16_eabi.lib : boot_cortex_m.c.obj (.text:_c_int00_noargs:_c_int00_noargs)
                  00006b38    00000038                                   : memory.c.obj (.text:minit)
                  00006b70    00000038                                   : fs_tod_t2.asm.obj (.text)
                  00006ba8    00000034     comms.obj (.text:_ZNSt3__26__copyIPVfPfEET0_T_S5_S4_)
                  00006bdc    00000034     comms.obj (.text:_ZNSt3__26__copyIPfPVfEET0_T_S5_S4_)
                  00006c10    00000034     sense.obj (.text:_ZNSt3__26__treeINS_12__value_typeIi13sensor_structEENS_19__map_value_compareIiS3_NS_4lessIiEELb1EEENS_9allocatorIS3_EEEC1ERKS7_)
                  00006c44    00000034     rtsv7M4_T_le_v4SPD16_eabi.lib : dtor_list.c.obj (.text:__aeabi_atexit)
                  00006c78    00000032     sense.obj (.text:_ZNSt3__24pairIKi13sensor_structEC1IJOiEJEJLj0EEJEEENS_21piecewise_construct_tERNS_5tupleIJDpT_EEERNS7_IJDpT0_EEENS_15__tuple_indicesIJXT1_EEEENSG_IJXT2_EEEE)
                  00006caa    00000032     sense.obj (.text:_ZNSt3__24pairIKi13sensor_structEC1IJRS1_EJEJLj0EEJEEENS_21piecewise_construct_tERNS_5tupleIJDpT_EEERNS7_IJDpT0_EEENS_15__tuple_indicesIJXT1_EEEENSG_IJXT2_EEEE)
                  00006cdc    00000032     sense.obj (.text:_ZNSt3__25tupleIJOiEEC1IJiELb0ELb0EEEDpOT_)
                  00006d0e    00000030     sense.obj (.text:_ZNSt3__222__tree_node_destructorINS_9allocatorINS_11__tree_nodeINS_12__value_typeIi13sensor_structEEPvEEEEEclEPS7_)
                  00006d3e    0000002e     sense.obj (.text:_ZNSt3__25tupleIJRKiEEC1ILb1ELb0EEES2_)
                  00006d6c    0000002c     sense.obj (.text:_ZNSt3__210unique_ptrINS_11__tree_nodeINS_12__value_typeIi13sensor_structEEPvEENS_22__tree_node_destructorINS_9allocatorIS6_EEEEE5resetEPS6_)
                  00006d98    0000002c     sense.obj (.text:_ZNSt3__29allocatorINS_11__tree_nodeINS_12__value_typeIi13sensor_structEEPvEEE8allocateEjPKv)
                  00006dc4    0000002a     sense.obj (.text:_ZNSt3__217__compressed_pairIPNS_11__tree_nodeINS_12__value_typeIi13sensor_structEEPvEENS_22__tree_node_destructorINS_9allocatorIS6_EEEEEC1IRS7_SB_EEOT_OT0_)
                  00006dee    0000002a     sense.obj (.text:_ZNSt3__217__compressed_pairIPNS_11__tree_nodeINS_12__value_typeIi13sensor_structEEPvEENS_22__tree_node_destructorINS_9allocatorIS6_EEEEEC1IS7_SB_EEOT_OT0_)
                  00006e18    0000002a     comms.obj (.text:_ZNSt3__24copyIPVfPfEET0_T_S5_S4_)
                  00006e42    0000002a     comms.obj (.text:_ZNSt3__24copyIPfPVfEET0_T_S5_S4_)
                  00006e6c    00000028     sense.obj (.text:_ZNSt3__217__compressed_pairIjNS_19__map_value_compareIiNS_12__value_typeIi13sensor_structEENS_4lessIiEELb1EEEEC1IiRKS7_EEOT_OT0_)
                  00006e94    00000028     rtsv7M4_T_le_v4SPD16_eabi.lib : memory.c.obj (.text:mremove)
                  00006ebc    00000026     sense.obj (.text:_ZNSt3__210unique_ptrINS_11__tree_nodeINS_12__value_typeIi13sensor_structEEPvEENS_22__tree_node_destructorINS_9allocatorIS6_EEEEEC1EOSB_)
                  00006ee2    00000024     sense.obj (.text:_ZNSt3__24pairINS_15__tree_iteratorINS_12__value_typeIi13sensor_structEEPNS_11__tree_nodeIS4_PvEEiEEbEC1IS9_RbLb0EEEOT_OT0_)
                  00006f06    00000022     sense.obj (.text:_ZNSt3__212__tuple_implINS_15__tuple_indicesIJLj0EEEEJOiEEC1IJLj0EEJS3_EJEJEJiEEENS1_IJXT_EEEENS_13__tuple_typesIJDpT0_EEENS1_IJXT1_EEEENS7_IJDpT2_EEEDpOT3_)
                  00006f28    00000022     sense.obj (.text:_ZNSt3__212__tuple_implINS_15__tuple_indicesIJLj0EEEEJRKiEEC1IJLj0EEJS4_EJEJEJS4_EEENS1_IJXT_EEEENS_13__tuple_typesIJDpT0_EEENS1_IJXT1_EEEENS8_IJDpT2_EEEDpOT3_)
                  00006f4a    00000022     rtsv7M4_T_le_v4SPD16_eabi.lib : new.cpp.obj (.text:_Znwj)
                  00006f6c    00000020     sense.obj (.text:_ZNSt3__222__tree_node_destructorINS_9allocatorINS_11__tree_nodeINS_12__value_typeIi13sensor_structEEPvEEEEEC1ERS8_b)
                  00006f8c    0000001e     sense.obj (.text:_ZNKSt3__24lessIiEclERKiS3_)
                  00006faa    0000001c     sense.obj (.text:_ZNSt3__210unique_ptrINS_11__tree_nodeINS_12__value_typeIi13sensor_structEEPvEENS_22__tree_node_destructorINS_9allocatorIS6_EEEEE7releaseEv)
                  00006fc6    0000001c     sense.obj (.text:_ZNSt3__210unique_ptrINS_11__tree_nodeINS_12__value_typeIi13sensor_structEEPvEENS_22__tree_node_destructorINS_9allocatorIS6_EEEEEC1ILb1EvEEPS6_NS_16__dependent_typeINS_27__unique_ptr_deleter_sfinaeISA_EEXT_EE20__good_rval_ref_typeE)
                  00006fe2    0000001a     sense.obj (.text:_ZNSt3__220__tree_is_left_childIPNS_16__tree_node_baseIPvEEEEbT_)
                  00006ffc    0000001a     sense.obj (.text:_ZNSt3__23mapIi13sensor_structNS_4lessIiEENS_9allocatorINS_4pairIKiS1_EEEEEC1Ev)
                  00007016    00000018     sense.obj (.text:_ZNSt3__222__compressed_pair_elemINS_22__tree_node_destructorINS_9allocatorINS_11__tree_nodeINS_12__value_typeIi13sensor_structEEPvEEEEEELi1ELb0EEC1ISA_vEEOT_)
                  0000702e    00000016     sense.obj (.text:_ZNSt3__216forward_as_tupleIJRKiEEENS_5tupleIJDpOT_EEES6_)
                  00007044    00000016     sense.obj (.text:_ZNSt3__216forward_as_tupleIJiEEENS_5tupleIJDpOT_EEES4_)
                  0000705a    00000016     sense.obj (.text:_ZNSt3__222__compressed_pair_elemIPNS_11__tree_nodeINS_12__value_typeIi13sensor_structEEPvEELi0ELb0EEC1IRS7_vEEOT_)
                  00007070    00000016     sense.obj (.text:_ZNSt3__222__compressed_pair_elemIPNS_11__tree_nodeINS_12__value_typeIi13sensor_structEEPvEELi0ELb0EEC1IS7_vEEOT_)
                  00007086    00000016     sense.obj (.text:_ZNSt3__222__compressed_pair_elemIjLi0ELb0EEC1IivEEOT_)
                  0000709c    00000016     sense.obj (.text:_ZNSt3__26__treeINS_12__value_typeIi13sensor_structEENS_19__map_value_compareIiS3_NS_4lessIiEELb1EEENS_9allocatorIS3_EEED1Ev)
                  000070b2    00000014     sense.obj (.text:_ZNKSt3__219__map_value_compareIiNS_12__value_typeIi13sensor_structEENS_4lessIiEELb1EEclERKS3_RKi)
                  000070c6    00000014     sense.obj (.text:_ZNKSt3__219__map_value_compareIiNS_12__value_typeIi13sensor_structEENS_4lessIiEELb1EEclERKiRKS3_)
                  000070da    00000014     sense.obj (.text:_ZNSt3__212__tuple_leafILj0EOiLb0EEC1IivEEOT_)
                  000070ee    00000014     sense.obj (.text:_ZNSt3__212__tuple_leafILj0ERKiLb0EEC1IS2_vEEOT_)
                  00007102    00000014     sense.obj (.text:_ZNSt3__215__tree_iteratorINS_12__value_typeIi13sensor_structEEPNS_11__tree_nodeIS3_PvEEiEC1ES7_)
                  00007116    00000014     sense.obj (.text:_ZNSt3__216allocator_traitsINS_9allocatorINS_11__tree_nodeINS_12__value_typeIi13sensor_structEEPvEEEEE10deallocateERS8_PS7_j)
                  0000712a    00000014     sense.obj (.text:_ZNSt3__216allocator_traitsINS_9allocatorINS_11__tree_nodeINS_12__value_typeIi13sensor_structEEPvEEEEE7destroyINS_4pairIKiS4_EEEEvRS8_PT_)
                  0000713e    00000014     sense.obj (.text:_ZNSt3__217__compressed_pairINS_15__tree_end_nodeIPNS_16__tree_node_baseIPvEEEENS_9allocatorINS_11__tree_nodeINS_12__value_typeIi13sensor_structEES3_EEEEEC1ILb1EvEEv)
                  00007152    00000012     sense.obj (.text:_ZNKSt3__215__tree_iteratorINS_12__value_typeIi13sensor_structEEPNS_11__tree_nodeIS3_PvEEiEptEv)
                  00007164    00000012     sense.obj (.text:_ZNKSt3__26__treeINS_12__value_typeIi13sensor_structEENS_19__map_value_compareIiS3_NS_4lessIiEELb1EEENS_9allocatorIS3_EEE10__end_nodeEv)
                  00007176    00000012     sense.obj (.text:_ZNSt3__215__tree_end_nodeIPNS_16__tree_node_baseIPvEEEC1Ev)
                  00007188    00000012     sense.obj (.text:_ZNSt3__216__tree_node_baseIPvE12__set_parentEPS2_)
                  0000719a    00000012     sense.obj (.text:_ZNSt3__216allocator_traitsINS_9allocatorINS_11__tree_nodeINS_12__value_typeIi13sensor_structEEPvEEEEE8allocateERS8_j)
                  000071ac    00000012     sense.obj (.text:_ZNSt3__26__treeINS_12__value_typeIi13sensor_structEENS_19__map_value_compareIiS3_NS_4lessIiEELb1EEENS_9allocatorIS3_EEE10__end_nodeEv)
                  000071be    00000010     sense.obj (.text:_ZN9ConverterD1Ev)
                  000071ce    00000010     sense.obj (.text:_ZNKSt3__26__treeINS_12__value_typeIi13sensor_structEENS_19__map_value_compareIiS3_NS_4lessIiEELb1EEENS_9allocatorIS3_EEE10__root_ptrEv)
                  000071de    00000002     --HOLE-- [fill = 0]
                  000071e0    00000010     sense.obj (.text:_ZNKSt3__29allocatorINS_11__tree_nodeINS_12__value_typeIi13sensor_structEEPvEEE8max_sizeEv)
                  000071f0    00000010     sense.obj (.text:_ZNSt3__210unique_ptrINS_11__tree_nodeINS_12__value_typeIi13sensor_structEEPvEENS_22__tree_node_destructorINS_9allocatorIS6_EEEEED1Ev)
                  00007200    00000010     sense.obj (.text:_ZNSt3__212__tuple_leafILj0EOiLb0EEC2IivEEOT_)
                  00007210    00000010     sense.obj (.text:_ZNSt3__212__tuple_leafILj0ERKiLb0EEC2IS2_vEEOT_)
                  00007220    00000010     sense.obj (.text:_ZNSt3__216allocator_traitsINS_9allocatorINS_11__tree_nodeINS_12__value_typeIi13sensor_structEEPvEEEEE9__destroyINS_4pairIKiS4_EEEEvNS_17integral_constantIbLb0EEERS8_PT_)
                  00007230    00000010     sense.obj (.text:_ZNSt3__219__map_value_compareIiNS_12__value_typeIi13sensor_structEENS_4lessIiEELb1EEC1ES5_)
                  00007240    00000010     sense.obj (.text:_ZNSt3__222__compressed_pair_elemINS_19__map_value_compareIiNS_12__value_typeIi13sensor_structEENS_4lessIiEELb1EEELi1ELb1EEC1IRKS7_vEEOT_)
                  00007250    00000010     sense.obj (.text:_ZNSt3__222__compressed_pair_elemINS_19__map_value_compareIiNS_12__value_typeIi13sensor_structEENS_4lessIiEELb1EEELi1ELb1EEC2IRKS7_vEEOT_)
                  00007260    00000010     sense.obj (.text:_ZNSt3__222__compressed_pair_elemINS_22__tree_node_destructorINS_9allocatorINS_11__tree_nodeINS_12__value_typeIi13sensor_structEEPvEEEEEELi1ELb0EEC2ISA_vEEOT_)
                  00007270    00000010     sense.obj (.text:_ZNSt3__222__compressed_pair_elemIPNS_11__tree_nodeINS_12__value_typeIi13sensor_structEEPvEELi0ELb0EEC2IRS7_vEEOT_)
                  00007280    00000010     sense.obj (.text:_ZNSt3__222__compressed_pair_elemIPNS_11__tree_nodeINS_12__value_typeIi13sensor_structEEPvEELi0ELb0EEC2IS7_vEEOT_)
                  00007290    00000010     sense.obj (.text:_ZNSt3__222__compressed_pair_elemIjLi0ELb0EEC2IivEEOT_)
                  000072a0    00000010     sense.obj (.text:_ZNSt3__29allocatorINS_11__tree_nodeINS_12__value_typeIi13sensor_structEEPvEEE10deallocateEPS6_j)
                  000072b0    0000000e     sense.obj (.text:_ZNKSt3__210unique_ptrINS_11__tree_nodeINS_12__value_typeIi13sensor_structEEPvEENS_22__tree_node_destructorINS_9allocatorIS6_EEEEE3getEv)
                  000072be    0000000e     sense.obj (.text:_ZNKSt3__210unique_ptrINS_11__tree_nodeINS_12__value_typeIi13sensor_structEEPvEENS_22__tree_node_destructorINS_9allocatorIS6_EEEEEptEv)
                  000072cc    0000000e     sense.obj (.text:_ZNKSt3__215__tree_iteratorINS_12__value_typeIi13sensor_structEEPNS_11__tree_nodeIS3_PvEEiE8__get_npEv)
                  000072da    0000000e     sense.obj (.text:_ZNKSt3__216__tree_node_baseIPvE15__parent_unsafeEv)
                  000072e8    0000000e     sense.obj (.text:_ZNKSt3__26__treeINS_12__value_typeIi13sensor_structEENS_19__map_value_compareIiS3_NS_4lessIiEELb1EEENS_9allocatorIS3_EEE6__rootEv)
                  000072f6    0000000e     sense.obj (.text:_ZNSt3__212__tuple_leafILj0EOiLb0EE3getEv)
                  00007304    0000000e     sense.obj (.text:_ZNSt3__212__tuple_leafILj0ERKiLb0EE3getEv)
                  00007312    0000000e     sense.obj (.text:_ZNSt3__217__compressed_pairIPNS_11__tree_nodeINS_12__value_typeIi13sensor_structEEPvEENS_22__tree_node_destructorINS_9allocatorIS6_EEEEE6secondEv)
                  00007320    0000000e     sense.obj (.text:_ZNSt3__222__compressed_pair_elemINS_15__tree_end_nodeIPNS_16__tree_node_baseIPvEEEELi0ELb0EEC1Ev)
                  0000732e    0000000e     sense.obj (.text:_ZNSt3__222__compressed_pair_elemINS_9allocatorINS_11__tree_nodeINS_12__value_typeIi13sensor_structEEPvEEEELi1ELb1EEC1Ev)
                  0000733c    0000000e     sense.obj (.text:_ZNSt3__23mapIi13sensor_structNS_4lessIiEENS_9allocatorINS_4pairIKiS1_EEEEED1Ev)
                  0000734a    0000000e     sense.obj (.text:_ZNSt3__26__treeINS_12__value_typeIi13sensor_structEENS_19__map_value_compareIiS3_NS_4lessIiEELb1EEENS_9allocatorIS3_EEE10value_compEv)
                  00007358    0000000e     sense.obj (.text:_ZNSt3__26__treeINS_12__value_typeIi13sensor_structEENS_19__map_value_compareIiS3_NS_4lessIiEELb1EEENS_9allocatorIS3_EEE12__node_allocEv)
                  00007366    0000000e     sense.obj (.text:_ZNSt3__26__treeINS_12__value_typeIi13sensor_structEENS_19__map_value_compareIiS3_NS_4lessIiEELb1EEENS_9allocatorIS3_EEE4sizeEv)
                  00007374    0000000e     sense.obj (.text:_ZnwjPv)
                  00007382    0000000e     rtsv7M4_T_le_v4SPD16_eabi.lib : copy_decompress_none.c.obj (.text:decompress:none:__TI_decompress_none)
                  00007390    0000000e     startup_msp432p401r_ccs.obj (.text)
                  0000739e    0000000c     sense.obj (.text:_ZNKSt3__217__compressed_pairINS_15__tree_end_nodeIPNS_16__tree_node_baseIPvEEEENS_9allocatorINS_11__tree_nodeINS_12__value_typeIi13sensor_structEES3_EEEEE5firstEv)
                  000073aa    0000000c     sense.obj (.text:_ZNKSt3__217__compressed_pairIPNS_11__tree_nodeINS_12__value_typeIi13sensor_structEEPvEENS_22__tree_node_destructorINS_9allocatorIS6_EEEEE5firstEv)
                  000073b6    0000000c     sense.obj (.text:_ZNKSt3__222__compressed_pair_elemINS_15__tree_end_nodeIPNS_16__tree_node_baseIPvEEEELi0ELb0EE5__getEv)
                  000073c2    0000000c     sense.obj (.text:_ZNKSt3__222__compressed_pair_elemIPNS_11__tree_nodeINS_12__value_typeIi13sensor_structEEPvEELi0ELb0EE5__getEv)
                  000073ce    0000000c     sense.obj (.text:_ZNSt3__210__allocateEj)
                  000073da    0000000c     sense.obj (.text:_ZNSt3__210unique_ptrINS_11__tree_nodeINS_12__value_typeIi13sensor_structEEPvEENS_22__tree_node_destructorINS_9allocatorIS6_EEEEE11get_deleterEv)
                  000073e6    0000000c     comms.obj (.text:_ZNSt3__213__unwrap_iterIPVfEET_S3_)
                  000073f2    0000000c     comms.obj (.text:_ZNSt3__213__unwrap_iterIPfEET_S2_)
                  000073fe    0000000c     sense.obj (.text:_ZNSt3__214pointer_traitsIPNS_12__value_typeIi13sensor_structEEE10pointer_toERS3_)
                  0000740a    0000000c     sense.obj (.text:_ZNSt3__214pointer_traitsIPNS_15__tree_end_nodeIPNS_16__tree_node_baseIPvEEEEE10pointer_toERS6_)
                  00007416    0000000c     sense.obj (.text:_ZNSt3__217__compressed_pairINS_15__tree_end_nodeIPNS_16__tree_node_baseIPvEEEENS_9allocatorINS_11__tree_nodeINS_12__value_typeIi13sensor_structEES3_EEEEE5firstEv)
                  00007422    0000000c     sense.obj (.text:_ZNSt3__217__compressed_pairINS_15__tree_end_nodeIPNS_16__tree_node_baseIPvEEEENS_9allocatorINS_11__tree_nodeINS_12__value_typeIi13sensor_structEES3_EEEEE6secondEv)
                  0000742e    0000000c     sense.obj (.text:_ZNSt3__217__compressed_pairIPNS_11__tree_nodeINS_12__value_typeIi13sensor_structEEPvEENS_22__tree_node_destructorINS_9allocatorIS6_EEEEE5firstEv)
                  0000743a    0000000c     sense.obj (.text:_ZNSt3__217__compressed_pairIjNS_19__map_value_compareIiNS_12__value_typeIi13sensor_structEENS_4lessIiEELb1EEEE5firstEv)
                  00007446    0000000c     sense.obj (.text:_ZNSt3__217__compressed_pairIjNS_19__map_value_compareIiNS_12__value_typeIi13sensor_structEENS_4lessIiEELb1EEEE6secondEv)
                  00007452    0000000c     sense.obj (.text:_ZNSt3__219__libcpp_deallocateEPv)
                  0000745e    0000000c     sense.obj (.text:_ZNSt3__222__compressed_pair_elemINS_15__tree_end_nodeIPNS_16__tree_node_baseIPvEEEELi0ELb0EE5__getEv)
                  0000746a    0000000c     sense.obj (.text:_ZNSt3__222__compressed_pair_elemINS_15__tree_end_nodeIPNS_16__tree_node_baseIPvEEEELi0ELb0EEC2Ev)
                  00007476    0000000c     sense.obj (.text:_ZNSt3__222__compressed_pair_elemINS_19__map_value_compareIiNS_12__value_typeIi13sensor_structEENS_4lessIiEELb1EEELi1ELb1EE5__getEv)
                  00007482    0000000c     sense.obj (.text:_ZNSt3__222__compressed_pair_elemINS_22__tree_node_destructorINS_9allocatorINS_11__tree_nodeINS_12__value_typeIi13sensor_structEEPvEEEEEELi1ELb0EE5__getEv)
                  0000748e    0000000c     sense.obj (.text:_ZNSt3__222__compressed_pair_elemINS_9allocatorINS_11__tree_nodeINS_12__value_typeIi13sensor_structEEPvEEEELi1ELb1EE5__getEv)
                  0000749a    0000000c     sense.obj (.text:_ZNSt3__222__compressed_pair_elemINS_9allocatorINS_11__tree_nodeINS_12__value_typeIi13sensor_structEEPvEEEELi1ELb1EEC2Ev)
                  000074a6    0000000c     sense.obj (.text:_ZNSt3__222__compressed_pair_elemIPNS_11__tree_nodeINS_12__value_typeIi13sensor_structEEPvEELi0ELb0EE5__getEv)
                  000074b2    0000000c     sense.obj (.text:_ZNSt3__222__compressed_pair_elemIjLi0ELb0EE5__getEv)
                  000074be    0000000c     sense.obj (.text:_ZNSt3__222__tree_key_value_typesINS_12__value_typeIi13sensor_structEEE9__get_ptrERS3_)
                  000074ca    0000000c     sense.obj (.text:_ZNSt3__23getILj0EJOiEEERNS_13tuple_elementIXT_ENS_5tupleIJDpT0_EEEE4typeERS6_)
                  000074d6    0000000c     sense.obj (.text:_ZNSt3__23getILj0EJRKiEEERNS_13tuple_elementIXT_ENS_5tupleIJDpT0_EEEE4typeERS7_)
                  000074e2    0000000c     sense.obj (.text:_ZNSt3__24moveIRNS_22__tree_node_destructorINS_9allocatorINS_11__tree_nodeINS_12__value_typeIi13sensor_structEEPvEEEEEEEEONS_16remove_referenceIT_E4typeEOSD_)
                  000074ee    0000000c     sense.obj (.text:_ZNSt3__24moveIRiEEONS_16remove_referenceIT_E4typeEOS3_)
                  000074fa    0000000c     sense.obj (.text:_ZNSt3__26__treeINS_12__value_typeIi13sensor_structEENS_19__map_value_compareIiS3_NS_4lessIiEELb1EEENS_9allocatorIS3_EEE12__begin_nodeEv)
                  00007506    0000000c     sense.obj (.text:_ZNSt3__27forwardINS_15__tree_iteratorINS_12__value_typeIi13sensor_structEEPNS_11__tree_nodeIS4_PvEEiEEEEOT_RNS_16remove_referenceISA_E4typeE)
                  00007512    0000000c     sense.obj (.text:_ZNSt3__27forwardINS_22__tree_node_destructorINS_9allocatorINS_11__tree_nodeINS_12__value_typeIi13sensor_structEEPvEEEEEEEEOT_RNS_16remove_referenceISB_E4typeE)
                  0000751e    0000000c     sense.obj (.text:_ZNSt3__27forwardINS_5tupleIJEEEEEOT_RNS_16remove_referenceIS3_E4typeE)
                  0000752a    0000000c     sense.obj (.text:_ZNSt3__27forwardINS_5tupleIJOiEEEEEOT_RNS_16remove_referenceIS4_E4typeE)
                  00007536    0000000c     sense.obj (.text:_ZNSt3__27forwardINS_5tupleIJRKiEEEEEOT_RNS_16remove_referenceIS5_E4typeE)
                  00007542    0000000c     sense.obj (.text:_ZNSt3__27forwardIOiEEOT_RNS_16remove_referenceIS2_E4typeE)
                  0000754e    0000000c     sense.obj (.text:_ZNSt3__27forwardIPNS_11__tree_nodeINS_12__value_typeIi13sensor_structEEPvEEEEOT_RNS_16remove_referenceIS8_E4typeE)
                  0000755a    0000000c     sense.obj (.text:_ZNSt3__27forwardIRKNS_19__map_value_compareIiNS_12__value_typeIi13sensor_structEENS_4lessIiEELb1EEEEEOT_RNS_16remove_referenceISA_E4typeE)
                  00007566    0000000c     sense.obj (.text:_ZNSt3__27forwardIRKNS_21piecewise_construct_tEEEOT_RNS_16remove_referenceIS4_E4typeE)
                  00007572    0000000c     sense.obj (.text:_ZNSt3__27forwardIRKiEEOT_RNS_16remove_referenceIS3_E4typeE)
                  0000757e    0000000c     sense.obj (.text:_ZNSt3__27forwardIRPNS_11__tree_nodeINS_12__value_typeIi13sensor_structEEPvEEEEOT_RNS_16remove_referenceIS9_E4typeE)
                  0000758a    0000000c     sense.obj (.text:_ZNSt3__27forwardIRbEEOT_RNS_16remove_referenceIS2_E4typeE)
                  00007596    0000000c     sense.obj (.text:_ZNSt3__27forwardIiEEOT_RNS_16remove_referenceIS1_E4typeE)
                  000075a2    0000000c     sense.obj (.text:_ZNSt3__29addressofINS_12__value_typeIi13sensor_structEEEEPT_RS4_)
                  000075ae    0000000c     sense.obj (.text:_ZNSt3__29addressofINS_15__tree_end_nodeIPNS_16__tree_node_baseIPvEEEEEEPT_RS7_)
                  000075ba    0000000c     sense.obj (.text:_ZNSt3__29addressofINS_4pairIKi13sensor_structEEEEPT_RS5_)
                  000075c6    0000000c     sense.obj (.text:_ZNSt3__29addressofIPNS_16__tree_node_baseIPvEEEEPT_RS5_)
                  000075d2    0000000c     sense.obj (.text:_ZNSt3__29allocatorINS_11__tree_nodeINS_12__value_typeIi13sensor_structEEPvEEEC1Ev)
                  000075de    0000000c     sense.obj (.text:_ZNSt3__29allocatorINS_11__tree_nodeINS_12__value_typeIi13sensor_structEEPvEEEC2Ev)
                  000075ea    00000002     --HOLE-- [fill = 0]
                  000075ec    0000000c     rtsv7M4_T_le_v4SPD16_eabi.lib : new.cpp.obj (.text:_ZSt15get_new_handlerv)
                  000075f8    0000000c                                   : guard.c.obj (.text:__cxa_guard_acquire)
                  00007604    0000000c                                   : dtor_list.c.obj (.text:__cxa_ia64_exit)
                  00007610    0000000c                                   : copy_zero_init.c.obj (.text:decompress:ZI:__TI_zero_init)
                  0000761c    0000000a     sense.obj (.text:_ZNSt3__220__throw_length_errorEPKc)
                  00007626    0000000a     rtsv7M4_T_le_v4SPD16_eabi.lib : guard.c.obj (.text:__cxa_guard_release)
                  00007630    00000008                                   : new.cpp.obj (.text:_ZdlPv)
                  00007638    00000004                                   : pre_init.c.obj (.text:_system_pre_init)
                  0000763c    00000004                                   : exit.c.obj (.text:abort:abort)

.const     0    00007640    00000238     
                  00007640    00000080     adc14.obj (.const:_ctlRegs)
                  000076c0    00000050     interrupt.obj (.const:g_pulRegs)
                  00007710    00000044     sense.obj (.const:.string:_ZZNSt3__29allocatorINS_11__tree_nodeINS_12__value_typeIi13sensor_structEEPvEEE8allocateEjPKvEs)
                  00007754    00000024     initialization.obj (.const:uartConfig)
                  00007778    00000020     interrupt.obj (.const:g_pulPriority)
                  00007798    0000001c     gpio.obj (.const:GPIO_PORT_TO_INT)
                  000077b4    00000018     initialization.obj (.const:controlTimerConfig)
                  000077cc    00000018     initialization.obj (.const:pwmTimerConfig1)
                  000077e4    00000018     initialization.obj (.const:pwmTimerConfig2)
                  000077fc    00000018     initialization.obj (.const:pwmTimerConfig3)
                  00007814    00000018     initialization.obj (.const:pwmTimerConfig4)
                  0000782c    00000018     initialization.obj (.const:sensorTimerConfig)
                  00007844    00000014     initialization.obj (.const:presAdc)
                  00007858    00000008     interrupt.obj (.const:g_pulDisRegs)
                  00007860    00000008     interrupt.obj (.const:g_pulEnRegs)
                  00007868    00000008     interrupt.obj (.const:g_pulPendRegs)
                  00007870    00000008     interrupt.obj (.const:g_pulUnpendRegs)

.cinit     0    00007878    00000118     
                  00007878    000000e0     (.cinit..data.load) [load image, compression = lzss]
                  00007958    0000000c     (__TI_handler_table)
                  00007964    00000004     --HOLE-- [fill = 0]
                  00007968    00000008     (.cinit..bss.load) [load image, compression = zero_init]
                  00007970    00000008     (.cinit..vtable.load) [load image, compression = zero_init]
                  00007978    00000018     (__TI_cinit_table)

.init_array 
*          0    00000000    00000000     UNINITIALIZED

.binit     0    00000000    00000000     

.vtable    0    20000000    000000e4     UNINITIALIZED
                  20000000    000000e4     interrupt.obj (.vtable)

.bss       0    200000e4    00000640     UNINITIALIZED
                  200000e4    000001a4     (.common:pres)
                  20000288    00000100     comms.obj (.bss:arr8_stuff_rx$1)
                  20000388    000000fc     comms.obj (.bss:arr8_unstuff_rx$2)
                  20000484    000000fc     comms.obj (.bss:arr_float_cat_rx$3)
                  20000580    000000fc     (.common:uart_tx)
                  2000067c    00000050     (.common:ctrl_params)
                  200006cc    00000028     (.common:presFilt)
                  200006f4    00000018     sense.obj (.bss:_ZZ12sensorUpdatevE7convert)
                  2000070c    00000008     cs.obj (.bss)
                  20000714    00000004     rtsv7M4_T_le_v4SPD16_eabi.lib : new.cpp.obj (.bss)
                  20000718    00000004     sense.obj (.bss)
                  2000071c    00000004     (.common:__dso_handle)
                  20000720    00000001     sense.obj (.bss:$P$T153$2)
                  20000721    00000001     sense.obj (.bss:$P$T157$3)
                  20000722    00000001     sense.obj (.bss:_ZN30_INTERNAL_9_sense_cpp_b03d03f4St3__219piecewise_constructE)
                  20000723    00000001     comms.obj (.bss)

.sysmem    0    20000728    00000400     UNINITIALIZED
                  20000728    00000008     rtsv7M4_T_le_v4SPD16_eabi.lib : memory.c.obj (.sysmem)
                  20000730    000003f8     --HOLE--

.data      0    20000b28    00000248     UNINITIALIZED
                  20000b28    000000fc     initialization.obj (.data:uart_rx)
                  20000c24    00000054     initialization.obj (.data:lpfCoeffs)
                  20000c78    00000040     flash.obj (.data:__getBurstProgramRegs)
                  20000cb8    00000030     gpio.obj (.data:GPIO_PORT_TO_BASE)
                  20000ce8    00000014     control.obj (.data:errInt$1)
                  20000cfc    00000014     initialization.obj (.data)
                  20000d10    00000014     initialization.obj (.data:pres_des)
                  20000d24    0000000c     rtsv7M4_T_le_v4SPD16_eabi.lib : exit.c.obj (.data:$O1$$)
                  20000d30    0000000c                                   : memory.c.obj (.data:$O1$$)
                  20000d3c    00000008                                   : _lock.c.obj (.data:$O1$$)
                  20000d44    00000008     initialization.obj (.data:encCounts)
                  20000d4c    00000008     initialization.obj (.data:theta1)
                  20000d54    00000008     initialization.obj (.data:theta2)
                  20000d5c    00000006     initialization.obj (.data:encPins)
                  20000d62    00000002     initialization.obj (.data:prevEncState)
                  20000d64    00000004     comms.obj (.data)
                  20000d68    00000004     rtsv7M4_T_le_v4SPD16_eabi.lib : dtor_list.c.obj (.data)
                  20000d6c    00000004     system_msp432p401r.obj (.data)

.stack     0    2000fe00    00000200     UNINITIALIZED
                  2000fe00    00000004     rtsv7M4_T_le_v4SPD16_eabi.lib : boot_cortex_m.c.obj (.stack)
                  2000fe04    000001fc     --HOLE--

MODULE SUMMARY

       Module                        code    ro data   rw data
       ------                        ----    -------   -------
    ./
       sense.obj                     5648    68        62     
       initialization.obj            876     200       2400   
       comms.obj                     1024    0         1530   
       system_msp432p401r.obj        820     0         8      
       encoder.obj                   744     0         0      
       control.obj                   672     0         40     
       startup_msp432p401r_ccs.obj   14      228       0      
       main.obj                      168     0         0      
    +--+-----------------------------+-------+---------+---------+
       Total:                        9966    496       4040   
                                                              
    ./driverlib/MSP432P4xx/
       flash.obj                     5532    0         128    
       cs.obj                        3452    0         16     
       adc14.obj                     2260    128       0      
       timer_a.obj                   1944    0         0      
       interrupt.obj                 1008    144       456    
       gpio.obj                      1152    28        96     
       uart.obj                      1052    0         0      
       sysctl.obj                    580     0         0      
       wdt_a.obj                     216     0         0      
       fpu.obj                       192     0         0      
       cpu.obj                       62      0         0      
    +--+-----------------------------+-------+---------+---------+
       Total:                        17450   300       696    
                                                              
    /home/lucas/ti/ccsv8/tools/compiler/ti-cgt-arm_18.1.4.LTS/lib/rtsv7M4_T_le_v4SPD16_eabi.lib
       memory.c.obj                  492     0         24     
       fd_add_t2.asm.obj             438     0         0      
       fd_div_t2.asm.obj             310     0         0      
       fd_mul_t2.asm.obj             252     0         0      
       dtor_list.c.obj               198     0         16     
       memcpy_t2.asm.obj             156     0         0      
       memset_t2.asm.obj             122     0         0      
       fd_tos_t2.asm.obj             110     0         0      
       copy_decompress_lzss.c.obj    104     0         0      
       exit.c.obj                    76      0         24     
       fd_toi_t2.asm.obj             72      0         0      
       autoinit.c.obj                68      0         0      
       new.cpp.obj                   54      0         8      
       boot_cortex_m.c.obj           56      0         0      
       fs_tod_t2.asm.obj             56      0         0      
       guard.c.obj                   22      0         0      
       _lock.c.obj                   2       0         16     
       copy_decompress_none.c.obj    14      0         0      
       copy_zero_init.c.obj          12      0         0      
       pre_init.c.obj                4       0         0      
    +--+-----------------------------+-------+---------+---------+
       Total:                        2618    0         88     
                                                              
       Heap:                         0       0         2048   
       Stack:                        0       0         1024   
       Linker Generated:             0       276       0      
    +--+-----------------------------+-------+---------+---------+
       Grand Total:                  30034   1072      7896   


LINKER GENERATED COPY TABLES

__TI_cinit_table @ 00007978 records: 3, size/record: 8, table size: 24
	.data: load addr=00007878, load size=000000e0 bytes, run addr=20000b28, run size=00000248 bytes, compression=lzss
	.bss: load addr=00007968, load size=00000008 bytes, run addr=200000e4, run size=00000640 bytes, compression=zero_init
	.vtable: load addr=00007970, load size=00000008 bytes, run addr=20000000, run size=000000e4 bytes, compression=zero_init


LINKER GENERATED HANDLER TABLE

__TI_handler_table @ 00007958 records: 3, size/record: 4, table size: 12
	index: 0, handler: __TI_zero_init
	index: 1, handler: __TI_decompress_lzss
	index: 2, handler: __TI_decompress_none


GLOBAL SYMBOLS: SORTED ALPHABETICALLY BY Name 

address   name                                                                                                                                                                                                                                                                                         
-------   ----                                                                                                                                                                                                                                                                                         
0000739d  ADC14_IRQHandler                                                                                                                                                                                                                                                                             
00002c49  ADC14_clearInterruptFlag                                                                                                                                                                                                                                                                     
000027f1  ADC14_configureConversionMemory                                                                                                                                                                                                                                                              
00002699  ADC14_configureMultiSequenceMode                                                                                                                                                                                                                                                             
0000272f  ADC14_configureSingleSampleMode                                                                                                                                                                                                                                                              
00002929  ADC14_disableComparatorWindow                                                                                                                                                                                                                                                                
000027c7  ADC14_disableConversion                                                                                                                                                                                                                                                                      
00002bc7  ADC14_disableInterrupt                                                                                                                                                                                                                                                                       
0000256d  ADC14_disableModule                                                                                                                                                                                                                                                                          
00002b47  ADC14_disableReferenceBurst                                                                                                                                                                                                                                                                  
000025ad  ADC14_disableSampleTimer                                                                                                                                                                                                                                                                     
00002899  ADC14_enableComparatorWindow                                                                                                                                                                                                                                                                 
00002785  ADC14_enableConversion                                                                                                                                                                                                                                                                       
00002b9f  ADC14_enableInterrupt                                                                                                                                                                                                                                                                        
00002565  ADC14_enableModule                                                                                                                                                                                                                                                                           
00002b31  ADC14_enableReferenceBurst                                                                                                                                                                                                                                                                   
00002583  ADC14_enableSampleTimer                                                                                                                                                                                                                                                                      
00002c13  ADC14_getEnabledInterruptStatus                                                                                                                                                                                                                                                              
00002bef  ADC14_getInterruptStatus                                                                                                                                                                                                                                                                     
00002a51  ADC14_getMultiSequenceResult                                                                                                                                                                                                                                                                 
00002623  ADC14_getResolution                                                                                                                                                                                                                                                                          
00002a37  ADC14_getResult                                                                                                                                                                                                                                                                              
00002abd  ADC14_getResultArray                                                                                                                                                                                                                                                                         
000025c3  ADC14_initModule                                                                                                                                                                                                                                                                             
000027d3  ADC14_isBusy                                                                                                                                                                                                                                                                                 
00002c75  ADC14_registerInterrupt                                                                                                                                                                                                                                                                      
00002987  ADC14_setComparatorWindowValue                                                                                                                                                                                                                                                               
00002b5d  ADC14_setPowerMode                                                                                                                                                                                                                                                                           
00002609  ADC14_setResolution                                                                                                                                                                                                                                                                          
00002a0d  ADC14_setResultFormat                                                                                                                                                                                                                                                                        
0000266f  ADC14_setSampleHoldTime                                                                                                                                                                                                                                                                      
0000262d  ADC14_setSampleHoldTrigger                                                                                                                                                                                                                                                                   
000027a5  ADC14_toggleConversionTrigger                                                                                                                                                                                                                                                                
00002c89  ADC14_unregisterInterrupt                                                                                                                                                                                                                                                                    
0000739d  AES256_IRQHandler                                                                                                                                                                                                                                                                            
0000739d  BusFault_Handler                                                                                                                                                                                                                                                                             
0000763d  C$$EXIT                                                                                                                                                                                                                                                                                      
0000739d  COMP_E0_IRQHandler                                                                                                                                                                                                                                                                           
0000739d  COMP_E1_IRQHandler                                                                                                                                                                                                                                                                           
00006965  CPU_basepriGet                                                                                                                                                                                                                                                                               
00006957  CPU_basepriSet                                                                                                                                                                                                                                                                               
00006931  CPU_cpsid                                                                                                                                                                                                                                                                                    
00006947  CPU_cpsie                                                                                                                                                                                                                                                                                    
0000693d  CPU_primask                                                                                                                                                                                                                                                                                  
00006953  CPU_wfi                                                                                                                                                                                                                                                                                      
0000739d  CS_IRQHandler                                                                                                                                                                                                                                                                                
00002381  CS_clearInterruptFlag                                                                                                                                                                                                                                                                        
00001c29  CS_disableClockRequest                                                                                                                                                                                                                                                                       
00001d0f  CS_disableDCOExternalResistor                                                                                                                                                                                                                                                                
00002255  CS_disableFaultCounter                                                                                                                                                                                                                                                                       
0000233f  CS_disableInterrupt                                                                                                                                                                                                                                                                          
00001c01  CS_enableClockRequest                                                                                                                                                                                                                                                                        
00001c71  CS_enableDCOExternalResistor                                                                                                                                                                                                                                                                 
00002229  CS_enableFaultCounter                                                                                                                                                                                                                                                                        
0000231d  CS_enableInterrupt                                                                                                                                                                                                                                                                           
000021c1  CS_getACLK                                                                                                                                                                                                                                                                                   
00002181  CS_getBCLK                                                                                                                                                                                                                                                                                   
00001e09  CS_getDCOFrequency                                                                                                                                                                                                                                                                           
00002367  CS_getEnabledInterruptStatus                                                                                                                                                                                                                                                                 
0000219d  CS_getHSMCLK                                                                                                                                                                                                                                                                                 
00002361  CS_getInterruptStatus                                                                                                                                                                                                                                                                        
00002207  CS_getMCLK                                                                                                                                                                                                                                                                                   
000021e5  CS_getSMCLK                                                                                                                                                                                                                                                                                  
00001921  CS_initClockSignal                                                                                                                                                                                                                                                                           
000023a3  CS_registerInterrupt                                                                                                                                                                                                                                                                         
00002281  CS_resetFaultCounter                                                                                                                                                                                                                                                                         
00001d2d  CS_setDCOCenteredFrequency                                                                                                                                                                                                                                                                   
00001c99  CS_setDCOExternalResistorCalibration                                                                                                                                                                                                                                                         
00001fa9  CS_setDCOFrequency                                                                                                                                                                                                                                                                           
000018e5  CS_setExternalClockSourceFrequency                                                                                                                                                                                                                                                           
00001c4b  CS_setReferenceOscillatorFrequency                                                                                                                                                                                                                                                           
000022cd  CS_startFaultCounter                                                                                                                                                                                                                                                                         
00001a25  CS_startHFXT                                                                                                                                                                                                                                                                                 
00001a49  CS_startHFXTWithTimeout                                                                                                                                                                                                                                                                      
00001b0d  CS_startLFXT                                                                                                                                                                                                                                                                                 
00001b31  CS_startLFXTWithTimeout                                                                                                                                                                                                                                                                      
00001d65  CS_tuneDCOFrequency                                                                                                                                                                                                                                                                          
000023b7  CS_unregisterInterrupt                                                                                                                                                                                                                                                                       
0000739d  DMA_ERR_IRQHandler                                                                                                                                                                                                                                                                           
0000739d  DMA_INT0_IRQHandler                                                                                                                                                                                                                                                                          
0000739d  DMA_INT1_IRQHandler                                                                                                                                                                                                                                                                          
0000739d  DMA_INT2_IRQHandler                                                                                                                                                                                                                                                                          
0000739d  DMA_INT3_IRQHandler                                                                                                                                                                                                                                                                          
0000739d  DebugMon_Handler                                                                                                                                                                                                                                                                             
0000739d  Default_Handler                                                                                                                                                                                                                                                                              
00004eef  EUSCIA0_IRQHandler                                                                                                                                                                                                                                                                           
00004eef  EUSCIA0_IRQHandler                                                                                                                                                                                                                                                                           
0000739d  EUSCIA1_IRQHandler                                                                                                                                                                                                                                                                           
0000739d  EUSCIA2_IRQHandler                                                                                                                                                                                                                                                                           
0000739d  EUSCIA3_IRQHandler                                                                                                                                                                                                                                                                           
0000739d  EUSCIB0_IRQHandler                                                                                                                                                                                                                                                                           
0000739d  EUSCIB1_IRQHandler                                                                                                                                                                                                                                                                           
0000739d  EUSCIB2_IRQHandler                                                                                                                                                                                                                                                                           
0000739d  EUSCIB3_IRQHandler                                                                                                                                                                                                                                                                           
0000739d  FLCTL_IRQHandler                                                                                                                                                                                                                                                                             
0000739d  FPU_IRQHandler                                                                                                                                                                                                                                                                               
00005edb  FPU_disableModule                                                                                                                                                                                                                                                                            
00005f07  FPU_disableStacking                                                                                                                                                                                                                                                                          
00005efb  FPU_enableLazyStacking                                                                                                                                                                                                                                                                       
00005ec9  FPU_enableModule                                                                                                                                                                                                                                                                             
00005ee9  FPU_enableStacking                                                                                                                                                                                                                                                                           
00005f47  FPU_setFlushToZeroMode                                                                                                                                                                                                                                                                       
00005f13  FPU_setHalfPrecisionMode                                                                                                                                                                                                                                                                     
00005f2d  FPU_setNaNMode                                                                                                                                                                                                                                                                               
00005f61  FPU_setRoundingMode                                                                                                                                                                                                                                                                          
0000112f  FlashCtl_clearInterruptFlag                                                                                                                                                                                                                                                                  
00000ff3  FlashCtl_clearProgramVerification                                                                                                                                                                                                                                                            
00001105  FlashCtl_disableInterrupt                                                                                                                                                                                                                                                                    
00000661  FlashCtl_disableReadBuffering                                                                                                                                                                                                                                                                
0000105d  FlashCtl_disableWordProgramming                                                                                                                                                                                                                                                              
000010f1  FlashCtl_enableInterrupt                                                                                                                                                                                                                                                                     
0000060d  FlashCtl_enableReadBuffering                                                                                                                                                                                                                                                                 
0000102d  FlashCtl_enableWordProgramming                                                                                                                                                                                                                                                               
00000c8d  FlashCtl_eraseSector                                                                                                                                                                                                                                                                         
0000111f  FlashCtl_getEnabledInterruptStatus                                                                                                                                                                                                                                                           
00001119  FlashCtl_getInterruptStatus                                                                                                                                                                                                                                                                  
0000028f  FlashCtl_getMemoryInfo                                                                                                                                                                                                                                                                       
00000af1  FlashCtl_getReadMode                                                                                                                                                                                                                                                                         
000010c3  FlashCtl_getWaitState                                                                                                                                                                                                                                                                        
00000b1b  FlashCtl_initiateMassErase                                                                                                                                                                                                                                                                   
00000db1  FlashCtl_initiateSectorErase                                                                                                                                                                                                                                                                 
00000791  FlashCtl_isSectorProtected                                                                                                                                                                                                                                                                   
00001069  FlashCtl_isWordProgrammingEnabled                                                                                                                                                                                                                                                            
00000b41  FlashCtl_performMassErase                                                                                                                                                                                                                                                                    
00000e49  FlashCtl_programMemory                                                                                                                                                                                                                                                                       
00000731  FlashCtl_protectSector                                                                                                                                                                                                                                                                       
[...]
000075a3  _ZNSt3__29addressofINS_12__value_typeIi13sensor_structEEEEPT_RS4_                                                                                                                                                                                                                            
000075af  _ZNSt3__29addressofINS_15__tree_end_nodeIPNS_16__tree_node_baseIPvEEEEEEPT_RS7_                                                                                                                                                                                                              
000075bb  _ZNSt3__29addressofINS_4pairIKi13sensor_structEEEEPT_RS5_                                                                                                                                                                                                                                    
000075c7  _ZNSt3__29addressofIPNS_16__tree_node_baseIPvEEEEPT_RS5_                                                                                                                                                                                                                                     
000075d3  _ZNSt3__29allocatorINS_11__tree_nodeINS_12__value_typeIi13sensor_structEEPvEEEC1Ev                                                                                                                                                                                                           
000075df  _ZNSt3__29allocatorINS_11__tree_nodeINS_12__value_typeIi13sensor_structEEPvEEEC2Ev                                                                                                                                                                                                           
000075ed  _ZSt15get_new_handlerv                                                                                                                                                                                                                                                                       
000075f9  __cxa_guard_acquire                                                                                                                                                                                                                                                                          
00007605  __cxa_ia64_exit                                                                                                                                                                                                                                                                              
00007611  __TI_zero_init                                                                                                                                                                                                                                                                               
0000761d  _ZNSt3__220__throw_length_errorEPKc                                                                                                                                                                                                                                                          
00007627  __cxa_guard_release                                                                                                                                                                                                                                                                          
00007631  _ZdlPv                                                                                                                                                                                                                                                                                       
00007639  _system_pre_init                                                                                                                                                                                                                                                                             
0000763d  C$$EXIT                                                                                                                                                                                                                                                                                      
0000763d  _ZSt17__throw_bad_allocv                                                                                                                                                                                                                                                                     
0000763d  abort                                                                                                                                                                                                                                                                                        
00007710  _ZZNSt3__29allocatorINS_11__tree_nodeINS_12__value_typeIi13sensor_structEEPvEEE8allocateEjPKvEs                                                                                                                                                                                              
00007754  uartConfig                                                                                                                                                                                                                                                                                   
000077b4  controlTimerConfig                                                                                                                                                                                                                                                                           
000077cc  pwmTimerConfig1                                                                                                                                                                                                                                                                              
000077e4  pwmTimerConfig2                                                                                                                                                                                                                                                                              
000077fc  pwmTimerConfig3                                                                                                                                                                                                                                                                              
00007814  pwmTimerConfig4                                                                                                                                                                                                                                                                              
0000782c  sensorTimerConfig                                                                                                                                                                                                                                                                            
00007844  presAdc                                                                                                                                                                                                                                                                                      
00007958  __TI_Handler_Table_Base                                                                                                                                                                                                                                                                      
00007964  __TI_Handler_Table_Limit                                                                                                                                                                                                                                                                     
00007978  __TI_CINIT_Base                                                                                                                                                                                                                                                                              
00007990  __TI_CINIT_Limit                                                                                                                                                                                                                                                                             
20000000  g_pfnRAMVectors                                                                                                                                                                                                                                                                              
200000e4  pres                                                                                                                                                                                                                                                                                         
20000580  uart_tx                                                                                                                                                                                                                                                                                      
2000067c  ctrl_params                                                                                                                                                                                                                                                                                  
200006cc  presFilt                                                                                                                                                                                                                                                                                     
2000071c  __dso_handle                                                                                                                                                                                                                                                                                 
20000728  _sys_memory                                                                                                                                                                                                                                                                                  
20000b28  uart_rx                                                                                                                                                                                                                                                                                      
20000c24  lpfCoeffs                                                                                                                                                                                                                                                                                    
20000cfc  sensorFlag                                                                                                                                                                                                                                                                                   
20000d00  controlFlag                                                                                                                                                                                                                                                                                  
20000d04  newSetpointFlag                                                                                                                                                                                                                                                                              
20000d08  sendDataCount                                                                                                                                                                                                                                                                                
20000d0c  updateValuesFlag                                                                                                                                                                                                                                                                             
20000d10  pres_des                                                                                                                                                                                                                                                                                     
20000d24  __TI_cleanup_ptr                                                                                                                                                                                                                                                                             
20000d28  __TI_dtors_ptr                                                                                                                                                                                                                                                                               
20000d2c  __TI_enable_exit_profile_output                                                                                                                                                                                                                                                              
20000d3c  _lock                                                                                                                                                                                                                                                                                        
20000d40  _unlock                                                                                                                                                                                                                                                                                      
20000d44  encCounts                                                                                                                                                                                                                                                                                    
20000d4c  theta1                                                                                                                                                                                                                                                                                       
20000d54  theta2                                                                                                                                                                                                                                                                                       
20000d5c  encPins                                                                                                                                                                                                                                                                                      
20000d62  prevEncState                                                                                                                                                                                                                                                                                 
20000d6c  SystemCoreClock                                                                                                                                                                                                                                                                              
2000fe00  __stack                                                                                                                                                                                                                                                                                      
20010000  __STACK_END                                                                                                                                                                                                                                                                                  
4000480c  WDTCTL_SYM                                                                                                                                                                                                                                                                                   
ffffffff  __TI_pprof_out_hndl                                                                                                                                                                                                                                                                          
ffffffff  __TI_prof_data_size                                                                                                                                                                                                                                                                          
ffffffff  __TI_prof_data_start                                                                                                                                                                                                                                                                         
ffffffff  __binit__                                                                                                                                                                                                                                                                                    
ffffffff  __c_args__                                                                                                                                                                                                                                                                                   
ffffffff  binit                                                                                                                                                                                                                                                                                        
UNDEFED   __mpu_init                                                                                                                                                                                                                                                                                   
UNDEFED   _system_post_cinit                                                                                                                                                                                                                                                                           

[551 symbols]
