******************************************************************************
                  TI ARM Linker Unix v18.1.4                   
******************************************************************************
>> Linked Sat Sep  7 18:18:19 2019

OUTPUT FILE NAME:   <jumpy.out>
ENTRY POINT SYMBOL: "_c_int00_noargs"  address: 0000639d


MEMORY CONFIGURATION

         name            origin    length      used     unused   attr    fill
----------------------  --------  ---------  --------  --------  ----  --------
  MAIN                  00000000   00040000  0000717c  00038e84  R  X
  INFO                  00200000   00004000  00000000  00004000  R  X
  SRAM_CODE             01000000   00010000  00000ed0  0000f130  RW X
  SRAM_DATA             20000000   00010000  00000ed0  0000f130  RW  


SEGMENT ALLOCATION MAP

run origin  load origin   length   init length attrs members
----------  ----------- ---------- ----------- ----- -------
00000000    00000000    00007180   00007180    r-x
  00000000    00000000    000000e4   000000e4    r-- .intvecs
  000000e4    000000e4    00006df8   00006df8    r-x .text
  00006edc    00006edc    000001d8   000001d8    r-- .const
  000070b8    000070b8    000000c8   000000c8    r-- .cinit
20000000    20000000    00000cd4   00000000    rw-
  20000000    20000000    000000e4   00000000    rw- .vtable
  200000e4    200000e4    00000638   00000000    rw- .bss
  20000720    20000720    00000400   00000000    rw- .sysmem
  20000b20    20000b20    000001b4   00000000    rw- .data
2000fe00    2000fe00    00000200   00000000    rw-
  2000fe00    2000fe00    00000200   00000000    rw- .stack


SECTION ALLOCATION MAP

 output                                  attributes/
section   page    origin      length       input sections
--------  ----  ----------  ----------   ----------------
.intvecs   0    00000000    000000e4     
                  00000000    000000e4     startup_msp432p401r_ccs.obj (.intvecs:retain)

.text      0    000000e4    00006df8     
                  000000e4    0000159c     flash.obj (.text)
                  00001680    00000d7c     cs.obj (.text)
                  000023fc    000008d4     adc14.obj (.text)
                  00002cd0    00000798     timer_a.obj (.text)
                  00003468    00000480     gpio.obj (.text)
                  000038e8    0000041c     uart.obj (.text)
                  00003d04    00000400     sense.obj (.text)
                  00004104    000003f0     interrupt.obj (.text)
                  000044f4    00000368     initialization.obj (.text)
                  0000485c    00000334     system_msp432p401r.obj (.text)
                  00004b90    0000032c     comms.obj (.text)
                  00004ebc    00000244     sysctl.obj (.text)
                  00005100    0000013e     sense.obj (.text:_ZNSt3__227__tree_balance_after_insertIPNS_16__tree_node_baseIPvEEEEvT_S5_)
                  0000523e    00000136     rtsv7M4_T_le_v4SPD16_eabi.lib : fd_div_t2.asm.obj (.text)
                  00005374    0000012c     control.obj (.text)
                  000054a0    00000108     main.obj (.text)
                  000055a8    000000fc     rtsv7M4_T_le_v4SPD16_eabi.lib : fd_mul_t2.asm.obj (.text)
                  000056a4    000000d8                                   : memory.c.obj (.text:free)
                  0000577c    000000d8     wdt_a.obj (.text)
                  00005854    000000c0     fpu.obj (.text)
                  00005914    000000a8     sense.obj (.text:_ZNSt3__26__treeINS_12__value_typeIi13sensor_structEENS_19__map_value_compareIiS3_NS_4lessIiEELb1EEENS_9allocatorIS3_EEE12__find_equalIiEERPNS_16__tree_node_baseIPvEERPNS_15__tree_end_nodeISF_EERKT_)
                  000059bc    0000009c     rtsv7M4_T_le_v4SPD16_eabi.lib : memcpy_t2.asm.obj (.text)
                  00005a58    00000092     sense.obj (.text:_ZNSt3__26__treeINS_12__value_typeIi13sensor_structEENS_19__map_value_compareIiS3_NS_4lessIiEELb1EEENS_9allocatorIS3_EEE25__emplace_unique_key_argsIiJRKNS_21piecewise_construct_tENS_5tupleIJOiEEENSF_IJEEEEEENS_4pairINS_15__tree_iteratorIS3_PNS_11__tree_nodeIS3_PvEEiEEbEERKT_DpOT0_)
                  00005aea    00000092     sense.obj (.text:_ZNSt3__26__treeINS_12__value_typeIi13sensor_structEENS_19__map_value_compareIiS3_NS_4lessIiEELb1EEENS_9allocatorIS3_EEE25__emplace_unique_key_argsIiJRKNS_21piecewise_construct_tENS_5tupleIJRKiEEENSF_IJEEEEEENS_4pairINS_15__tree_iteratorIS3_PNS_11__tree_nodeIS3_PvEEiEEbEERKT_DpOT0_)
                  00005b7c    00000082     sense.obj (.text:_ZNSt3__26__treeINS_12__value_typeIi13sensor_structEENS_19__map_value_compareIiS3_NS_4lessIiEELb1EEENS_9allocatorIS3_EEE16__construct_nodeIJRKNS_21piecewise_construct_tENS_5tupleIJOiEEENSF_IJEEEEEENS_10unique_ptrINS_11__tree_nodeIS3_PvEENS_22__tree_node_destructorINS8_ISM_EEEEEEDpOT_)
                  00005bfe    00000082     sense.obj (.text:_ZNSt3__26__treeINS_12__value_typeIi13sensor_structEENS_19__map_value_compareIiS3_NS_4lessIiEELb1EEENS_9allocatorIS3_EEE16__construct_nodeIJRKNS_21piecewise_construct_tENS_5tupleIJRKiEEENSF_IJEEEEEENS_10unique_ptrINS_11__tree_nodeIS3_PvEENS_22__tree_node_destructorINS8_ISN_EEEEEEDpOT_)
                  00005c80    0000007a     rtsv7M4_T_le_v4SPD16_eabi.lib : memset_t2.asm.obj (.text)
                  00005cfa    00000002                                   : _lock.c.obj (.text:_nop)
                  00005cfc    00000078                                   : memory.c.obj (.text:malloc)
                  00005d74    0000006e                                   : fd_tos_t2.asm.obj (.text)
                  00005de2    00000068                                   : copy_decompress_lzss.c.obj (.text:decompress:lzss:__TI_decompress_lzss)
                  00005e4a    00000060     sense.obj (.text:_ZNSt3__26__treeINS_12__value_typeIi13sensor_structEENS_19__map_value_compareIiS3_NS_4lessIiEELb1EEENS_9allocatorIS3_EEE16__insert_node_atEPNS_15__tree_end_nodeIPNS_16__tree_node_baseIPvEEEERSF_SF_)
                  00005eaa    00000056     sense.obj (.text:_ZNSt3__218__tree_left_rotateIPNS_16__tree_node_baseIPvEEEEvT_)
                  00005f00    00000056     sense.obj (.text:_ZNSt3__219__tree_right_rotateIPNS_16__tree_node_baseIPvEEEEvT_)
                  00005f56    00000002     --HOLE-- [fill = 0]
                  00005f58    0000004c     sense.obj (.text:_ZNSt3__23mapIi13sensor_structNS_4lessIiEENS_9allocatorINS_4pairIKiS1_EEEEEixEOi)
                  00005fa4    00000048     sense.obj (.text:_ZNSt3__23mapIi13sensor_structNS_4lessIiEENS_9allocatorINS_4pairIKiS1_EEEEEixERS6_)
                  00005fec    00000048     rtsv7M4_T_le_v4SPD16_eabi.lib : exit.c.obj (.text:exit)
                  00006034    00000046     sense.obj (.text:_ZNSt3__29allocatorINS_11__tree_nodeINS_12__value_typeIi13sensor_structEEPvEEE9constructINS_4pairIKiS3_EEJRKNS_21piecewise_construct_tENS_5tupleIJOiEEENSF_IJEEEEEEvPT_DpOT0_)
                  0000607a    00000046     sense.obj (.text:_ZNSt3__29allocatorINS_11__tree_nodeINS_12__value_typeIi13sensor_structEEPvEEE9constructINS_4pairIKiS3_EEJRKNS_21piecewise_construct_tENS_5tupleIJRSA_EEENSF_IJEEEEEEvPT_DpOT0_)
                  000060c0    00000044     rtsv7M4_T_le_v4SPD16_eabi.lib : dtor_list.c.obj (.text:_Z25__add_destruction_to_listPP20a_needed_destructionPFYvPvES2_S2_)
                  00006104    00000044                                   : autoinit.c.obj (.text:__TI_auto_init_nobinit_nopinit:__TI_auto_init_nobinit_nopinit)
                  00006148    00000042                                   : dtor_list.c.obj (.text:_Z23__finalize_destructionsPP20a_needed_destructionPv)
                  0000618a    00000042     sense.obj (.text:_ZNSt3__26__treeINS_12__value_typeIi13sensor_structEENS_19__map_value_compareIiS3_NS_4lessIiEELb1EEENS_9allocatorIS3_EEE7destroyEPNS_11__tree_nodeIS3_PvEE)
                  000061cc    0000003e     cpu.obj (.text)
                  0000620a    00000002     --HOLE-- [fill = 0]
                  0000620c    0000003c     rtsv7M4_T_le_v4SPD16_eabi.lib : memory.c.obj (.text:minsert)
                  00006248    0000003a     sense.obj (.text:_ZNSt3__216allocator_traitsINS_9allocatorINS_11__tree_nodeINS_12__value_typeIi13sensor_structEEPvEEEEE9constructINS_4pairIKiS4_EEJRKNS_21piecewise_construct_tENS_5tupleIJOiEEENSH_IJEEEEEEvRS8_PT_DpOT0_)
                  00006282    0000003a     sense.obj (.text:_ZNSt3__216allocator_traitsINS_9allocatorINS_11__tree_nodeINS_12__value_typeIi13sensor_structEEPvEEEEE9constructINS_4pairIKiS4_EEJRKNS_21piecewise_construct_tENS_5tupleIJRSC_EEENSH_IJEEEEEEvRS8_PT_DpOT0_)
                  000062bc    00000038     sense.obj (.text:_ZNSt3__216allocator_traitsINS_9allocatorINS_11__tree_nodeINS_12__value_typeIi13sensor_structEEPvEEEEE11__constructINS_4pairIKiS4_EEJRKNS_21piecewise_construct_tENS_5tupleIJOiEEENSH_IJEEEEEEvNS_17integral_constantIbLb1EEERS8_PT_DpOT0_)
                  000062f4    00000038     sense.obj (.text:_ZNSt3__216allocator_traitsINS_9allocatorINS_11__tree_nodeINS_12__value_typeIi13sensor_structEEPvEEEEE11__constructINS_4pairIKiS4_EEJRKNS_21piecewise_construct_tENS_5tupleIJRSC_EEENSH_IJEEEEEEvNS_17integral_constantIbLb1EEERS8_PT_DpOT0_)
                  0000632c    00000038     sense.obj (.text:_ZNSt3__24pairIKi13sensor_structEC1IJOiEJEEENS_21piecewise_construct_tENS_5tupleIJDpT_EEENS7_IJDpT0_EEE)
                  00006364    00000038     sense.obj (.text:_ZNSt3__24pairIKi13sensor_structEC1IJRS1_EJEEENS_21piecewise_construct_tENS_5tupleIJDpT_EEENS7_IJDpT0_EEE)
                  0000639c    00000038     rtsv7M4_T_le_v4SPD16_eabi.lib : boot_cortex_m.c.obj (.text:_c_int00_noargs:_c_int00_noargs)
                  000063d4    00000038                                   : memory.c.obj (.text:minit)
                  0000640c    00000038                                   : fs_tod_t2.asm.obj (.text)
                  00006444    00000034     comms.obj (.text:_ZNSt3__26__copyIPVfPfEET0_T_S5_S4_)
                  00006478    00000034     comms.obj (.text:_ZNSt3__26__copyIPfPVfEET0_T_S5_S4_)
                  000064ac    00000034     sense.obj (.text:_ZNSt3__26__treeINS_12__value_typeIi13sensor_structEENS_19__map_value_compareIiS3_NS_4lessIiEELb1EEENS_9allocatorIS3_EEEC1ERKS7_)
                  000064e0    00000034     rtsv7M4_T_le_v4SPD16_eabi.lib : dtor_list.c.obj (.text:__aeabi_atexit)
                  00006514    00000032     sense.obj (.text:_ZNSt3__24pairIKi13sensor_structEC1IJOiEJEJLj0EEJEEENS_21piecewise_construct_tERNS_5tupleIJDpT_EEERNS7_IJDpT0_EEENS_15__tuple_indicesIJXT1_EEEENSG_IJXT2_EEEE)
                  00006546    00000032     sense.obj (.text:_ZNSt3__24pairIKi13sensor_structEC1IJRS1_EJEJLj0EEJEEENS_21piecewise_construct_tERNS_5tupleIJDpT_EEERNS7_IJDpT0_EEENS_15__tuple_indicesIJXT1_EEEENSG_IJXT2_EEEE)
                  00006578    00000032     sense.obj (.text:_ZNSt3__25tupleIJOiEEC1IJiELb0ELb0EEEDpOT_)
                  000065aa    00000030     sense.obj (.text:_ZNSt3__222__tree_node_destructorINS_9allocatorINS_11__tree_nodeINS_12__value_typeIi13sensor_structEEPvEEEEEclEPS7_)
                  000065da    0000002e     sense.obj (.text:_ZNSt3__25tupleIJRKiEEC1ILb1ELb0EEES2_)
                  00006608    0000002c     sense.obj (.text:_ZNSt3__210unique_ptrINS_11__tree_nodeINS_12__value_typeIi13sensor_structEEPvEENS_22__tree_node_destructorINS_9allocatorIS6_EEEEE5resetEPS6_)
                  00006634    0000002c     sense.obj (.text:_ZNSt3__29allocatorINS_11__tree_nodeINS_12__value_typeIi13sensor_structEEPvEEE8allocateEjPKv)
                  00006660    0000002a     sense.obj (.text:_ZNSt3__217__compressed_pairIPNS_11__tree_nodeINS_12__value_typeIi13sensor_structEEPvEENS_22__tree_node_destructorINS_9allocatorIS6_EEEEEC1IRS7_SB_EEOT_OT0_)
                  0000668a    0000002a     sense.obj (.text:_ZNSt3__217__compressed_pairIPNS_11__tree_nodeINS_12__value_typeIi13sensor_structEEPvEENS_22__tree_node_destructorINS_9allocatorIS6_EEEEEC1IS7_SB_EEOT_OT0_)
                  000066b4    0000002a     comms.obj (.text:_ZNSt3__24copyIPVfPfEET0_T_S5_S4_)
                  000066de    0000002a     comms.obj (.text:_ZNSt3__24copyIPfPVfEET0_T_S5_S4_)
                  00006708    00000028     sense.obj (.text:_ZNSt3__217__compressed_pairIjNS_19__map_value_compareIiNS_12__value_typeIi13sensor_structEENS_4lessIiEELb1EEEEC1IiRKS7_EEOT_OT0_)
                  00006730    00000028     rtsv7M4_T_le_v4SPD16_eabi.lib : memory.c.obj (.text:mremove)
                  00006758    00000026     sense.obj (.text:_ZNSt3__210unique_ptrINS_11__tree_nodeINS_12__value_typeIi13sensor_structEEPvEENS_22__tree_node_destructorINS_9allocatorIS6_EEEEEC1EOSB_)
                  0000677e    00000024     sense.obj (.text:_ZNSt3__24pairINS_15__tree_iteratorINS_12__value_typeIi13sensor_structEEPNS_11__tree_nodeIS4_PvEEiEEbEC1IS9_RbLb0EEEOT_OT0_)
                  000067a2    00000022     sense.obj (.text:_ZNSt3__212__tuple_implINS_15__tuple_indicesIJLj0EEEEJOiEEC1IJLj0EEJS3_EJEJEJiEEENS1_IJXT_EEEENS_13__tuple_typesIJDpT0_EEENS1_IJXT1_EEEENS7_IJDpT2_EEEDpOT3_)
                  000067c4    00000022     sense.obj (.text:_ZNSt3__212__tuple_implINS_15__tuple_indicesIJLj0EEEEJRKiEEC1IJLj0EEJS4_EJEJEJS4_EEENS1_IJXT_EEEENS_13__tuple_typesIJDpT0_EEENS1_IJXT1_EEEENS8_IJDpT2_EEEDpOT3_)
                  000067e6    00000022     rtsv7M4_T_le_v4SPD16_eabi.lib : new.cpp.obj (.text:_Znwj)
                  00006808    00000020     sense.obj (.text:_ZNSt3__222__tree_node_destructorINS_9allocatorINS_11__tree_nodeINS_12__value_typeIi13sensor_structEEPvEEEEEC1ERS8_b)
                  00006828    0000001e     sense.obj (.text:_ZNKSt3__24lessIiEclERKiS3_)
                  00006846    0000001c     sense.obj (.text:_ZNSt3__210unique_ptrINS_11__tree_nodeINS_12__value_typeIi13sensor_structEEPvEENS_22__tree_node_destructorINS_9allocatorIS6_EEEEE7releaseEv)
                  00006862    0000001c     sense.obj (.text:_ZNSt3__210unique_ptrINS_11__tree_nodeINS_12__value_typeIi13sensor_structEEPvEENS_22__tree_node_destructorINS_9allocatorIS6_EEEEEC1ILb1EvEEPS6_NS_16__dependent_typeINS_27__unique_ptr_deleter_sfinaeISA_EEXT_EE20__good_rval_ref_typeE)
                  0000687e    0000001a     sense.obj (.text:_ZNSt3__220__tree_is_left_childIPNS_16__tree_node_baseIPvEEEEbT_)
                  00006898    0000001a     sense.obj (.text:_ZNSt3__23mapIi13sensor_structNS_4lessIiEENS_9allocatorINS_4pairIKiS1_EEEEEC1Ev)
                  000068b2    00000018     sense.obj (.text:_ZNSt3__222__compressed_pair_elemINS_22__tree_node_destructorINS_9allocatorINS_11__tree_nodeINS_12__value_typeIi13sensor_structEEPvEEEEEELi1ELb0EEC1ISA_vEEOT_)
                  000068ca    00000016     sense.obj (.text:_ZNSt3__216forward_as_tupleIJRKiEEENS_5tupleIJDpOT_EEES6_)
                  000068e0    00000016     sense.obj (.text:_ZNSt3__216forward_as_tupleIJiEEENS_5tupleIJDpOT_EEES4_)
                  000068f6    00000016     sense.obj (.text:_ZNSt3__222__compressed_pair_elemIPNS_11__tree_nodeINS_12__value_typeIi13sensor_structEEPvEELi0ELb0EEC1IRS7_vEEOT_)
                  0000690c    00000016     sense.obj (.text:_ZNSt3__222__compressed_pair_elemIPNS_11__tree_nodeINS_12__value_typeIi13sensor_structEEPvEELi0ELb0EEC1IS7_vEEOT_)
                  00006922    00000016     sense.obj (.text:_ZNSt3__222__compressed_pair_elemIjLi0ELb0EEC1IivEEOT_)
                  00006938    00000016     sense.obj (.text:_ZNSt3__26__treeINS_12__value_typeIi13sensor_structEENS_19__map_value_compareIiS3_NS_4lessIiEELb1EEENS_9allocatorIS3_EEED1Ev)
                  0000694e    00000014     sense.obj (.text:_ZNKSt3__219__map_value_compareIiNS_12__value_typeIi13sensor_structEENS_4lessIiEELb1EEclERKS3_RKi)
                  00006962    00000014     sense.obj (.text:_ZNKSt3__219__map_value_compareIiNS_12__value_typeIi13sensor_structEENS_4lessIiEELb1EEclERKiRKS3_)
                  00006976    00000014     sense.obj (.text:_ZNSt3__212__tuple_leafILj0EOiLb0EEC1IivEEOT_)
                  0000698a    00000014     sense.obj (.text:_ZNSt3__212__tuple_leafILj0ERKiLb0EEC1IS2_vEEOT_)
                  0000699e    00000014     sense.obj (.text:_ZNSt3__215__tree_iteratorINS_12__value_typeIi13sensor_structEEPNS_11__tree_nodeIS3_PvEEiEC1ES7_)
                  000069b2    00000014     sense.obj (.text:_ZNSt3__216allocator_traitsINS_9allocatorINS_11__tree_nodeINS_12__value_typeIi13sensor_structEEPvEEEEE10deallocateERS8_PS7_j)
                  000069c6    00000014     sense.obj (.text:_ZNSt3__216allocator_traitsINS_9allocatorINS_11__tree_nodeINS_12__value_typeIi13sensor_structEEPvEEEEE7destroyINS_4pairIKiS4_EEEEvRS8_PT_)
                  000069da    00000014     sense.obj (.text:_ZNSt3__217__compressed_pairINS_15__tree_end_nodeIPNS_16__tree_node_baseIPvEEEENS_9allocatorINS_11__tree_nodeINS_12__value_typeIi13sensor_structEES3_EEEEEC1ILb1EvEEv)
                  000069ee    00000012     sense.obj (.text:_ZNKSt3__215__tree_iteratorINS_12__value_typeIi13sensor_structEEPNS_11__tree_nodeIS3_PvEEiEptEv)
                  00006a00    00000012     sense.obj (.text:_ZNKSt3__26__treeINS_12__value_typeIi13sensor_structEENS_19__map_value_compareIiS3_NS_4lessIiEELb1EEENS_9allocatorIS3_EEE10__end_nodeEv)
                  00006a12    00000012     sense.obj (.text:_ZNSt3__215__tree_end_nodeIPNS_16__tree_node_baseIPvEEEC1Ev)
                  00006a24    00000012     sense.obj (.text:_ZNSt3__216__tree_node_baseIPvE12__set_parentEPS2_)
                  00006a36    00000012     sense.obj (.text:_ZNSt3__216allocator_traitsINS_9allocatorINS_11__tree_nodeINS_12__value_typeIi13sensor_structEEPvEEEEE8allocateERS8_j)
                  00006a48    00000012     sense.obj (.text:_ZNSt3__26__treeINS_12__value_typeIi13sensor_structEENS_19__map_value_compareIiS3_NS_4lessIiEELb1EEENS_9allocatorIS3_EEE10__end_nodeEv)
                  00006a5a    00000010     sense.obj (.text:_ZN9ConverterD1Ev)
                  00006a6a    00000010     sense.obj (.text:_ZNKSt3__26__treeINS_12__value_typeIi13sensor_structEENS_19__map_value_compareIiS3_NS_4lessIiEELb1EEENS_9allocatorIS3_EEE10__root_ptrEv)
                  00006a7a    00000002     --HOLE-- [fill = 0]
                  00006a7c    00000010     sense.obj (.text:_ZNKSt3__29allocatorINS_11__tree_nodeINS_12__value_typeIi13sensor_structEEPvEEE8max_sizeEv)
                  00006a8c    00000010     sense.obj (.text:_ZNSt3__210unique_ptrINS_11__tree_nodeINS_12__value_typeIi13sensor_structEEPvEENS_22__tree_node_destructorINS_9allocatorIS6_EEEEED1Ev)
                  00006a9c    00000010     sense.obj (.text:_ZNSt3__212__tuple_leafILj0EOiLb0EEC2IivEEOT_)
                  00006aac    00000010     sense.obj (.text:_ZNSt3__212__tuple_leafILj0ERKiLb0EEC2IS2_vEEOT_)
                  00006abc    00000010     sense.obj (.text:_ZNSt3__216allocator_traitsINS_9allocatorINS_11__tree_nodeINS_12__value_typeIi13sensor_structEEPvEEEEE9__destroyINS_4pairIKiS4_EEEEvNS_17integral_constantIbLb0EEERS8_PT_)
                  00006acc    00000010     sense.obj (.text:_ZNSt3__219__map_value_compareIiNS_12__value_typeIi13sensor_structEENS_4lessIiEELb1EEC1ES5_)
                  00006adc    00000010     sense.obj (.text:_ZNSt3__222__compressed_pair_elemINS_19__map_value_compareIiNS_12__value_typeIi13sensor_structEENS_4lessIiEELb1EEELi1ELb1EEC1IRKS7_vEEOT_)
                  00006aec    00000010     sense.obj (.text:_ZNSt3__222__compressed_pair_elemINS_19__map_value_compareIiNS_12__value_typeIi13sensor_structEENS_4lessIiEELb1EEELi1ELb1EEC2IRKS7_vEEOT_)
                  00006afc    00000010     sense.obj (.text:_ZNSt3__222__compressed_pair_elemINS_22__tree_node_destructorINS_9allocatorINS_11__tree_nodeINS_12__value_typeIi13sensor_structEEPvEEEEEELi1ELb0EEC2ISA_vEEOT_)
                  00006b0c    00000010     sense.obj (.text:_ZNSt3__222__compressed_pair_elemIPNS_11__tree_nodeINS_12__value_typeIi13sensor_structEEPvEELi0ELb0EEC2IRS7_vEEOT_)
                  00006b1c    00000010     sense.obj (.text:_ZNSt3__222__compressed_pair_elemIPNS_11__tree_nodeINS_12__value_typeIi13sensor_structEEPvEELi0ELb0EEC2IS7_vEEOT_)
                  00006b2c    00000010     sense.obj (.text:_ZNSt3__222__compressed_pair_elemIjLi0ELb0EEC2IivEEOT_)
                  00006b3c    00000010     sense.obj (.text:_ZNSt3__29allocatorINS_11__tree_nodeINS_12__value_typeIi13sensor_structEEPvEEE10deallocateEPS6_j)
                  00006b4c    0000000e     sense.obj (.text:_ZNKSt3__210unique_ptrINS_11__tree_nodeINS_12__value_typeIi13sensor_structEEPvEENS_22__tree_node_destructorINS_9allocatorIS6_EEEEE3getEv)
                  00006b5a    0000000e     sense.obj (.text:_ZNKSt3__210unique_ptrINS_11__tree_nodeINS_12__value_typeIi13sensor_structEEPvEENS_22__tree_node_destructorINS_9allocatorIS6_EEEEEptEv)
                  00006b68    0000000e     sense.obj (.text:_ZNKSt3__215__tree_iteratorINS_12__value_typeIi13sensor_structEEPNS_11__tree_nodeIS3_PvEEiE8__get_npEv)
                  00006b76    0000000e     sense.obj (.text:_ZNKSt3__216__tree_node_baseIPvE15__parent_unsafeEv)
                  00006b84    0000000e     sense.obj (.text:_ZNKSt3__26__treeINS_12__value_typeIi13sensor_structEENS_19__map_value_compareIiS3_NS_4lessIiEELb1EEENS_9allocatorIS3_EEE6__rootEv)
                  00006b92    0000000e     sense.obj (.text:_ZNSt3__212__tuple_leafILj0EOiLb0EE3getEv)
                  00006ba0    0000000e     sense.obj (.text:_ZNSt3__212__tuple_leafILj0ERKiLb0EE3getEv)
                  00006bae    0000000e     sense.obj (.text:_ZNSt3__217__compressed_pairIPNS_11__tree_nodeINS_12__value_typeIi13sensor_structEEPvEENS_22__tree_node_destructorINS_9allocatorIS6_EEEEE6secondEv)
                  00006bbc    0000000e     sense.obj (.text:_ZNSt3__222__compressed_pair_elemINS_15__tree_end_nodeIPNS_16__tree_node_baseIPvEEEELi0ELb0EEC1Ev)
                  00006bca    0000000e     sense.obj (.text:_ZNSt3__222__compressed_pair_elemINS_9allocatorINS_11__tree_nodeINS_12__value_typeIi13sensor_structEEPvEEEELi1ELb1EEC1Ev)
                  00006bd8    0000000e     sense.obj (.text:_ZNSt3__23mapIi13sensor_structNS_4lessIiEENS_9allocatorINS_4pairIKiS1_EEEEED1Ev)
                  00006be6    0000000e     sense.obj (.text:_ZNSt3__26__treeINS_12__value_typeIi13sensor_structEENS_19__map_value_compareIiS3_NS_4lessIiEELb1EEENS_9allocatorIS3_EEE10value_compEv)
                  00006bf4    0000000e     sense.obj (.text:_ZNSt3__26__treeINS_12__value_typeIi13sensor_structEENS_19__map_value_compareIiS3_NS_4lessIiEELb1EEENS_9allocatorIS3_EEE12__node_allocEv)
                  00006c02    0000000e     sense.obj (.text:_ZNSt3__26__treeINS_12__value_typeIi13sensor_structEENS_19__map_value_compareIiS3_NS_4lessIiEELb1EEENS_9allocatorIS3_EEE4sizeEv)
                  00006c10    0000000e     sense.obj (.text:_ZnwjPv)
                  00006c1e    0000000e     rtsv7M4_T_le_v4SPD16_eabi.lib : copy_decompress_none.c.obj (.text:decompress:none:__TI_decompress_none)
                  00006c2c    0000000e     startup_msp432p401r_ccs.obj (.text)
                  00006c3a    0000000c     sense.obj (.text:_ZNKSt3__217__compressed_pairINS_15__tree_end_nodeIPNS_16__tree_node_baseIPvEEEENS_9allocatorINS_11__tree_nodeINS_12__value_typeIi13sensor_structEES3_EEEEE5firstEv)
                  00006c46    0000000c     sense.obj (.text:_ZNKSt3__217__compressed_pairIPNS_11__tree_nodeINS_12__value_typeIi13sensor_structEEPvEENS_22__tree_node_destructorINS_9allocatorIS6_EEEEE5firstEv)
                  00006c52    0000000c     sense.obj (.text:_ZNKSt3__222__compressed_pair_elemINS_15__tree_end_nodeIPNS_16__tree_node_baseIPvEEEELi0ELb0EE5__getEv)
                  00006c5e    0000000c     sense.obj (.text:_ZNKSt3__222__compressed_pair_elemIPNS_11__tree_nodeINS_12__value_typeIi13sensor_structEEPvEELi0ELb0EE5__getEv)
                  00006c6a    0000000c     sense.obj (.text:_ZNSt3__210__allocateEj)
                  00006c76    0000000c     sense.obj (.text:_ZNSt3__210unique_ptrINS_11__tree_nodeINS_12__value_typeIi13sensor_structEEPvEENS_22__tree_node_destructorINS_9allocatorIS6_EEEEE11get_deleterEv)
                  00006c82    0000000c     comms.obj (.text:_ZNSt3__213__unwrap_iterIPVfEET_S3_)
                  00006c8e    0000000c     comms.obj (.text:_ZNSt3__213__unwrap_iterIPfEET_S2_)
                  00006c9a    0000000c     sense.obj (.text:_ZNSt3__214pointer_traitsIPNS_12__value_typeIi13sensor_structEEE10pointer_toERS3_)
                  00006ca6    0000000c     sense.obj (.text:_ZNSt3__214pointer_traitsIPNS_15__tree_end_nodeIPNS_16__tree_node_baseIPvEEEEE10pointer_toERS6_)
                  00006cb2    0000000c     sense.obj (.text:_ZNSt3__217__compressed_pairINS_15__tree_end_nodeIPNS_16__tree_node_baseIPvEEEENS_9allocatorINS_11__tree_nodeINS_12__value_typeIi13sensor_structEES3_EEEEE5firstEv)
                  00006cbe    0000000c     sense.obj (.text:_ZNSt3__217__compressed_pairINS_15__tree_end_nodeIPNS_16__tree_node_baseIPvEEEENS_9allocatorINS_11__tree_nodeINS_12__value_typeIi13sensor_structEES3_EEEEE6secondEv)
                  00006cca    0000000c     sense.obj (.text:_ZNSt3__217__compressed_pairIPNS_11__tree_nodeINS_12__value_typeIi13sensor_structEEPvEENS_22__tree_node_destructorINS_9allocatorIS6_EEEEE5firstEv)
                  00006cd6    0000000c     sense.obj (.text:_ZNSt3__217__compressed_pairIjNS_19__map_value_compareIiNS_12__value_typeIi13sensor_structEENS_4lessIiEELb1EEEE5firstEv)
                  00006ce2    0000000c     sense.obj (.text:_ZNSt3__217__compressed_pairIjNS_19__map_value_compareIiNS_12__value_typeIi13sensor_structEENS_4lessIiEELb1EEEE6secondEv)
                  00006cee    0000000c     sense.obj (.text:_ZNSt3__219__libcpp_deallocateEPv)
                  00006cfa    0000000c     sense.obj (.text:_ZNSt3__222__compressed_pair_elemINS_15__tree_end_nodeIPNS_16__tree_node_baseIPvEEEELi0ELb0EE5__getEv)
                  00006d06    0000000c     sense.obj (.text:_ZNSt3__222__compressed_pair_elemINS_15__tree_end_nodeIPNS_16__tree_node_baseIPvEEEELi0ELb0EEC2Ev)
                  00006d12    0000000c     sense.obj (.text:_ZNSt3__222__compressed_pair_elemINS_19__map_value_compareIiNS_12__value_typeIi13sensor_structEENS_4lessIiEELb1EEELi1ELb1EE5__getEv)
                  00006d1e    0000000c     sense.obj (.text:_ZNSt3__222__compressed_pair_elemINS_22__tree_node_destructorINS_9allocatorINS_11__tree_nodeINS_12__value_typeIi13sensor_structEEPvEEEEEELi1ELb0EE5__getEv)
                  00006d2a    0000000c     sense.obj (.text:_ZNSt3__222__compressed_pair_elemINS_9allocatorINS_11__tree_nodeINS_12__value_typeIi13sensor_structEEPvEEEELi1ELb1EE5__getEv)
                  00006d36    0000000c     sense.obj (.text:_ZNSt3__222__compressed_pair_elemINS_9allocatorINS_11__tree_nodeINS_12__value_typeIi13sensor_structEEPvEEEELi1ELb1EEC2Ev)
                  00006d42    0000000c     sense.obj (.text:_ZNSt3__222__compressed_pair_elemIPNS_11__tree_nodeINS_12__value_typeIi13sensor_structEEPvEELi0ELb0EE5__getEv)
                  00006d4e    0000000c     sense.obj (.text:_ZNSt3__222__compressed_pair_elemIjLi0ELb0EE5__getEv)
                  00006d5a    0000000c     sense.obj (.text:_ZNSt3__222__tree_key_value_typesINS_12__value_typeIi13sensor_structEEE9__get_ptrERS3_)
                  00006d66    0000000c     sense.obj (.text:_ZNSt3__23getILj0EJOiEEERNS_13tuple_elementIXT_ENS_5tupleIJDpT0_EEEE4typeERS6_)
                  00006d72    0000000c     sense.obj (.text:_ZNSt3__23getILj0EJRKiEEERNS_13tuple_elementIXT_ENS_5tupleIJDpT0_EEEE4typeERS7_)
                  00006d7e    0000000c     sense.obj (.text:_ZNSt3__24moveIRNS_22__tree_node_destructorINS_9allocatorINS_11__tree_nodeINS_12__value_typeIi13sensor_structEEPvEEEEEEEEONS_16remove_referenceIT_E4typeEOSD_)
                  00006d8a    0000000c     sense.obj (.text:_ZNSt3__24moveIRiEEONS_16remove_referenceIT_E4typeEOS3_)
                  00006d96    0000000c     sense.obj (.text:_ZNSt3__26__treeINS_12__value_typeIi13sensor_structEENS_19__map_value_compareIiS3_NS_4lessIiEELb1EEENS_9allocatorIS3_EEE12__begin_nodeEv)
                  00006da2    0000000c     sense.obj (.text:_ZNSt3__27forwardINS_15__tree_iteratorINS_12__value_typeIi13sensor_structEEPNS_11__tree_nodeIS4_PvEEiEEEEOT_RNS_16remove_referenceISA_E4typeE)
                  00006dae    0000000c     sense.obj (.text:_ZNSt3__27forwardINS_22__tree_node_destructorINS_9allocatorINS_11__tree_nodeINS_12__value_typeIi13sensor_structEEPvEEEEEEEEOT_RNS_16remove_referenceISB_E4typeE)
                  00006dba    0000000c     sense.obj (.text:_ZNSt3__27forwardINS_5tupleIJEEEEEOT_RNS_16remove_referenceIS3_E4typeE)
                  00006dc6    0000000c     sense.obj (.text:_ZNSt3__27forwardINS_5tupleIJOiEEEEEOT_RNS_16remove_referenceIS4_E4typeE)
                  00006dd2    0000000c     sense.obj (.text:_ZNSt3__27forwardINS_5tupleIJRKiEEEEEOT_RNS_16remove_referenceIS5_E4typeE)
                  00006dde    0000000c     sense.obj (.text:_ZNSt3__27forwardIOiEEOT_RNS_16remove_referenceIS2_E4typeE)
                  00006dea    0000000c     sense.obj (.text:_ZNSt3__27forwardIPNS_11__tree_nodeINS_12__value_typeIi13sensor_structEEPvEEEEOT_RNS_16remove_referenceIS8_E4typeE)
                  00006df6    0000000c     sense.obj (.text:_ZNSt3__27forwardIRKNS_19__map_value_compareIiNS_12__value_typeIi13sensor_structEENS_4lessIiEELb1EEEEEOT_RNS_16remove_referenceISA_E4typeE)
                  00006e02    0000000c     sense.obj (.text:_ZNSt3__27forwardIRKNS_21piecewise_construct_tEEEOT_RNS_16remove_referenceIS4_E4typeE)
                  00006e0e    0000000c     sense.obj (.text:_ZNSt3__27forwardIRKiEEOT_RNS_16remove_referenceIS3_E4typeE)
                  00006e1a    0000000c     sense.obj (.text:_ZNSt3__27forwardIRPNS_11__tree_nodeINS_12__value_typeIi13sensor_structEEPvEEEEOT_RNS_16remove_referenceIS9_E4typeE)
                  00006e26    0000000c     sense.obj (.text:_ZNSt3__27forwardIRbEEOT_RNS_16remove_referenceIS2_E4typeE)
                  00006e32    0000000c     sense.obj (.text:_ZNSt3__27forwardIiEEOT_RNS_16remove_referenceIS1_E4typeE)
                  00006e3e    0000000c     sense.obj (.text:_ZNSt3__29addressofINS_12__value_typeIi13sensor_structEEEEPT_RS4_)
                  00006e4a    0000000c     sense.obj (.text:_ZNSt3__29addressofINS_15__tree_end_nodeIPNS_16__tree_node_baseIPvEEEEEEPT_RS7_)
                  00006e56    0000000c     sense.obj (.text:_ZNSt3__29addressofINS_4pairIKi13sensor_structEEEEPT_RS5_)
                  00006e62    0000000c     sense.obj (.text:_ZNSt3__29addressofIPNS_16__tree_node_baseIPvEEEEPT_RS5_)
                  00006e6e    0000000c     sense.obj (.text:_ZNSt3__29allocatorINS_11__tree_nodeINS_12__value_typeIi13sensor_structEEPvEEEC1Ev)
                  00006e7a    0000000c     sense.obj (.text:_ZNSt3__29allocatorINS_11__tree_nodeINS_12__value_typeIi13sensor_structEEPvEEEC2Ev)
                  00006e86    00000002     --HOLE-- [fill = 0]
                  00006e88    0000000c     rtsv7M4_T_le_v4SPD16_eabi.lib : new.cpp.obj (.text:_ZSt15get_new_handlerv)
                  00006e94    0000000c                                   : guard.c.obj (.text:__cxa_guard_acquire)
                  00006ea0    0000000c                                   : dtor_list.c.obj (.text:__cxa_ia64_exit)
                  00006eac    0000000c                                   : copy_zero_init.c.obj (.text:decompress:ZI:__TI_zero_init)
                  00006eb8    0000000a     sense.obj (.text:_ZNSt3__220__throw_length_errorEPKc)
                  00006ec2    0000000a     rtsv7M4_T_le_v4SPD16_eabi.lib : guard.c.obj (.text:__cxa_guard_release)
                  00006ecc    00000008                                   : new.cpp.obj (.text:_ZdlPv)
                  00006ed4    00000004                                   : pre_init.c.obj (.text:_system_pre_init)
                  00006ed8    00000004                                   : exit.c.obj (.text:abort:abort)

.const     0    00006edc    000001d8     
                  00006edc    00000080     adc14.obj (.const:_ctlRegs)
                  00006f5c    00000050     interrupt.obj (.const:g_pulRegs)
                  00006fac    00000044     sense.obj (.const:.string:_ZZNSt3__29allocatorINS_11__tree_nodeINS_12__value_typeIi13sensor_structEEPvEEE8allocateEjPKvEs)
                  00006ff0    00000024     initialization.obj (.const:uartConfig)
                  00007014    00000020     interrupt.obj (.const:g_pulPriority)
                  00007034    0000001c     gpio.obj (.const:GPIO_PORT_TO_INT)
                  00007050    00000018     initialization.obj (.const:controlTimerConfig)
                  00007068    00000018     initialization.obj (.const:sensorTimerConfig)
                  00007080    00000014     initialization.obj (.const:presAdc)
                  00007094    00000008     interrupt.obj (.const:g_pulDisRegs)
                  0000709c    00000008     interrupt.obj (.const:g_pulEnRegs)
                  000070a4    00000008     interrupt.obj (.const:g_pulPendRegs)
                  000070ac    00000008     interrupt.obj (.const:g_pulUnpendRegs)

.cinit     0    000070b8    000000c8     
                  000070b8    00000091     (.cinit..data.load) [load image, compression = lzss]
                  00007149    00000003     --HOLE-- [fill = 0]
                  0000714c    0000000c     (__TI_handler_table)
                  00007158    00000008     (.cinit..bss.load) [load image, compression = zero_init]
                  00007160    00000008     (.cinit..vtable.load) [load image, compression = zero_init]
                  00007168    00000018     (__TI_cinit_table)

.init_array 
*          0    00000000    00000000     UNINITIALIZED

.binit     0    00000000    00000000     

.vtable    0    20000000    000000e4     UNINITIALIZED
                  20000000    000000e4     interrupt.obj (.vtable)

.bss       0    200000e4    00000638     UNINITIALIZED
                  200000e4    000001a4     (.common:pres)
                  20000288    00000100     comms.obj (.bss:arr8_stuff_rx$1)
                  20000388    000000fc     comms.obj (.bss:arr8_unstuff_rx$2)
                  20000484    000000fc     comms.obj (.bss:arr_float_cat_rx$3)
                  20000580    000000fc     (.common:uart_tx)
                  2000067c    00000040     (.common:ctrl_params)
                  200006bc    00000030     (.common:valves)
                  200006ec    00000018     sense.obj (.bss:_ZZ12sensorUpdatevE7convert)
                  20000704    00000008     cs.obj (.bss)
                  2000070c    00000004     rtsv7M4_T_le_v4SPD16_eabi.lib : new.cpp.obj (.bss)
                  20000710    00000004     sense.obj (.bss)
                  20000714    00000004     (.common:__dso_handle)
                  20000718    00000001     sense.obj (.bss:$P$T153$2)
                  20000719    00000001     sense.obj (.bss:$P$T157$3)
                  2000071a    00000001     sense.obj (.bss:_ZN30_INTERNAL_9_sense_cpp_b03d03f4St3__219piecewise_constructE)
                  2000071b    00000001     comms.obj (.bss)

.sysmem    0    20000720    00000400     UNINITIALIZED
                  20000720    00000008     rtsv7M4_T_le_v4SPD16_eabi.lib : memory.c.obj (.sysmem)
                  20000728    000003f8     --HOLE--

.data      0    20000b20    000001b4     UNINITIALIZED
                  20000b20    000000fc     initialization.obj (.data:uart_rx)
                  20000c1c    00000040     flash.obj (.data:__getBurstProgramRegs)
                  20000c5c    00000030     gpio.obj (.data:GPIO_PORT_TO_BASE)
                  20000c8c    00000010     initialization.obj (.data:pres_des)
                  20000c9c    0000000c     rtsv7M4_T_le_v4SPD16_eabi.lib : exit.c.obj (.data:$O1$$)
                  20000ca8    0000000c                                   : memory.c.obj (.data:$O1$$)
                  20000cb4    0000000c     initialization.obj (.data)
                  20000cc0    00000008     rtsv7M4_T_le_v4SPD16_eabi.lib : _lock.c.obj (.data:$O1$$)
                  20000cc8    00000004     comms.obj (.data)
                  20000ccc    00000004     rtsv7M4_T_le_v4SPD16_eabi.lib : dtor_list.c.obj (.data)
                  20000cd0    00000004     system_msp432p401r.obj (.data)

.stack     0    2000fe00    00000200     UNINITIALIZED
                  2000fe00    00000004     rtsv7M4_T_le_v4SPD16_eabi.lib : boot_cortex_m.c.obj (.stack)
                  2000fe04    000001fc     --HOLE--

MODULE SUMMARY

       Module                        code    ro data   rw data
       ------                        ----    -------   -------
    ./
       sense.obj                     5292    68        62     
       initialization.obj            872     104       2128   
       comms.obj                     1024    0         1530   
       system_msp432p401r.obj        820     0         8      
       control.obj                   300     0         0      
       main.obj                      264     0         0      
       startup_msp432p401r_ccs.obj   14      228       0      
    +--+-----------------------------+-------+---------+---------+
       Total:                        8586    400       3728   
                                                              
    ./driverlib/MSP432P4xx/
       flash.obj                     5532    0         128    
       cs.obj                        3452    0         16     
       adc14.obj                     2260    128       0      
       timer_a.obj                   1944    0         0      
       interrupt.obj                 1008    144       456    
       gpio.obj                      1152    28        96     
       uart.obj                      1052    0         0      
       sysctl.obj                    580     0         0      
       wdt_a.obj                     216     0         0      
       fpu.obj                       192     0         0      
       cpu.obj                       62      0         0      
    +--+-----------------------------+-------+---------+---------+
       Total:                        17450   300       696    
                                                              
    /home/lucas/ti/ccsv8/tools/compiler/ti-cgt-arm_18.1.4.LTS/lib/rtsv7M4_T_le_v4SPD16_eabi.lib
       memory.c.obj                  492     0         24     
       fd_div_t2.asm.obj             310     0         0      
       fd_mul_t2.asm.obj             252     0         0      
       dtor_list.c.obj               198     0         16     
       memcpy_t2.asm.obj             156     0         0      
       memset_t2.asm.obj             122     0         0      
       fd_tos_t2.asm.obj             110     0         0      
       copy_decompress_lzss.c.obj    104     0         0      
       exit.c.obj                    76      0         24     
       autoinit.c.obj                68      0         0      
       new.cpp.obj                   54      0         8      
       boot_cortex_m.c.obj           56      0         0      
       fs_tod_t2.asm.obj             56      0         0      
       guard.c.obj                   22      0         0      
       _lock.c.obj                   2       0         16     
       copy_decompress_none.c.obj    14      0         0      
       copy_zero_init.c.obj          12      0         0      
       pre_init.c.obj                4       0         0      
    +--+-----------------------------+-------+---------+---------+
       Total:                        2108    0         88     
                                                              
       Heap:                         0       0         2048   
       Stack:                        0       0         1024   
       Linker Generated:             0       197       0      
    +--+-----------------------------+-------+---------+---------+
       Grand Total:                  28144   897       7584   


LINKER GENERATED COPY TABLES

__TI_cinit_table @ 00007168 records: 3, size/record: 8, table size: 24
	.data: load addr=000070b8, load size=00000091 bytes, run addr=20000b20, run size=000001b4 bytes, compression=lzss
	.bss: load addr=00007158, load size=00000008 bytes, run addr=200000e4, run size=00000638 bytes, compression=zero_init
	.vtable: load addr=00007160, load size=00000008 bytes, run addr=20000000, run size=000000e4 bytes, compression=zero_init


LINKER GENERATED HANDLER TABLE

__TI_handler_table @ 0000714c records: 3, size/record: 4, table size: 12
	index: 0, handler: __TI_zero_init
	index: 1, handler: __TI_decompress_lzss
	index: 2, handler: __TI_decompress_none


GLOBAL SYMBOLS: SORTED ALPHABETICALLY BY Name 

address   name                                                                                                                                                                                                                                                                                         
-------   ----                                                                                                                                                                                                                                                                                         
00006c39  ADC14_IRQHandler                                                                                                                                                                                                                                                                             
00002c49  ADC14_clearInterruptFlag                                                                                                                                                                                                                                                                     
000027f1  ADC14_configureConversionMemory                                                                                                                                                                                                                                                              
00002699  ADC14_configureMultiSequenceMode                                                                                                                                                                                                                                                             
0000272f  ADC14_configureSingleSampleMode                                                                                                                                                                                                                                                              
00002929  ADC14_disableComparatorWindow                                                                                                                                                                                                                                                                
000027c7  ADC14_disableConversion                                                                                                                                                                                                                                                                      
00002bc7  ADC14_disableInterrupt                                                                                                                                                                                                                                                                       
0000256d  ADC14_disableModule                                                                                                                                                                                                                                                                          
00002b47  ADC14_disableReferenceBurst                                                                                                                                                                                                                                                                  
000025ad  ADC14_disableSampleTimer                                                                                                                                                                                                                                                                     
00002899  ADC14_enableComparatorWindow                                                                                                                                                                                                                                                                 
00002785  ADC14_enableConversion                                                                                                                                                                                                                                                                       
00002b9f  ADC14_enableInterrupt                                                                                                                                                                                                                                                                        
00002565  ADC14_enableModule                                                                                                                                                                                                                                                                           
00002b31  ADC14_enableReferenceBurst                                                                                                                                                                                                                                                                   
00002583  ADC14_enableSampleTimer                                                                                                                                                                                                                                                                      
00002c13  ADC14_getEnabledInterruptStatus                                                                                                                                                                                                                                                              
00002bef  ADC14_getInterruptStatus                                                                                                                                                                                                                                                                     
00002a51  ADC14_getMultiSequenceResult                                                                                                                                                                                                                                                                 
00002623  ADC14_getResolution                                                                                                                                                                                                                                                                          
00002a37  ADC14_getResult                                                                                                                                                                                                                                                                              
00002abd  ADC14_getResultArray                                                                                                                                                                                                                                                                         
000025c3  ADC14_initModule                                                                                                                                                                                                                                                                             
000027d3  ADC14_isBusy                                                                                                                                                                                                                                                                                 
00002c75  ADC14_registerInterrupt                                                                                                                                                                                                                                                                      
00002987  ADC14_setComparatorWindowValue                                                                                                                                                                                                                                                               
00002b5d  ADC14_setPowerMode                                                                                                                                                                                                                                                                           
00002609  ADC14_setResolution                                                                                                                                                                                                                                                                          
00002a0d  ADC14_setResultFormat                                                                                                                                                                                                                                                                        
0000266f  ADC14_setSampleHoldTime                                                                                                                                                                                                                                                                      
0000262d  ADC14_setSampleHoldTrigger                                                                                                                                                                                                                                                                   
000027a5  ADC14_toggleConversionTrigger                                                                                                                                                                                                                                                                
00002c89  ADC14_unregisterInterrupt                                                                                                                                                                                                                                                                    
00006c39  AES256_IRQHandler                                                                                                                                                                                                                                                                            
00006c39  BusFault_Handler                                                                                                                                                                                                                                                                             
00006ed9  C$$EXIT                                                                                                                                                                                                                                                                                      
00006c39  COMP_E0_IRQHandler                                                                                                                                                                                                                                                                           
00006c39  COMP_E1_IRQHandler                                                                                                                                                                                                                                                                           
00006201  CPU_basepriGet                                                                                                                                                                                                                                                                               
000061f3  CPU_basepriSet                                                                                                                                                                                                                                                                               
000061cd  CPU_cpsid                                                                                                                                                                                                                                                                                    
000061e3  CPU_cpsie                                                                                                                                                                                                                                                                                    
000061d9  CPU_primask                                                                                                                                                                                                                                                                                  
000061ef  CPU_wfi                                                                                                                                                                                                                                                                                      
00006c39  CS_IRQHandler                                                                                                                                                                                                                                                                                
00002381  CS_clearInterruptFlag                                                                                                                                                                                                                                                                        
00001c29  CS_disableClockRequest                                                                                                                                                                                                                                                                       
00001d0f  CS_disableDCOExternalResistor                                                                                                                                                                                                                                                                
00002255  CS_disableFaultCounter                                                                                                                                                                                                                                                                       
0000233f  CS_disableInterrupt                                                                                                                                                                                                                                                                          
00001c01  CS_enableClockRequest                                                                                                                                                                                                                                                                        
00001c71  CS_enableDCOExternalResistor                                                                                                                                                                                                                                                                 
00002229  CS_enableFaultCounter                                                                                                                                                                                                                                                                        
0000231d  CS_enableInterrupt                                                                                                                                                                                                                                                                           
000021c1  CS_getACLK                                                                                                                                                                                                                                                                                   
00002181  CS_getBCLK                                                                                                                                                                                                                                                                                   
00001e09  CS_getDCOFrequency                                                                                                                                                                                                                                                                           
00002367  CS_getEnabledInterruptStatus                                                                                                                                                                                                                                                                 
0000219d  CS_getHSMCLK                                                                                                                                                                                                                                                                                 
00002361  CS_getInterruptStatus                                                                                                                                                                                                                                                                        
00002207  CS_getMCLK                                                                                                                                                                                                                                                                                   
000021e5  CS_getSMCLK                                                                                                                                                                                                                                                                                  
00001921  CS_initClockSignal                                                                                                                                                                                                                                                                           
000023a3  CS_registerInterrupt                                                                                                                                                                                                                                                                         
00002281  CS_resetFaultCounter                                                                                                                                                                                                                                                                         
00001d2d  CS_setDCOCenteredFrequency                                                                                                                                                                                                                                                                   
00001c99  CS_setDCOExternalResistorCalibration                                                                                                                                                                                                                                                         
00001fa9  CS_setDCOFrequency                                                                                                                                                                                                                                                                           
000018e5  CS_setExternalClockSourceFrequency                                                                                                                                                                                                                                                           
00001c4b  CS_setReferenceOscillatorFrequency                                                                                                                                                                                                                                                           
000022cd  CS_startFaultCounter                                                                                                                                                                                                                                                                         
00001a25  CS_startHFXT                                                                                                                                                                                                                                                                                 
00001a49  CS_startHFXTWithTimeout                                                                                                                                                                                                                                                                      
00001b0d  CS_startLFXT                                                                                                                                                                                                                                                                                 
00001b31  CS_startLFXTWithTimeout                                                                                                                                                                                                                                                                      
00001d65  CS_tuneDCOFrequency                                                                                                                                                                                                                                                                          
000023b7  CS_unregisterInterrupt                                                                                                                                                                                                                                                                       
00006c39  DMA_ERR_IRQHandler                                                                                                                                                                                                                                                                           
00006c39  DMA_INT0_IRQHandler                                                                                                                                                                                                                                                                          
00006c39  DMA_INT1_IRQHandler                                                                                                                                                                                                                                                                          
00006c39  DMA_INT2_IRQHandler                                                                                                                                                                                                                                                                          
00006c39  DMA_INT3_IRQHandler                                                                                                                                                                                                                                                                          
00006c39  DebugMon_Handler                                                                                                                                                                                                                                                                             
00006c39  Default_Handler                                                                                                                                                                                                                                                                              
00004d85  EUSCIA0_IRQHandler                                                                                                                                                                                                                                                                           
00004d85  EUSCIA0_IRQHandler                                                                                                                                                                                                                                                                           
00006c39  EUSCIA1_IRQHandler                                                                                                                                                                                                                                                                           
00006c39  EUSCIA2_IRQHandler                                                                                                                                                                                                                                                                           
00006c39  EUSCIA3_IRQHandler                                                                                                                                                                                                                                                                           
00006c39  EUSCIB0_IRQHandler                                                                                                                                                                                                                                                                           
00006c39  EUSCIB1_IRQHandler                                                                                                                                                                                                                                                                           
00006c39  EUSCIB2_IRQHandler                                                                                                                                                                                                                                                                           
00006c39  EUSCIB3_IRQHandler                                                                                                                                                                                                                                                                           
00006c39  FLCTL_IRQHandler                                                                                                                                                                                                                                                                             
00006c39  FPU_IRQHandler                                                                                                                                                                                                                                                                               
00005867  FPU_disableModule                                                                                                                                                                                                                                                                            
00005893  FPU_disableStacking                                                                                                                                                                                                                                                                          
00005887  FPU_enableLazyStacking                                                                                                                                                                                                                                                                       
00005855  FPU_enableModule                                                                                                                                                                                                                                                                             
00005875  FPU_enableStacking                                                                                                                                                                                                                                                                           
000058d3  FPU_setFlushToZeroMode                                                                                                                                                                                                                                                                       
0000589f  FPU_setHalfPrecisionMode                                                                                                                                                                                                                                                                     
000058b9  FPU_setNaNMode                                                                                                                                                                                                                                                                               
000058ed  FPU_setRoundingMode                                                                                                                                                                                                                                                                          
0000112f  FlashCtl_clearInterruptFlag                                                                                                                                                                                                                                                                  
00000ff3  FlashCtl_clearProgramVerification                                                                                                                                                                                                                                                            
00001105  FlashCtl_disableInterrupt                                                                                                                                                                                                                                                                    
00000661  FlashCtl_disableReadBuffering                                                                                                                                                                                                                                                                
0000105d  FlashCtl_disableWordProgramming                                                                                                                                                                                                                                                              
000010f1  FlashCtl_enableInterrupt                                                                                                                                                                                                                                                                     
0000060d  FlashCtl_enableReadBuffering                                                                                                                                                                                                                                                                 
0000102d  FlashCtl_enableWordProgramming                                                                                                                                                                                                                                                               
00000c8d  FlashCtl_eraseSector                                                                                                                                                                                                                                                                         
0000111f  FlashCtl_getEnabledInterruptStatus                                                                                                                                                                                                                                                           
00001119  FlashCtl_getInterruptStatus                                                                                                                                                                                                                                                                  
0000028f  FlashCtl_getMemoryInfo                                                                                                                                                                                                                                                                       
00000af1  FlashCtl_getReadMode                                                                                                                                                                                                                                                                         
000010c3  FlashCtl_getWaitState                                                                                                                                                                                                                                                                        
00000b1b  FlashCtl_initiateMassErase                                                                                                                                                                                                                                                                   
00000db1  FlashCtl_initiateSectorErase                                                                                                                                                                                                                                                                 
00000791  FlashCtl_isSectorProtected                                                                                                                                                                                                                                                                   
00001069  FlashCtl_isWordProgrammingEnabled                                                                                                                                                                                                                                                            
00000b41  FlashCtl_performMassErase                                                                                                                                                                                                                                                                    
00000e49  FlashCtl_programMemory                                                                                                                                                                                                                                                                       
00000731  FlashCtl_protectSector                                                                                                                                                                                                                                                                       
00001143  FlashCtl_registerInterrupt                                                                                                                                                                                                                                                                   
00000fb9  FlashCtl_setProgramVerification                                                                                                                                                                                                                                                              
00000a85  FlashCtl_setReadMode                                                                                                                                                                                                                                                                         
00001085  FlashCtl_setWaitState                                                                                                                                                                                                                                                                        
000006c1  FlashCtl_unprotectSector                                                                                                                                                                                                                                                                     
[...]
00006daf  _ZNSt3__27forwardINS_22__tree_node_destructorINS_9allocatorINS_11__tree_nodeINS_12__value_typeIi13sensor_structEEPvEEEEEEEEOT_RNS_16remove_referenceISB_E4typeE                                                                                                                              
00006dbb  _ZNSt3__27forwardINS_5tupleIJEEEEEOT_RNS_16remove_referenceIS3_E4typeE                                                                                                                                                                                                                       
00006dc7  _ZNSt3__27forwardINS_5tupleIJOiEEEEEOT_RNS_16remove_referenceIS4_E4typeE                                                                                                                                                                                                                     
00006dd3  _ZNSt3__27forwardINS_5tupleIJRKiEEEEEOT_RNS_16remove_referenceIS5_E4typeE                                                                                                                                                                                                                    
00006ddf  _ZNSt3__27forwardIOiEEOT_RNS_16remove_referenceIS2_E4typeE                                                                                                                                                                                                                                   
00006deb  _ZNSt3__27forwardIPNS_11__tree_nodeINS_12__value_typeIi13sensor_structEEPvEEEEOT_RNS_16remove_referenceIS8_E4typeE                                                                                                                                                                           
00006df7  _ZNSt3__27forwardIRKNS_19__map_value_compareIiNS_12__value_typeIi13sensor_structEENS_4lessIiEELb1EEEEEOT_RNS_16remove_referenceISA_E4typeE                                                                                                                                                   
00006e03  _ZNSt3__27forwardIRKNS_21piecewise_construct_tEEEOT_RNS_16remove_referenceIS4_E4typeE                                                                                                                                                                                                        
00006e0f  _ZNSt3__27forwardIRKiEEOT_RNS_16remove_referenceIS3_E4typeE                                                                                                                                                                                                                                  
00006e1b  _ZNSt3__27forwardIRPNS_11__tree_nodeINS_12__value_typeIi13sensor_structEEPvEEEEOT_RNS_16remove_referenceIS9_E4typeE                                                                                                                                                                          
00006e27  _ZNSt3__27forwardIRbEEOT_RNS_16remove_referenceIS2_E4typeE                                                                                                                                                                                                                                   
00006e33  _ZNSt3__27forwardIiEEOT_RNS_16remove_referenceIS1_E4typeE                                                                                                                                                                                                                                    
00006e3f  _ZNSt3__29addressofINS_12__value_typeIi13sensor_structEEEEPT_RS4_                                                                                                                                                                                                                            
00006e4b  _ZNSt3__29addressofINS_15__tree_end_nodeIPNS_16__tree_node_baseIPvEEEEEEPT_RS7_                                                                                                                                                                                                              
00006e57  _ZNSt3__29addressofINS_4pairIKi13sensor_structEEEEPT_RS5_                                                                                                                                                                                                                                    
00006e63  _ZNSt3__29addressofIPNS_16__tree_node_baseIPvEEEEPT_RS5_                                                                                                                                                                                                                                     
00006e6f  _ZNSt3__29allocatorINS_11__tree_nodeINS_12__value_typeIi13sensor_structEEPvEEEC1Ev                                                                                                                                                                                                           
00006e7b  _ZNSt3__29allocatorINS_11__tree_nodeINS_12__value_typeIi13sensor_structEEPvEEEC2Ev                                                                                                                                                                                                           
00006e89  _ZSt15get_new_handlerv                                                                                                                                                                                                                                                                       
00006e95  __cxa_guard_acquire                                                                                                                                                                                                                                                                          
00006ea1  __cxa_ia64_exit                                                                                                                                                                                                                                                                              
00006ead  __TI_zero_init                                                                                                                                                                                                                                                                               
00006eb9  _ZNSt3__220__throw_length_errorEPKc                                                                                                                                                                                                                                                          
00006ec3  __cxa_guard_release                                                                                                                                                                                                                                                                          
00006ecd  _ZdlPv                                                                                                                                                                                                                                                                                       
00006ed5  _system_pre_init                                                                                                                                                                                                                                                                             
00006ed9  C$$EXIT                                                                                                                                                                                                                                                                                      
00006ed9  _ZSt17__throw_bad_allocv                                                                                                                                                                                                                                                                     
00006ed9  abort                                                                                                                                                                                                                                                                                        
00006fac  _ZZNSt3__29allocatorINS_11__tree_nodeINS_12__value_typeIi13sensor_structEEPvEEE8allocateEjPKvEs                                                                                                                                                                                              
00006ff0  uartConfig                                                                                                                                                                                                                                                                                   
00007050  controlTimerConfig                                                                                                                                                                                                                                                                           
00007068  sensorTimerConfig                                                                                                                                                                                                                                                                            
00007080  presAdc                                                                                                                                                                                                                                                                                      
0000714c  __TI_Handler_Table_Base                                                                                                                                                                                                                                                                      
00007158  __TI_Handler_Table_Limit                                                                                                                                                                                                                                                                     
00007168  __TI_CINIT_Base                                                                                                                                                                                                                                                                              
00007180  __TI_CINIT_Limit                                                                                                                                                                                                                                                                             
20000000  g_pfnRAMVectors                                                                                                                                                                                                                                                                              
200000e4  pres                                                                                                                                                                                                                                                                                         
20000580  uart_tx                                                                                                                                                                                                                                                                                      
2000067c  ctrl_params                                                                                                                                                                                                                                                                                  
200006bc  valves                                                                                                                                                                                                                                                                                       
20000714  __dso_handle                                                                                                                                                                                                                                                                                 
20000720  _sys_memory                                                                                                                                                                                                                                                                                  
20000b20  uart_rx                                                                                                                                                                                                                                                                                      
20000c8c  pres_des                                                                                                                                                                                                                                                                                     
20000c9c  __TI_cleanup_ptr                                                                                                                                                                                                                                                                             
20000ca0  __TI_dtors_ptr                                                                                                                                                                                                                                                                               
20000ca4  __TI_enable_exit_profile_output                                                                                                                                                                                                                                                              
20000cb4  sensorFlag                                                                                                                                                                                                                                                                                   
20000cb8  controlFlag                                                                                                                                                                                                                                                                                  
20000cbc  updateValuesFlag                                                                                                                                                                                                                                                                             
20000cc0  _lock                                                                                                                                                                                                                                                                                        
20000cc4  _unlock                                                                                                                                                                                                                                                                                      
20000cd0  SystemCoreClock                                                                                                                                                                                                                                                                              
2000fe00  __stack                                                                                                                                                                                                                                                                                      
20010000  __STACK_END                                                                                                                                                                                                                                                                                  
4000480c  WDTCTL_SYM                                                                                                                                                                                                                                                                                   
ffffffff  __TI_pprof_out_hndl                                                                                                                                                                                                                                                                          
ffffffff  __TI_prof_data_size                                                                                                                                                                                                                                                                          
ffffffff  __TI_prof_data_start                                                                                                                                                                                                                                                                         
ffffffff  __binit__                                                                                                                                                                                                                                                                                    
ffffffff  __c_args__                                                                                                                                                                                                                                                                                   
ffffffff  binit                                                                                                                                                                                                                                                                                        
UNDEFED   __mpu_init                                                                                                                                                                                                                                                                                   
UNDEFED   _system_post_cinit                                                                                                                                                                                                                                                                           

[535 symbols]
